checkpoints/glue/sst2/20261004/glue.sst2.adapter.am_adapter.ao_sequential.fm_adapter.fo_sequential.abn.fbn.ac_add.fl_none.finit_bert.fs_1.unfrz_ef_.ne10.warm0.06.wd0.1.seed42.
10/04/2026 14:33:44 - WARNING - __main__ -   Process rank: -1, device: cuda:0, n_gpu: 1distributed training: False, 16-bits training: True
10/04/2026 14:33:44 - INFO - __main__ -   Training/evaluation parameters TrainingArguments(
_n_gpu=1,
adafactor=False,
adam_beta1=0.9,
adam_beta2=0.98,
adam_epsilon=1e-06,
dataloader_drop_last=False,
dataloader_num_workers=0,
dataloader_pin_memory=True,
ddp_find_unused_parameters=False,
debug=[],
deepspeed=None,
disable_tqdm=True,
do_eval=True,
do_predict=False,
do_train=True,
eval_accumulation_steps=None,
eval_steps=5000,
evaluation_strategy=IntervalStrategy.EPOCH,
fp16=True,
fp16_backend=auto,
fp16_full_eval=False,
fp16_opt_level=O1,
gradient_accumulation_steps=1,
greater_is_better=True,
group_by_length=False,
ignore_data_skip=False,
label_names=None,
label_smoothing_factor=0.0,
learning_rate=0.0001,
length_column_name=length,
load_best_model_at_end=True,
local_rank=-1,
log_level=-1,
log_level_replica=-1,
log_on_each_node=True,
logging_dir=checkpoints/glue/sst2/20261004/glue.sst2.adapter.am_adapter.ao_sequential.fm_adapter.fo_sequential.abn.fbn.ac_add.fl_none.finit_bert.fs_1.unfrz_ef_.ne10.warm0.06.wd0.1.seed42./runs/Oct04_14-33-43_j-12410940-job-0,
logging_first_step=False,
logging_steps=50,
logging_strategy=IntervalStrategy.STEPS,
lr_scheduler_type=SchedulerType.POLYNOMIAL,
max_grad_norm=1.0,
max_steps=-1,
metric_for_best_model=accuracy,
mp_parameters=,
no_cuda=False,
num_train_epochs=10.0,
output_dir=checkpoints/glue/sst2/20261004/glue.sst2.adapter.am_adapter.ao_sequential.fm_adapter.fo_sequential.abn.fbn.ac_add.fl_none.finit_bert.fs_1.unfrz_ef_.ne10.warm0.06.wd0.1.seed42.,
overwrite_output_dir=True,
past_index=-1,
per_device_eval_batch_size=32,
per_device_train_batch_size=32,
prediction_loss_only=False,
push_to_hub=False,
push_to_hub_model_id=glue.sst2.adapter.am_adapter.ao_sequential.fm_adapter.fo_sequential.abn.fbn.ac_add.fl_none.finit_bert.fs_1.unfrz_ef_.ne10.warm0.06.wd0.1.seed42.,
push_to_hub_organization=None,
push_to_hub_token=None,
remove_unused_columns=True,
report_to=[],
resume_from_checkpoint=None,
run_name=sst2.20261004.glue.sst2.adapter.am_adapter.ao_sequential.fm_adapter.fo_sequential.abn.fbn.ac_add.fl_none.finit_bert.fs_1.unfrz_ef_.ne10.warm0.06.wd0.1.seed42.,
save_steps=5000,
save_strategy=IntervalStrategy.EPOCH,
save_total_limit=2,
seed=42,
sharded_ddp=[],
skip_memory_metrics=True,
tpu_metrics_debug=False,
tpu_num_cores=None,
use_legacy_prediction_loop=False,
warmup_ratio=0.06,
warmup_steps=0,
weight_decay=0.1,
)
10/04/2026 14:33:44 - WARNING - datasets.builder -   Reusing dataset glue (checkpoints/hf_model/glue/sst2/1.0.0/dacbe3125aa31d7f70367a07a8a9e72a5a0bfeb5fc42e75c9db75b96da6053ad)
[INFO|configuration_utils.py:528] 2026-10-04 14:33:44,968 >> loading configuration file /work/unify-parameter-efficient-tuning/_setup/models/roberta-base/config.json
[INFO|configuration_utils.py:566] 2026-10-04 14:33:44,968 >> Model config RobertaConfig {
  "architectures": [
    "RobertaForMaskedLM"
  ],
  "attention_probs_dropout_prob": 0.1,
  "bos_token_id": 0,
  "eos_token_id": 2,
  "finetuning_task": "sst2",
  "gradient_checkpointing": false,
  "hidden_act": "gelu",
  "hidden_dropout_prob": 0.1,
  "hidden_size": 768,
  "initializer_range": 0.02,
  "intermediate_size": 3072,
  "layer_norm_eps": 1e-05,
  "max_position_embeddings": 514,
  "model_type": "roberta",
  "num_attention_heads": 12,
  "num_hidden_layers": 12,
  "pad_token_id": 1,
  "position_embedding_type": "absolute",
  "transformers_version": "4.9.0.dev0",
  "type_vocab_size": 1,
  "use_cache": true,
  "vocab_size": 50265
}

[INFO|tokenization_auto.py:427] 2026-10-04 14:33:44,969 >> Could not locate the tokenizer configuration file, will try to use the model config instead.
[INFO|configuration_utils.py:528] 2026-10-04 14:33:44,969 >> loading configuration file /work/unify-parameter-efficient-tuning/_setup/models/roberta-base/config.json
[INFO|configuration_utils.py:566] 2026-10-04 14:33:44,969 >> Model config RobertaConfig {
  "architectures": [
    "RobertaForMaskedLM"
  ],
  "attention_probs_dropout_prob": 0.1,
  "bos_token_id": 0,
  "eos_token_id": 2,
  "gradient_checkpointing": false,
  "hidden_act": "gelu",
  "hidden_dropout_prob": 0.1,
  "hidden_size": 768,
  "initializer_range": 0.02,
  "intermediate_size": 3072,
  "layer_norm_eps": 1e-05,
  "max_position_embeddings": 514,
  "model_type": "roberta",
  "num_attention_heads": 12,
  "num_hidden_layers": 12,
  "pad_token_id": 1,
  "position_embedding_type": "absolute",
  "transformers_version": "4.9.0.dev0",
  "type_vocab_size": 1,
  "use_cache": true,
  "vocab_size": 50265
}

[INFO|tokenization_utils_base.py:1651] 2026-10-04 14:33:44,969 >> Didn't find file /work/unify-parameter-efficient-tuning/_setup/models/roberta-base/added_tokens.json. We won't load it.
[INFO|tokenization_utils_base.py:1651] 2026-10-04 14:33:44,969 >> Didn't find file /work/unify-parameter-efficient-tuning/_setup/models/roberta-base/special_tokens_map.json. We won't load it.
[INFO|tokenization_utils_base.py:1651] 2026-10-04 14:33:44,969 >> Didn't find file /work/unify-parameter-efficient-tuning/_setup/models/roberta-base/tokenizer_config.json. We won't load it.
[INFO|tokenization_utils_base.py:1715] 2026-10-04 14:33:44,969 >> loading file /work/unify-parameter-efficient-tuning/_setup/models/roberta-base/vocab.json
[INFO|tokenization_utils_base.py:1715] 2026-10-04 14:33:44,969 >> loading file /work/unify-parameter-efficient-tuning/_setup/models/roberta-base/merges.txt
[INFO|tokenization_utils_base.py:1715] 2026-10-04 14:33:44,969 >> loading file /work/unify-parameter-efficient-tuning/_setup/models/roberta-base/tokenizer.json
[INFO|tokenization_utils_base.py:1715] 2026-10-04 14:33:44,969 >> loading file None
[INFO|tokenization_utils_base.py:1715] 2026-10-04 14:33:44,969 >> loading file None
[INFO|tokenization_utils_base.py:1715] 2026-10-04 14:33:44,969 >> loading file None
[INFO|modeling_utils.py:1159] 2026-10-04 14:33:45,005 >> loading weights file /work/unify-parameter-efficient-tuning/_setup/models/roberta-base/pytorch_model.bin
============================ init weights is called! ====================================
============================ init weights is called! ====================================
[WARNING|modeling_utils.py:1336] 2026-10-04 14:33:46,054 >> Some weights of the model checkpoint at /work/unify-parameter-efficient-tuning/_setup/models/roberta-base were not used when initializing RobertaForSequenceClassification: ['roberta.pooler.dense.weight', 'lm_head.dense.weight', 'lm_head.layer_norm.weight', 'lm_head.decoder.weight', 'lm_head.layer_norm.bias', 'roberta.pooler.dense.bias', 'lm_head.bias', 'lm_head.dense.bias']
- This IS expected if you are initializing RobertaForSequenceClassification from the checkpoint of a model trained on another task or with another architecture (e.g. initializing a BertForSequenceClassification model from a BertForPreTraining model).
- This IS NOT expected if you are initializing RobertaForSequenceClassification from the checkpoint of a model that you expect to be exactly identical (initializing a BertForSequenceClassification model from a BertForSequenceClassification model).
[WARNING|modeling_utils.py:1347] 2026-10-04 14:33:46,055 >> Some weights of RobertaForSequenceClassification were not initialized from the model checkpoint at /work/unify-parameter-efficient-tuning/_setup/models/roberta-base and are newly initialized: ['classifier.out_proj.weight', 'classifier.dense.weight', 'classifier.out_proj.bias', 'classifier.dense.bias']
You should probably TRAIN this model on a down-stream task to be able to use it for predictions and inference.
tune roberta.encoder.layer.0.attention.output.ef_attn_adapter.adapter_layer_norm_before.weight
tune roberta.encoder.layer.0.attention.output.ef_attn_adapter.adapter_layer_norm_before.bias
tune roberta.encoder.layer.0.attention.output.ef_attn_adapter.down_proj.weight
tune roberta.encoder.layer.0.attention.output.ef_attn_adapter.down_proj.bias
tune roberta.encoder.layer.0.attention.output.ef_attn_adapter.up_proj.weight
tune roberta.encoder.layer.0.attention.output.ef_attn_adapter.up_proj.bias
tune roberta.encoder.layer.0.output.ef_ffn_adapter.down_proj.weight
tune roberta.encoder.layer.0.output.ef_ffn_adapter.down_proj.bias
tune roberta.encoder.layer.0.output.ef_ffn_adapter.up_proj.weight
tune roberta.encoder.layer.0.output.ef_ffn_adapter.up_proj.bias
tune roberta.encoder.layer.1.attention.output.ef_attn_adapter.adapter_layer_norm_before.weight
tune roberta.encoder.layer.1.attention.output.ef_attn_adapter.adapter_layer_norm_before.bias
tune roberta.encoder.layer.1.attention.output.ef_attn_adapter.down_proj.weight
tune roberta.encoder.layer.1.attention.output.ef_attn_adapter.down_proj.bias
tune roberta.encoder.layer.1.attention.output.ef_attn_adapter.up_proj.weight
tune roberta.encoder.layer.1.attention.output.ef_attn_adapter.up_proj.bias
tune roberta.encoder.layer.1.output.ef_ffn_adapter.down_proj.weight
tune roberta.encoder.layer.1.output.ef_ffn_adapter.down_proj.bias
tune roberta.encoder.layer.1.output.ef_ffn_adapter.up_proj.weight
tune roberta.encoder.layer.1.output.ef_ffn_adapter.up_proj.bias
tune roberta.encoder.layer.2.attention.output.ef_attn_adapter.adapter_layer_norm_before.weight
tune roberta.encoder.layer.2.attention.output.ef_attn_adapter.adapter_layer_norm_before.bias
tune roberta.encoder.layer.2.attention.output.ef_attn_adapter.down_proj.weight
tune roberta.encoder.layer.2.attention.output.ef_attn_adapter.down_proj.bias
tune roberta.encoder.layer.2.attention.output.ef_attn_adapter.up_proj.weight
tune roberta.encoder.layer.2.attention.output.ef_attn_adapter.up_proj.bias
tune roberta.encoder.layer.2.output.ef_ffn_adapter.down_proj.weight
tune roberta.encoder.layer.2.output.ef_ffn_adapter.down_proj.bias
tune roberta.encoder.layer.2.output.ef_ffn_adapter.up_proj.weight
tune roberta.encoder.layer.2.output.ef_ffn_adapter.up_proj.bias
tune roberta.encoder.layer.3.attention.output.ef_attn_adapter.adapter_layer_norm_before.weight
tune roberta.encoder.layer.3.attention.output.ef_attn_adapter.adapter_layer_norm_before.bias
tune roberta.encoder.layer.3.attention.output.ef_attn_adapter.down_proj.weight
tune roberta.encoder.layer.3.attention.output.ef_attn_adapter.down_proj.bias
tune roberta.encoder.layer.3.attention.output.ef_attn_adapter.up_proj.weight
tune roberta.encoder.layer.3.attention.output.ef_attn_adapter.up_proj.bias
tune roberta.encoder.layer.3.output.ef_ffn_adapter.down_proj.weight
tune roberta.encoder.layer.3.output.ef_ffn_adapter.down_proj.bias
tune roberta.encoder.layer.3.output.ef_ffn_adapter.up_proj.weight
tune roberta.encoder.layer.3.output.ef_ffn_adapter.up_proj.bias
tune roberta.encoder.layer.4.attention.output.ef_attn_adapter.adapter_layer_norm_before.weight
tune roberta.encoder.layer.4.attention.output.ef_attn_adapter.adapter_layer_norm_before.bias
tune roberta.encoder.layer.4.attention.output.ef_attn_adapter.down_proj.weight
tune roberta.encoder.layer.4.attention.output.ef_attn_adapter.down_proj.bias
tune roberta.encoder.layer.4.attention.output.ef_attn_adapter.up_proj.weight
tune roberta.encoder.layer.4.attention.output.ef_attn_adapter.up_proj.bias
tune roberta.encoder.layer.4.output.ef_ffn_adapter.down_proj.weight
tune roberta.encoder.layer.4.output.ef_ffn_adapter.down_proj.bias
tune roberta.encoder.layer.4.output.ef_ffn_adapter.up_proj.weight
tune roberta.encoder.layer.4.output.ef_ffn_adapter.up_proj.bias
tune roberta.encoder.layer.5.attention.output.ef_attn_adapter.adapter_layer_norm_before.weight
tune roberta.encoder.layer.5.attention.output.ef_attn_adapter.adapter_layer_norm_before.bias
tune roberta.encoder.layer.5.attention.output.ef_attn_adapter.down_proj.weight
tune roberta.encoder.layer.5.attention.output.ef_attn_adapter.down_proj.bias
tune roberta.encoder.layer.5.attention.output.ef_attn_adapter.up_proj.weight
tune roberta.encoder.layer.5.attention.output.ef_attn_adapter.up_proj.bias
tune roberta.encoder.layer.5.output.ef_ffn_adapter.down_proj.weight
tune roberta.encoder.layer.5.output.ef_ffn_adapter.down_proj.bias
tune roberta.encoder.layer.5.output.ef_ffn_adapter.up_proj.weight
tune roberta.encoder.layer.5.output.ef_ffn_adapter.up_proj.bias
tune roberta.encoder.layer.6.attention.output.ef_attn_adapter.adapter_layer_norm_before.weight
tune roberta.encoder.layer.6.attention.output.ef_attn_adapter.adapter_layer_norm_before.bias
tune roberta.encoder.layer.6.attention.output.ef_attn_adapter.down_proj.weight
tune roberta.encoder.layer.6.attention.output.ef_attn_adapter.down_proj.bias
tune roberta.encoder.layer.6.attention.output.ef_attn_adapter.up_proj.weight
tune roberta.encoder.layer.6.attention.output.ef_attn_adapter.up_proj.bias
tune roberta.encoder.layer.6.output.ef_ffn_adapter.down_proj.weight
tune roberta.encoder.layer.6.output.ef_ffn_adapter.down_proj.bias
tune roberta.encoder.layer.6.output.ef_ffn_adapter.up_proj.weight
tune roberta.encoder.layer.6.output.ef_ffn_adapter.up_proj.bias
tune roberta.encoder.layer.7.attention.output.ef_attn_adapter.adapter_layer_norm_before.weight
tune roberta.encoder.layer.7.attention.output.ef_attn_adapter.adapter_layer_norm_before.bias
tune roberta.encoder.layer.7.attention.output.ef_attn_adapter.down_proj.weight
tune roberta.encoder.layer.7.attention.output.ef_attn_adapter.down_proj.bias
tune roberta.encoder.layer.7.attention.output.ef_attn_adapter.up_proj.weight
tune roberta.encoder.layer.7.attention.output.ef_attn_adapter.up_proj.bias
tune roberta.encoder.layer.7.output.ef_ffn_adapter.down_proj.weight
tune roberta.encoder.layer.7.output.ef_ffn_adapter.down_proj.bias
tune roberta.encoder.layer.7.output.ef_ffn_adapter.up_proj.weight
tune roberta.encoder.layer.7.output.ef_ffn_adapter.up_proj.bias
tune roberta.encoder.layer.8.attention.output.ef_attn_adapter.adapter_layer_norm_before.weight
tune roberta.encoder.layer.8.attention.output.ef_attn_adapter.adapter_layer_norm_before.bias
tune roberta.encoder.layer.8.attention.output.ef_attn_adapter.down_proj.weight
tune roberta.encoder.layer.8.attention.output.ef_attn_adapter.down_proj.bias
tune roberta.encoder.layer.8.attention.output.ef_attn_adapter.up_proj.weight
tune roberta.encoder.layer.8.attention.output.ef_attn_adapter.up_proj.bias
tune roberta.encoder.layer.8.output.ef_ffn_adapter.down_proj.weight
tune roberta.encoder.layer.8.output.ef_ffn_adapter.down_proj.bias
tune roberta.encoder.layer.8.output.ef_ffn_adapter.up_proj.weight
tune roberta.encoder.layer.8.output.ef_ffn_adapter.up_proj.bias
tune roberta.encoder.layer.9.attention.output.ef_attn_adapter.adapter_layer_norm_before.weight
tune roberta.encoder.layer.9.attention.output.ef_attn_adapter.adapter_layer_norm_before.bias
tune roberta.encoder.layer.9.attention.output.ef_attn_adapter.down_proj.weight
tune roberta.encoder.layer.9.attention.output.ef_attn_adapter.down_proj.bias
tune roberta.encoder.layer.9.attention.output.ef_attn_adapter.up_proj.weight
tune roberta.encoder.layer.9.attention.output.ef_attn_adapter.up_proj.bias
tune roberta.encoder.layer.9.output.ef_ffn_adapter.down_proj.weight
tune roberta.encoder.layer.9.output.ef_ffn_adapter.down_proj.bias
tune roberta.encoder.layer.9.output.ef_ffn_adapter.up_proj.weight
tune roberta.encoder.layer.9.output.ef_ffn_adapter.up_proj.bias
tune roberta.encoder.layer.10.attention.output.ef_attn_adapter.adapter_layer_norm_before.weight
tune roberta.encoder.layer.10.attention.output.ef_attn_adapter.adapter_layer_norm_before.bias
tune roberta.encoder.layer.10.attention.output.ef_attn_adapter.down_proj.weight
tune roberta.encoder.layer.10.attention.output.ef_attn_adapter.down_proj.bias
tune roberta.encoder.layer.10.attention.output.ef_attn_adapter.up_proj.weight
tune roberta.encoder.layer.10.attention.output.ef_attn_adapter.up_proj.bias
tune roberta.encoder.layer.10.output.ef_ffn_adapter.down_proj.weight
tune roberta.encoder.layer.10.output.ef_ffn_adapter.down_proj.bias
tune roberta.encoder.layer.10.output.ef_ffn_adapter.up_proj.weight
tune roberta.encoder.layer.10.output.ef_ffn_adapter.up_proj.bias
tune roberta.encoder.layer.11.attention.output.ef_attn_adapter.adapter_layer_norm_before.weight
tune roberta.encoder.layer.11.attention.output.ef_attn_adapter.adapter_layer_norm_before.bias
tune roberta.encoder.layer.11.attention.output.ef_attn_adapter.down_proj.weight
tune roberta.encoder.layer.11.attention.output.ef_attn_adapter.down_proj.bias
tune roberta.encoder.layer.11.attention.output.ef_attn_adapter.up_proj.weight
tune roberta.encoder.layer.11.attention.output.ef_attn_adapter.up_proj.bias
tune roberta.encoder.layer.11.output.ef_ffn_adapter.down_proj.weight
tune roberta.encoder.layer.11.output.ef_ffn_adapter.down_proj.bias
tune roberta.encoder.layer.11.output.ef_ffn_adapter.up_proj.weight
tune roberta.encoder.layer.11.output.ef_ffn_adapter.up_proj.bias
10/04/2026 14:33:46 - WARNING - datasets.fingerprint -   Parameter 'function'=<function main.<locals>.preprocess_function at 0x7f10443c0160> of the transform datasets.arrow_dataset.Dataset._map_single couldn't be hashed properly, a random hash was used instead. Make sure your transforms and parameters are serializable with pickle or dill for the dataset fingerprinting and caching to work. If you reuse this transform, the caching mechanism will consider it to be different from the previous calls and recompute everything. This warning is only showed once. Subsequent hashing failures won't be showed.
10/04/2026 14:33:46 - WARNING - datasets.arrow_dataset -   Loading cached processed dataset at checkpoints/hf_model/glue/sst2/1.0.0/dacbe3125aa31d7f70367a07a8a9e72a5a0bfeb5fc42e75c9db75b96da6053ad/cache-1c80317fa3b1799d.arrow
10/04/2026 14:33:46 - WARNING - datasets.arrow_dataset -   Loading cached processed dataset at checkpoints/hf_model/glue/sst2/1.0.0/dacbe3125aa31d7f70367a07a8a9e72a5a0bfeb5fc42e75c9db75b96da6053ad/cache-bdd640fb06671ad1.arrow
10/04/2026 14:33:46 - WARNING - datasets.arrow_dataset -   Loading cached processed dataset at checkpoints/hf_model/glue/sst2/1.0.0/dacbe3125aa31d7f70367a07a8a9e72a5a0bfeb5fc42e75c9db75b96da6053ad/cache-3eb13b9046685257.arrow
10/04/2026 14:33:46 - INFO - __main__ -   Sample 29256 of the training set: {'attention_mask': [1, 1, 1, 1, 1, 1, 1, 1, 1, 1, 1, 1, 1], 'idx': 29256, 'input_ids': [0, 23702, 780, 8, 2156, 454, 5, 507, 1760, 2156, 1085, 1437, 2], 'label': 0, 'sentence': 'nothing special and , until the final act , nothing '}.
10/04/2026 14:33:46 - INFO - __main__ -   Sample 18289 of the training set: {'attention_mask': [1, 1, 1, 1, 1, 1, 1, 1, 1], 'idx': 18289, 'input_ids': [0, 102, 3251, 124, 7, 110, 6585, 1437, 2], 'label': 1, 'sentence': 'a journey back to your childhood '}.
10/04/2026 14:33:46 - INFO - __main__ -   Sample 13434 of the training set: {'attention_mask': [1, 1, 1, 1, 1, 1, 1, 1, 1, 1, 1, 1, 1, 1, 1, 1, 1, 1], 'idx': 13434, 'input_ids': [0, 102, 822, 14, 10200, 7, 465, 23657, 11, 5, 30863, 9, 63, 19167, 9360, 10486, 1437, 2], 'label': 1, 'sentence': 'a film that manages to find greatness in the hue of its drastic iconography '}.
[INFO|trainer.py:420] 2026-10-04 14:33:47,247 >> Using amp fp16 backend
/work/unify-parameter-efficient-tuning/src/transformers/trainer.py:430: FutureWarning: `torch.cuda.amp.GradScaler(args...)` is deprecated. Please use `torch.amp.GradScaler('cuda', args...)` instead.
  self.scaler = torch.cuda.amp.GradScaler()
[INFO|trainer.py:520] 2026-10-04 14:33:47,248 >> The following columns in the training set  don't have a corresponding argument in `PETLEncModel.forward` and have been ignored: sentence, idx.
[INFO|trainer.py:1183] 2026-10-04 14:33:48,033 >> ***** Running training *****
[INFO|trainer.py:1184] 2026-10-04 14:33:48,033 >>   Num examples = 67349
[INFO|trainer.py:1185] 2026-10-04 14:33:48,033 >>   Num Epochs = 10
[INFO|trainer.py:1186] 2026-10-04 14:33:48,033 >>   Instantaneous batch size per device = 32
[INFO|trainer.py:1187] 2026-10-04 14:33:48,033 >>   Total train batch size (w. parallel, distributed & accumulation) = 32
[INFO|trainer.py:1188] 2026-10-04 14:33:48,033 >>   Gradient Accumulation steps = 1
[INFO|trainer.py:1189] 2026-10-04 14:33:48,033 >>   Total optimization steps = 21050
/work/unify-parameter-efficient-tuning/src/transformers/trainer.py:1784: FutureWarning: `torch.cuda.amp.autocast(args...)` is deprecated. Please use `torch.amp.autocast('cuda', args...)` instead.
  with autocast():
{'loss': 0.6858, 'learning_rate': 3.9588281868566905e-06, 'epoch': 0.02}
{'loss': 0.6907, 'learning_rate': 7.917656373713381e-06, 'epoch': 0.05}
{'loss': 0.6879, 'learning_rate': 1.187648456057007e-05, 'epoch': 0.07}
{'loss': 0.6863, 'learning_rate': 1.5835312747426762e-05, 'epoch': 0.1}
{'loss': 0.6917, 'learning_rate': 1.9794140934283453e-05, 'epoch': 0.12}
{'loss': 0.6861, 'learning_rate': 2.375296912114014e-05, 'epoch': 0.14}
{'loss': 0.6914, 'learning_rate': 2.7711797307996832e-05, 'epoch': 0.17}
{'loss': 0.6841, 'learning_rate': 3.1670625494853524e-05, 'epoch': 0.19}
{'loss': 0.6787, 'learning_rate': 3.5629453681710215e-05, 'epoch': 0.21}
{'loss': 0.6571, 'learning_rate': 3.9588281868566906e-05, 'epoch': 0.24}
{'loss': 0.5103, 'learning_rate': 4.35471100554236e-05, 'epoch': 0.26}
{'loss': 0.4069, 'learning_rate': 4.750593824228028e-05, 'epoch': 0.29}
{'loss': 0.3751, 'learning_rate': 5.146476642913698e-05, 'epoch': 0.31}
{'loss': 0.3945, 'learning_rate': 5.5423594615993665e-05, 'epoch': 0.33}
{'loss': 0.3429, 'learning_rate': 5.9382422802850356e-05, 'epoch': 0.36}
{'loss': 0.3333, 'learning_rate': 6.334125098970705e-05, 'epoch': 0.38}
{'loss': 0.3243, 'learning_rate': 6.730007917656374e-05, 'epoch': 0.4}
{'loss': 0.3067, 'learning_rate': 7.125890736342043e-05, 'epoch': 0.43}
{'loss': 0.3031, 'learning_rate': 7.521773555027712e-05, 'epoch': 0.45}
{'loss': 0.3238, 'learning_rate': 7.917656373713381e-05, 'epoch': 0.48}
{'loss': 0.2931, 'learning_rate': 8.31353919239905e-05, 'epoch': 0.5}
{'loss': 0.2706, 'learning_rate': 8.70942201108472e-05, 'epoch': 0.52}
{'loss': 0.2794, 'learning_rate': 9.105304829770389e-05, 'epoch': 0.55}
{'loss': 0.2722, 'learning_rate': 9.501187648456056e-05, 'epoch': 0.57}
{'loss': 0.2937, 'learning_rate': 9.897070467141727e-05, 'epoch': 0.59}
{'loss': 0.2526, 'learning_rate': 9.981319553242028e-05, 'epoch': 0.62}
{'loss': 0.2439, 'learning_rate': 9.956075706271795e-05, 'epoch': 0.64}
{'loss': 0.2624, 'learning_rate': 9.930831859301562e-05, 'epoch': 0.67}
{'loss': 0.284, 'learning_rate': 9.905588012331329e-05, 'epoch': 0.69}
{'loss': 0.2637, 'learning_rate': 9.880344165361096e-05, 'epoch': 0.71}
{'loss': 0.2625, 'learning_rate': 9.855100318390863e-05, 'epoch': 0.74}
{'loss': 0.2562, 'learning_rate': 9.82985647142063e-05, 'epoch': 0.76}
{'loss': 0.2774, 'learning_rate': 9.804612624450398e-05, 'epoch': 0.78}
{'loss': 0.245, 'learning_rate': 9.779368777480165e-05, 'epoch': 0.81}
{'loss': 0.2685, 'learning_rate': 9.75412493050993e-05, 'epoch': 0.83}
{'loss': 0.2199, 'learning_rate': 9.728881083539697e-05, 'epoch': 0.86}
{'loss': 0.2547, 'learning_rate': 9.703637236569466e-05, 'epoch': 0.88}
{'loss': 0.2568, 'learning_rate': 9.678393389599233e-05, 'epoch': 0.9}
{'loss': 0.252, 'learning_rate': 9.653149542629e-05, 'epoch': 0.93}
{'loss': 0.2522, 'learning_rate': 9.627905695658767e-05, 'epoch': 0.95}
{'loss': 0.2653, 'learning_rate': 9.603166725627938e-05, 'epoch': 0.97}
{'loss': 0.2447, 'learning_rate': 9.577922878657705e-05, 'epoch': 1.0}
[INFO|trainer.py:520] 2026-10-04 14:34:28,029 >> The following columns in the evaluation set  don't have a corresponding argument in `PETLEncModel.forward` and have been ignored: sentence, idx.
[INFO|trainer.py:2179] 2026-10-04 14:34:28,030 >> ***** Running Evaluation *****
[INFO|trainer.py:2181] 2026-10-04 14:34:28,030 >>   Num examples = 872
[INFO|trainer.py:2184] 2026-10-04 14:34:28,030 >>   Batch size = 32
{'eval_loss': 0.19132475554943085, 'eval_accuracy': 0.9311926605504587, 'eval_runtime': 0.5392, 'eval_samples_per_second': 1617.307, 'eval_steps_per_second': 51.932, 'epoch': 1.0}
[INFO|trainer.py:1933] 2026-10-04 14:34:28,570 >> Saving model checkpoint to checkpoints/glue/sst2/20261004/glue.sst2.adapter.am_adapter.ao_sequential.fm_adapter.fo_sequential.abn.fbn.ac_add.fl_none.finit_bert.fs_1.unfrz_ef_.ne10.warm0.06.wd0.1.seed42./checkpoint-2105
[INFO|configuration_utils.py:364] 2026-10-04 14:34:28,572 >> Configuration saved in checkpoints/glue/sst2/20261004/glue.sst2.adapter.am_adapter.ao_sequential.fm_adapter.fo_sequential.abn.fbn.ac_add.fl_none.finit_bert.fs_1.unfrz_ef_.ne10.warm0.06.wd0.1.seed42./checkpoint-2105/config.json
[INFO|modeling_utils.py:898] 2026-10-04 14:34:28,842 >> Model weights saved in checkpoints/glue/sst2/20261004/glue.sst2.adapter.am_adapter.ao_sequential.fm_adapter.fo_sequential.abn.fbn.ac_add.fl_none.finit_bert.fs_1.unfrz_ef_.ne10.warm0.06.wd0.1.seed42./checkpoint-2105/pytorch_model.bin
[INFO|tokenization_utils_base.py:1948] 2026-10-04 14:34:28,843 >> tokenizer config file saved in checkpoints/glue/sst2/20261004/glue.sst2.adapter.am_adapter.ao_sequential.fm_adapter.fo_sequential.abn.fbn.ac_add.fl_none.finit_bert.fs_1.unfrz_ef_.ne10.warm0.06.wd0.1.seed42./checkpoint-2105/tokenizer_config.json
[INFO|tokenization_utils_base.py:1954] 2026-10-04 14:34:28,844 >> Special tokens file saved in checkpoints/glue/sst2/20261004/glue.sst2.adapter.am_adapter.ao_sequential.fm_adapter.fo_sequential.abn.fbn.ac_add.fl_none.finit_bert.fs_1.unfrz_ef_.ne10.warm0.06.wd0.1.seed42./checkpoint-2105/special_tokens_map.json
/work/unify-parameter-efficient-tuning/src/transformers/trainer.py:1784: FutureWarning: `torch.cuda.amp.autocast(args...)` is deprecated. Please use `torch.amp.autocast('cuda', args...)` instead.
  with autocast():
{'loss': 0.2296, 'learning_rate': 9.552679031687472e-05, 'epoch': 1.02}
{'loss': 0.2235, 'learning_rate': 9.527435184717239e-05, 'epoch': 1.05}
{'loss': 0.2127, 'learning_rate': 9.502191337747006e-05, 'epoch': 1.07}
{'loss': 0.2479, 'learning_rate': 9.476947490776773e-05, 'epoch': 1.09}
{'loss': 0.2422, 'learning_rate': 9.45170364380654e-05, 'epoch': 1.12}
{'loss': 0.256, 'learning_rate': 9.426459796836308e-05, 'epoch': 1.14}
{'loss': 0.2267, 'learning_rate': 9.401215949866073e-05, 'epoch': 1.16}
{'loss': 0.2318, 'learning_rate': 9.37597210289584e-05, 'epoch': 1.19}
{'loss': 0.246, 'learning_rate': 9.350728255925609e-05, 'epoch': 1.21}
{'loss': 0.2216, 'learning_rate': 9.325484408955376e-05, 'epoch': 1.24}
{'loss': 0.2137, 'learning_rate': 9.300240561985143e-05, 'epoch': 1.26}
{'loss': 0.223, 'learning_rate': 9.27499671501491e-05, 'epoch': 1.28}
{'loss': 0.2302, 'learning_rate': 9.249752868044676e-05, 'epoch': 1.31}
{'loss': 0.2315, 'learning_rate': 9.224509021074443e-05, 'epoch': 1.33}
{'loss': 0.222, 'learning_rate': 9.19926517410421e-05, 'epoch': 1.35}
{'loss': 0.2214, 'learning_rate': 9.174021327133977e-05, 'epoch': 1.38}
{'loss': 0.1966, 'learning_rate': 9.148777480163744e-05, 'epoch': 1.4}
{'loss': 0.2221, 'learning_rate': 9.123533633193512e-05, 'epoch': 1.43}
{'loss': 0.224, 'learning_rate': 9.098289786223278e-05, 'epoch': 1.45}
{'loss': 0.2264, 'learning_rate': 9.073045939253045e-05, 'epoch': 1.47}
{'loss': 0.223, 'learning_rate': 9.047802092282812e-05, 'epoch': 1.5}
{'loss': 0.1973, 'learning_rate': 9.02255824531258e-05, 'epoch': 1.52}
{'loss': 0.2069, 'learning_rate': 8.997314398342346e-05, 'epoch': 1.54}
{'loss': 0.2169, 'learning_rate': 8.972070551372114e-05, 'epoch': 1.57}
{'loss': 0.2295, 'learning_rate': 8.94682670440188e-05, 'epoch': 1.59}
{'loss': 0.2167, 'learning_rate': 8.921582857431648e-05, 'epoch': 1.62}
{'loss': 0.1913, 'learning_rate': 8.896339010461415e-05, 'epoch': 1.64}
{'loss': 0.2232, 'learning_rate': 8.871095163491182e-05, 'epoch': 1.66}
{'loss': 0.2085, 'learning_rate': 8.845851316520949e-05, 'epoch': 1.69}
{'loss': 0.2042, 'learning_rate': 8.820607469550716e-05, 'epoch': 1.71}
{'loss': 0.2261, 'learning_rate': 8.795363622580483e-05, 'epoch': 1.73}
{'loss': 0.2346, 'learning_rate': 8.770119775610249e-05, 'epoch': 1.76}
{'loss': 0.2422, 'learning_rate': 8.744875928640016e-05, 'epoch': 1.78}
{'loss': 0.2302, 'learning_rate': 8.719632081669783e-05, 'epoch': 1.81}
{'loss': 0.2129, 'learning_rate': 8.69438823469955e-05, 'epoch': 1.83}
{'loss': 0.223, 'learning_rate': 8.669144387729318e-05, 'epoch': 1.85}
{'loss': 0.2292, 'learning_rate': 8.643900540759084e-05, 'epoch': 1.88}
{'loss': 0.1944, 'learning_rate': 8.618656693788851e-05, 'epoch': 1.9}
{'loss': 0.2221, 'learning_rate': 8.593412846818618e-05, 'epoch': 1.92}
{'loss': 0.2289, 'learning_rate': 8.568168999848385e-05, 'epoch': 1.95}
{'loss': 0.1954, 'learning_rate': 8.542925152878153e-05, 'epoch': 1.97}
{'loss': 0.2192, 'learning_rate': 8.518186182847325e-05, 'epoch': 2.0}
[INFO|trainer.py:520] 2026-10-04 14:35:13,505 >> The following columns in the evaluation set  don't have a corresponding argument in `PETLEncModel.forward` and have been ignored: sentence, idx.
[INFO|trainer.py:2179] 2026-10-04 14:35:13,507 >> ***** Running Evaluation *****
[INFO|trainer.py:2181] 2026-10-04 14:35:13,507 >>   Num examples = 872
[INFO|trainer.py:2184] 2026-10-04 14:35:13,507 >>   Batch size = 32
{'eval_loss': 0.19006970524787903, 'eval_accuracy': 0.9369266055045872, 'eval_runtime': 0.2968, 'eval_samples_per_second': 2937.895, 'eval_steps_per_second': 94.336, 'epoch': 2.0}
[INFO|trainer.py:1933] 2026-10-04 14:35:13,804 >> Saving model checkpoint to checkpoints/glue/sst2/20261004/glue.sst2.adapter.am_adapter.ao_sequential.fm_adapter.fo_sequential.abn.fbn.ac_add.fl_none.finit_bert.fs_1.unfrz_ef_.ne10.warm0.06.wd0.1.seed42./checkpoint-4210
[INFO|configuration_utils.py:364] 2026-10-04 14:35:13,806 >> Configuration saved in checkpoints/glue/sst2/20261004/glue.sst2.adapter.am_adapter.ao_sequential.fm_adapter.fo_sequential.abn.fbn.ac_add.fl_none.finit_bert.fs_1.unfrz_ef_.ne10.warm0.06.wd0.1.seed42./checkpoint-4210/config.json
[INFO|modeling_utils.py:898] 2026-10-04 14:35:14,187 >> Model weights saved in checkpoints/glue/sst2/20261004/glue.sst2.adapter.am_adapter.ao_sequential.fm_adapter.fo_sequential.abn.fbn.ac_add.fl_none.finit_bert.fs_1.unfrz_ef_.ne10.warm0.06.wd0.1.seed42./checkpoint-4210/pytorch_model.bin
[INFO|tokenization_utils_base.py:1948] 2026-10-04 14:35:14,189 >> tokenizer config file saved in checkpoints/glue/sst2/20261004/glue.sst2.adapter.am_adapter.ao_sequential.fm_adapter.fo_sequential.abn.fbn.ac_add.fl_none.finit_bert.fs_1.unfrz_ef_.ne10.warm0.06.wd0.1.seed42./checkpoint-4210/tokenizer_config.json
[INFO|tokenization_utils_base.py:1954] 2026-10-04 14:35:14,195 >> Special tokens file saved in checkpoints/glue/sst2/20261004/glue.sst2.adapter.am_adapter.ao_sequential.fm_adapter.fo_sequential.abn.fbn.ac_add.fl_none.finit_bert.fs_1.unfrz_ef_.ne10.warm0.06.wd0.1.seed42./checkpoint-4210/special_tokens_map.json
/work/unify-parameter-efficient-tuning/src/transformers/trainer.py:1784: FutureWarning: `torch.cuda.amp.autocast(args...)` is deprecated. Please use `torch.amp.autocast('cuda', args...)` instead.
  with autocast():
{'loss': 0.1855, 'learning_rate': 8.492942335877092e-05, 'epoch': 2.02}
{'loss': 0.2033, 'learning_rate': 8.467698488906859e-05, 'epoch': 2.04}
{'loss': 0.185, 'learning_rate': 8.442454641936626e-05, 'epoch': 2.07}
{'loss': 0.2054, 'learning_rate': 8.417210794966392e-05, 'epoch': 2.09}
{'loss': 0.1711, 'learning_rate': 8.391966947996159e-05, 'epoch': 2.11}
{'loss': 0.1959, 'learning_rate': 8.366723101025927e-05, 'epoch': 2.14}
{'loss': 0.1999, 'learning_rate': 8.341479254055694e-05, 'epoch': 2.16}
{'loss': 0.1997, 'learning_rate': 8.316235407085461e-05, 'epoch': 2.19}
{'loss': 0.1867, 'learning_rate': 8.290991560115228e-05, 'epoch': 2.21}
{'loss': 0.221, 'learning_rate': 8.265747713144994e-05, 'epoch': 2.23}
{'loss': 0.203, 'learning_rate': 8.240503866174761e-05, 'epoch': 2.26}
{'loss': 0.1962, 'learning_rate': 8.215260019204528e-05, 'epoch': 2.28}
{'loss': 0.2017, 'learning_rate': 8.190016172234295e-05, 'epoch': 2.3}
{'loss': 0.1923, 'learning_rate': 8.164772325264062e-05, 'epoch': 2.33}
{'loss': 0.1907, 'learning_rate': 8.140033355233235e-05, 'epoch': 2.35}
{'loss': 0.1862, 'learning_rate': 8.114789508263002e-05, 'epoch': 2.38}
{'loss': 0.2074, 'learning_rate': 8.089545661292769e-05, 'epoch': 2.4}
{'loss': 0.1921, 'learning_rate': 8.064301814322535e-05, 'epoch': 2.42}
{'loss': 0.2033, 'learning_rate': 8.039057967352302e-05, 'epoch': 2.45}
{'loss': 0.1758, 'learning_rate': 8.013814120382069e-05, 'epoch': 2.47}
{'loss': 0.1861, 'learning_rate': 7.988570273411836e-05, 'epoch': 2.49}
{'loss': 0.1983, 'learning_rate': 7.963326426441604e-05, 'epoch': 2.52}
{'loss': 0.1849, 'learning_rate': 7.938082579471371e-05, 'epoch': 2.54}
{'loss': 0.1923, 'learning_rate': 7.912838732501137e-05, 'epoch': 2.57}
{'loss': 0.1974, 'learning_rate': 7.887594885530904e-05, 'epoch': 2.59}
{'loss': 0.1932, 'learning_rate': 7.862351038560671e-05, 'epoch': 2.61}
{'loss': 0.201, 'learning_rate': 7.837107191590438e-05, 'epoch': 2.64}
{'loss': 0.1854, 'learning_rate': 7.811863344620207e-05, 'epoch': 2.66}
{'loss': 0.1927, 'learning_rate': 7.786619497649974e-05, 'epoch': 2.68}
{'loss': 0.1794, 'learning_rate': 7.76137565067974e-05, 'epoch': 2.71}
{'loss': 0.1941, 'learning_rate': 7.736131803709507e-05, 'epoch': 2.73}
{'loss': 0.1999, 'learning_rate': 7.710887956739274e-05, 'epoch': 2.76}
{'loss': 0.1854, 'learning_rate': 7.685644109769041e-05, 'epoch': 2.78}
{'loss': 0.188, 'learning_rate': 7.660400262798808e-05, 'epoch': 2.8}
{'loss': 0.1864, 'learning_rate': 7.635156415828575e-05, 'epoch': 2.83}
{'loss': 0.1961, 'learning_rate': 7.609912568858342e-05, 'epoch': 2.85}
{'loss': 0.1819, 'learning_rate': 7.584668721888108e-05, 'epoch': 2.87}
{'loss': 0.212, 'learning_rate': 7.559424874917875e-05, 'epoch': 2.9}
{'loss': 0.2043, 'learning_rate': 7.534181027947643e-05, 'epoch': 2.92}
{'loss': 0.2005, 'learning_rate': 7.50893718097741e-05, 'epoch': 2.95}
{'loss': 0.2045, 'learning_rate': 7.483693334007177e-05, 'epoch': 2.97}
{'loss': 0.1779, 'learning_rate': 7.458449487036944e-05, 'epoch': 2.99}
[INFO|trainer.py:520] 2026-10-04 14:35:58,290 >> The following columns in the evaluation set  don't have a corresponding argument in `PETLEncModel.forward` and have been ignored: sentence, idx.
[INFO|trainer.py:2179] 2026-10-04 14:35:58,291 >> ***** Running Evaluation *****
[INFO|trainer.py:2181] 2026-10-04 14:35:58,291 >>   Num examples = 872
[INFO|trainer.py:2184] 2026-10-04 14:35:58,291 >>   Batch size = 32
{'eval_loss': 0.18678785860538483, 'eval_accuracy': 0.9392201834862385, 'eval_runtime': 0.4687, 'eval_samples_per_second': 1860.297, 'eval_steps_per_second': 59.734, 'epoch': 3.0}
[INFO|trainer.py:1933] 2026-10-04 14:35:58,761 >> Saving model checkpoint to checkpoints/glue/sst2/20261004/glue.sst2.adapter.am_adapter.ao_sequential.fm_adapter.fo_sequential.abn.fbn.ac_add.fl_none.finit_bert.fs_1.unfrz_ef_.ne10.warm0.06.wd0.1.seed42./checkpoint-6315
[INFO|configuration_utils.py:364] 2026-10-04 14:35:58,762 >> Configuration saved in checkpoints/glue/sst2/20261004/glue.sst2.adapter.am_adapter.ao_sequential.fm_adapter.fo_sequential.abn.fbn.ac_add.fl_none.finit_bert.fs_1.unfrz_ef_.ne10.warm0.06.wd0.1.seed42./checkpoint-6315/config.json
[INFO|modeling_utils.py:898] 2026-10-04 14:35:59,079 >> Model weights saved in checkpoints/glue/sst2/20261004/glue.sst2.adapter.am_adapter.ao_sequential.fm_adapter.fo_sequential.abn.fbn.ac_add.fl_none.finit_bert.fs_1.unfrz_ef_.ne10.warm0.06.wd0.1.seed42./checkpoint-6315/pytorch_model.bin
[INFO|tokenization_utils_base.py:1948] 2026-10-04 14:35:59,081 >> tokenizer config file saved in checkpoints/glue/sst2/20261004/glue.sst2.adapter.am_adapter.ao_sequential.fm_adapter.fo_sequential.abn.fbn.ac_add.fl_none.finit_bert.fs_1.unfrz_ef_.ne10.warm0.06.wd0.1.seed42./checkpoint-6315/tokenizer_config.json
[INFO|tokenization_utils_base.py:1954] 2026-10-04 14:35:59,082 >> Special tokens file saved in checkpoints/glue/sst2/20261004/glue.sst2.adapter.am_adapter.ao_sequential.fm_adapter.fo_sequential.abn.fbn.ac_add.fl_none.finit_bert.fs_1.unfrz_ef_.ne10.warm0.06.wd0.1.seed42./checkpoint-6315/special_tokens_map.json
[INFO|trainer.py:2009] 2026-10-04 14:35:59,151 >> Deleting older checkpoint [checkpoints/glue/sst2/20261004/glue.sst2.adapter.am_adapter.ao_sequential.fm_adapter.fo_sequential.abn.fbn.ac_add.fl_none.finit_bert.fs_1.unfrz_ef_.ne10.warm0.06.wd0.1.seed42./checkpoint-2105] due to args.save_total_limit
/work/unify-parameter-efficient-tuning/src/transformers/trainer.py:1784: FutureWarning: `torch.cuda.amp.autocast(args...)` is deprecated. Please use `torch.amp.autocast('cuda', args...)` instead.
  with autocast():
{'loss': 0.1767, 'learning_rate': 7.43320564006671e-05, 'epoch': 3.02}
{'loss': 0.1686, 'learning_rate': 7.407961793096479e-05, 'epoch': 3.04}
{'loss': 0.1696, 'learning_rate': 7.382717946126246e-05, 'epoch': 3.06}
{'loss': 0.1839, 'learning_rate': 7.357474099156013e-05, 'epoch': 3.09}
{'loss': 0.1822, 'learning_rate': 7.33223025218578e-05, 'epoch': 3.11}
{'loss': 0.1911, 'learning_rate': 7.306986405215547e-05, 'epoch': 3.14}
{'loss': 0.1782, 'learning_rate': 7.281742558245313e-05, 'epoch': 3.16}
{'loss': 0.1834, 'learning_rate': 7.25649871127508e-05, 'epoch': 3.18}
{'loss': 0.1708, 'learning_rate': 7.231254864304847e-05, 'epoch': 3.21}
{'loss': 0.1835, 'learning_rate': 7.206011017334614e-05, 'epoch': 3.23}
{'loss': 0.1644, 'learning_rate': 7.180767170364381e-05, 'epoch': 3.25}
{'loss': 0.1821, 'learning_rate': 7.155523323394148e-05, 'epoch': 3.28}
{'loss': 0.1861, 'learning_rate': 7.130279476423915e-05, 'epoch': 3.3}
{'loss': 0.1629, 'learning_rate': 7.105035629453681e-05, 'epoch': 3.33}
{'loss': 0.203, 'learning_rate': 7.079791782483449e-05, 'epoch': 3.35}
{'loss': 0.1953, 'learning_rate': 7.054547935513216e-05, 'epoch': 3.37}
{'loss': 0.1483, 'learning_rate': 7.029304088542983e-05, 'epoch': 3.4}
{'loss': 0.1807, 'learning_rate': 7.00406024157275e-05, 'epoch': 3.42}
{'loss': 0.1799, 'learning_rate': 6.978816394602518e-05, 'epoch': 3.44}
{'loss': 0.167, 'learning_rate': 6.953572547632285e-05, 'epoch': 3.47}
{'loss': 0.1617, 'learning_rate': 6.928328700662052e-05, 'epoch': 3.49}
{'loss': 0.1777, 'learning_rate': 6.903084853691819e-05, 'epoch': 3.52}
{'loss': 0.1854, 'learning_rate': 6.877841006721586e-05, 'epoch': 3.54}
{'loss': 0.1622, 'learning_rate': 6.852597159751353e-05, 'epoch': 3.56}
{'loss': 0.1893, 'learning_rate': 6.82735331278112e-05, 'epoch': 3.59}
{'loss': 0.1775, 'learning_rate': 6.802109465810886e-05, 'epoch': 3.61}
{'loss': 0.1364, 'learning_rate': 6.776865618840653e-05, 'epoch': 3.63}
{'loss': 0.1781, 'learning_rate': 6.75162177187042e-05, 'epoch': 3.66}
{'loss': 0.16, 'learning_rate': 6.726377924900187e-05, 'epoch': 3.68}
{'loss': 0.1713, 'learning_rate': 6.701134077929954e-05, 'epoch': 3.71}
{'loss': 0.1886, 'learning_rate': 6.675890230959721e-05, 'epoch': 3.73}
{'loss': 0.1823, 'learning_rate': 6.650646383989488e-05, 'epoch': 3.75}
{'loss': 0.1779, 'learning_rate': 6.625402537019255e-05, 'epoch': 3.78}
{'loss': 0.1895, 'learning_rate': 6.600158690049022e-05, 'epoch': 3.8}
{'loss': 0.1785, 'learning_rate': 6.57491484307879e-05, 'epoch': 3.82}
{'loss': 0.1702, 'learning_rate': 6.549670996108558e-05, 'epoch': 3.85}
{'loss': 0.1665, 'learning_rate': 6.524427149138324e-05, 'epoch': 3.87}
{'loss': 0.1857, 'learning_rate': 6.49918330216809e-05, 'epoch': 3.9}
{'loss': 0.1777, 'learning_rate': 6.473939455197858e-05, 'epoch': 3.92}
{'loss': 0.1825, 'learning_rate': 6.448695608227625e-05, 'epoch': 3.94}
{'loss': 0.1675, 'learning_rate': 6.423451761257392e-05, 'epoch': 3.97}
{'loss': 0.1576, 'learning_rate': 6.398207914287159e-05, 'epoch': 3.99}
[INFO|trainer.py:520] 2026-10-04 14:36:48,498 >> The following columns in the evaluation set  don't have a corresponding argument in `PETLEncModel.forward` and have been ignored: sentence, idx.
[INFO|trainer.py:2179] 2026-10-04 14:36:48,500 >> ***** Running Evaluation *****
[INFO|trainer.py:2181] 2026-10-04 14:36:48,500 >>   Num examples = 872
[INFO|trainer.py:2184] 2026-10-04 14:36:48,500 >>   Batch size = 32
{'eval_loss': 0.20359119772911072, 'eval_accuracy': 0.9392201834862385, 'eval_runtime': 0.4411, 'eval_samples_per_second': 1977.036, 'eval_steps_per_second': 63.483, 'epoch': 4.0}
[INFO|trainer.py:1933] 2026-10-04 14:36:48,942 >> Saving model checkpoint to checkpoints/glue/sst2/20261004/glue.sst2.adapter.am_adapter.ao_sequential.fm_adapter.fo_sequential.abn.fbn.ac_add.fl_none.finit_bert.fs_1.unfrz_ef_.ne10.warm0.06.wd0.1.seed42./checkpoint-8420
[INFO|configuration_utils.py:364] 2026-10-04 14:36:48,943 >> Configuration saved in checkpoints/glue/sst2/20261004/glue.sst2.adapter.am_adapter.ao_sequential.fm_adapter.fo_sequential.abn.fbn.ac_add.fl_none.finit_bert.fs_1.unfrz_ef_.ne10.warm0.06.wd0.1.seed42./checkpoint-8420/config.json
[INFO|modeling_utils.py:898] 2026-10-04 14:36:49,214 >> Model weights saved in checkpoints/glue/sst2/20261004/glue.sst2.adapter.am_adapter.ao_sequential.fm_adapter.fo_sequential.abn.fbn.ac_add.fl_none.finit_bert.fs_1.unfrz_ef_.ne10.warm0.06.wd0.1.seed42./checkpoint-8420/pytorch_model.bin
[INFO|tokenization_utils_base.py:1948] 2026-10-04 14:36:49,215 >> tokenizer config file saved in checkpoints/glue/sst2/20261004/glue.sst2.adapter.am_adapter.ao_sequential.fm_adapter.fo_sequential.abn.fbn.ac_add.fl_none.finit_bert.fs_1.unfrz_ef_.ne10.warm0.06.wd0.1.seed42./checkpoint-8420/tokenizer_config.json
[INFO|tokenization_utils_base.py:1954] 2026-10-04 14:36:49,215 >> Special tokens file saved in checkpoints/glue/sst2/20261004/glue.sst2.adapter.am_adapter.ao_sequential.fm_adapter.fo_sequential.abn.fbn.ac_add.fl_none.finit_bert.fs_1.unfrz_ef_.ne10.warm0.06.wd0.1.seed42./checkpoint-8420/special_tokens_map.json
[INFO|trainer.py:2009] 2026-10-04 14:36:49,278 >> Deleting older checkpoint [checkpoints/glue/sst2/20261004/glue.sst2.adapter.am_adapter.ao_sequential.fm_adapter.fo_sequential.abn.fbn.ac_add.fl_none.finit_bert.fs_1.unfrz_ef_.ne10.warm0.06.wd0.1.seed42./checkpoint-4210] due to args.save_total_limit
/work/unify-parameter-efficient-tuning/src/transformers/trainer.py:1784: FutureWarning: `torch.cuda.amp.autocast(args...)` is deprecated. Please use `torch.amp.autocast('cuda', args...)` instead.
  with autocast():
{'loss': 0.1875, 'learning_rate': 6.372964067316926e-05, 'epoch': 4.01}
{'loss': 0.1643, 'learning_rate': 6.347720220346692e-05, 'epoch': 4.04}
{'loss': 0.1536, 'learning_rate': 6.322476373376459e-05, 'epoch': 4.06}
{'loss': 0.1577, 'learning_rate': 6.297232526406226e-05, 'epoch': 4.09}
{'loss': 0.1564, 'learning_rate': 6.271988679435993e-05, 'epoch': 4.11}
{'loss': 0.1518, 'learning_rate': 6.247249709405165e-05, 'epoch': 4.13}
{'loss': 0.1602, 'learning_rate': 6.222005862434932e-05, 'epoch': 4.16}
{'loss': 0.1785, 'learning_rate': 6.1967620154647e-05, 'epoch': 4.18}
{'loss': 0.1808, 'learning_rate': 6.171518168494466e-05, 'epoch': 4.2}
{'loss': 0.1757, 'learning_rate': 6.146274321524234e-05, 'epoch': 4.23}
{'loss': 0.1726, 'learning_rate': 6.121030474553999e-05, 'epoch': 4.25}
{'loss': 0.1819, 'learning_rate': 6.095786627583767e-05, 'epoch': 4.28}
{'loss': 0.1618, 'learning_rate': 6.0705427806135354e-05, 'epoch': 4.3}
{'loss': 0.1742, 'learning_rate': 6.045298933643302e-05, 'epoch': 4.32}
{'loss': 0.151, 'learning_rate': 6.020055086673069e-05, 'epoch': 4.35}
{'loss': 0.1523, 'learning_rate': 5.994811239702835e-05, 'epoch': 4.37}
{'loss': 0.1508, 'learning_rate': 5.969567392732604e-05, 'epoch': 4.39}
{'loss': 0.1565, 'learning_rate': 5.94432354576237e-05, 'epoch': 4.42}
{'loss': 0.1739, 'learning_rate': 5.919079698792137e-05, 'epoch': 4.44}
{'loss': 0.1787, 'learning_rate': 5.8938358518219036e-05, 'epoch': 4.47}
{'loss': 0.1933, 'learning_rate': 5.868592004851671e-05, 'epoch': 4.49}
{'loss': 0.1429, 'learning_rate': 5.843348157881438e-05, 'epoch': 4.51}
{'loss': 0.1375, 'learning_rate': 5.818104310911204e-05, 'epoch': 4.54}
{'loss': 0.1577, 'learning_rate': 5.792860463940971e-05, 'epoch': 4.56}
{'loss': 0.1675, 'learning_rate': 5.7676166169707376e-05, 'epoch': 4.58}
{'loss': 0.1921, 'learning_rate': 5.742372770000506e-05, 'epoch': 4.61}
{'loss': 0.1678, 'learning_rate': 5.7171289230302725e-05, 'epoch': 4.63}
{'loss': 0.1842, 'learning_rate': 5.691885076060038e-05, 'epoch': 4.66}
{'loss': 0.1909, 'learning_rate': 5.666641229089807e-05, 'epoch': 4.68}
{'loss': 0.1579, 'learning_rate': 5.6413973821195744e-05, 'epoch': 4.7}
{'loss': 0.1662, 'learning_rate': 5.616153535149341e-05, 'epoch': 4.73}
{'loss': 0.1497, 'learning_rate': 5.590909688179108e-05, 'epoch': 4.75}
{'loss': 0.1613, 'learning_rate': 5.565665841208875e-05, 'epoch': 4.77}
{'loss': 0.1479, 'learning_rate': 5.540421994238643e-05, 'epoch': 4.8}
{'loss': 0.1575, 'learning_rate': 5.515178147268409e-05, 'epoch': 4.82}
{'loss': 0.1648, 'learning_rate': 5.489934300298176e-05, 'epoch': 4.85}
{'loss': 0.1579, 'learning_rate': 5.464690453327943e-05, 'epoch': 4.87}
{'loss': 0.1689, 'learning_rate': 5.4394466063577096e-05, 'epoch': 4.89}
{'loss': 0.1451, 'learning_rate': 5.414202759387478e-05, 'epoch': 4.92}
{'loss': 0.1756, 'learning_rate': 5.388958912417244e-05, 'epoch': 4.94}
{'loss': 0.1793, 'learning_rate': 5.3637150654470115e-05, 'epoch': 4.96}
{'loss': 0.1438, 'learning_rate': 5.338471218476778e-05, 'epoch': 4.99}
[INFO|trainer.py:520] 2026-10-04 14:37:36,025 >> The following columns in the evaluation set  don't have a corresponding argument in `PETLEncModel.forward` and have been ignored: sentence, idx.
[INFO|trainer.py:2179] 2026-10-04 14:37:36,027 >> ***** Running Evaluation *****
[INFO|trainer.py:2181] 2026-10-04 14:37:36,027 >>   Num examples = 872
[INFO|trainer.py:2184] 2026-10-04 14:37:36,027 >>   Batch size = 32
{'eval_loss': 0.21011565625667572, 'eval_accuracy': 0.9369266055045872, 'eval_runtime': 0.4319, 'eval_samples_per_second': 2019.059, 'eval_steps_per_second': 64.832, 'epoch': 5.0}
[INFO|trainer.py:1933] 2026-10-04 14:37:36,459 >> Saving model checkpoint to checkpoints/glue/sst2/20261004/glue.sst2.adapter.am_adapter.ao_sequential.fm_adapter.fo_sequential.abn.fbn.ac_add.fl_none.finit_bert.fs_1.unfrz_ef_.ne10.warm0.06.wd0.1.seed42./checkpoint-10525
[INFO|configuration_utils.py:364] 2026-10-04 14:37:36,461 >> Configuration saved in checkpoints/glue/sst2/20261004/glue.sst2.adapter.am_adapter.ao_sequential.fm_adapter.fo_sequential.abn.fbn.ac_add.fl_none.finit_bert.fs_1.unfrz_ef_.ne10.warm0.06.wd0.1.seed42./checkpoint-10525/config.json
[INFO|modeling_utils.py:898] 2026-10-04 14:37:36,714 >> Model weights saved in checkpoints/glue/sst2/20261004/glue.sst2.adapter.am_adapter.ao_sequential.fm_adapter.fo_sequential.abn.fbn.ac_add.fl_none.finit_bert.fs_1.unfrz_ef_.ne10.warm0.06.wd0.1.seed42./checkpoint-10525/pytorch_model.bin
[INFO|tokenization_utils_base.py:1948] 2026-10-04 14:37:36,715 >> tokenizer config file saved in checkpoints/glue/sst2/20261004/glue.sst2.adapter.am_adapter.ao_sequential.fm_adapter.fo_sequential.abn.fbn.ac_add.fl_none.finit_bert.fs_1.unfrz_ef_.ne10.warm0.06.wd0.1.seed42./checkpoint-10525/tokenizer_config.json
[INFO|tokenization_utils_base.py:1954] 2026-10-04 14:37:36,716 >> Special tokens file saved in checkpoints/glue/sst2/20261004/glue.sst2.adapter.am_adapter.ao_sequential.fm_adapter.fo_sequential.abn.fbn.ac_add.fl_none.finit_bert.fs_1.unfrz_ef_.ne10.warm0.06.wd0.1.seed42./checkpoint-10525/special_tokens_map.json
[INFO|trainer.py:2009] 2026-10-04 14:37:36,775 >> Deleting older checkpoint [checkpoints/glue/sst2/20261004/glue.sst2.adapter.am_adapter.ao_sequential.fm_adapter.fo_sequential.abn.fbn.ac_add.fl_none.finit_bert.fs_1.unfrz_ef_.ne10.warm0.06.wd0.1.seed42./checkpoint-8420] due to args.save_total_limit
/work/unify-parameter-efficient-tuning/src/transformers/trainer.py:1784: FutureWarning: `torch.cuda.amp.autocast(args...)` is deprecated. Please use `torch.amp.autocast('cuda', args...)` instead.
  with autocast():
{'loss': 0.1654, 'learning_rate': 5.313227371506544e-05, 'epoch': 5.01}
{'loss': 0.158, 'learning_rate': 5.287983524536312e-05, 'epoch': 5.04}
{'loss': 0.1524, 'learning_rate': 5.2627396775660785e-05, 'epoch': 5.06}
{'loss': 0.1528, 'learning_rate': 5.237495830595846e-05, 'epoch': 5.08}
{'loss': 0.1535, 'learning_rate': 5.212251983625613e-05, 'epoch': 5.11}
{'loss': 0.1663, 'learning_rate': 5.1870081366553804e-05, 'epoch': 5.13}
{'loss': 0.1582, 'learning_rate': 5.161764289685147e-05, 'epoch': 5.15}
{'loss': 0.1666, 'learning_rate': 5.136520442714914e-05, 'epoch': 5.18}
{'loss': 0.1391, 'learning_rate': 5.1112765957446816e-05, 'epoch': 5.2}
{'loss': 0.1536, 'learning_rate': 5.086032748774449e-05, 'epoch': 5.23}
{'loss': 0.1425, 'learning_rate': 5.060788901804215e-05, 'epoch': 5.25}
{'loss': 0.1507, 'learning_rate': 5.0355450548339835e-05, 'epoch': 5.27}
{'loss': 0.1579, 'learning_rate': 5.010301207863749e-05, 'epoch': 5.3}
{'loss': 0.1409, 'learning_rate': 4.985057360893516e-05, 'epoch': 5.32}
{'loss': 0.1485, 'learning_rate': 4.9598135139232834e-05, 'epoch': 5.34}
{'loss': 0.1512, 'learning_rate': 4.93456966695305e-05, 'epoch': 5.37}
{'loss': 0.1412, 'learning_rate': 4.909325819982817e-05, 'epoch': 5.39}
{'loss': 0.1517, 'learning_rate': 4.884081973012584e-05, 'epoch': 5.42}
{'loss': 0.1721, 'learning_rate': 4.858838126042352e-05, 'epoch': 5.44}
{'loss': 0.1559, 'learning_rate': 4.833594279072119e-05, 'epoch': 5.46}
{'loss': 0.1622, 'learning_rate': 4.808350432101886e-05, 'epoch': 5.49}
{'loss': 0.1378, 'learning_rate': 4.783106585131652e-05, 'epoch': 5.51}
{'loss': 0.1584, 'learning_rate': 4.7578627381614193e-05, 'epoch': 5.53}
{'loss': 0.1833, 'learning_rate': 4.7326188911911864e-05, 'epoch': 5.56}
{'loss': 0.1466, 'learning_rate': 4.7073750442209535e-05, 'epoch': 5.58}
{'loss': 0.1567, 'learning_rate': 4.682636074190126e-05, 'epoch': 5.61}
{'loss': 0.1227, 'learning_rate': 4.657392227219892e-05, 'epoch': 5.63}
{'loss': 0.1377, 'learning_rate': 4.632148380249659e-05, 'epoch': 5.65}
{'loss': 0.1597, 'learning_rate': 4.606904533279426e-05, 'epoch': 5.68}
{'loss': 0.1817, 'learning_rate': 4.5816606863091934e-05, 'epoch': 5.7}
{'loss': 0.155, 'learning_rate': 4.55641683933896e-05, 'epoch': 5.72}
{'loss': 0.1586, 'learning_rate': 4.531172992368727e-05, 'epoch': 5.75}
{'loss': 0.1374, 'learning_rate': 4.5059291453984946e-05, 'epoch': 5.77}
{'loss': 0.162, 'learning_rate': 4.480685298428262e-05, 'epoch': 5.8}
{'loss': 0.1525, 'learning_rate': 4.455441451458029e-05, 'epoch': 5.82}
{'loss': 0.1472, 'learning_rate': 4.430197604487796e-05, 'epoch': 5.84}
{'loss': 0.1695, 'learning_rate': 4.404953757517562e-05, 'epoch': 5.87}
{'loss': 0.1605, 'learning_rate': 4.379709910547329e-05, 'epoch': 5.89}
{'loss': 0.1729, 'learning_rate': 4.3544660635770964e-05, 'epoch': 5.91}
{'loss': 0.1486, 'learning_rate': 4.329222216606863e-05, 'epoch': 5.94}
{'loss': 0.1477, 'learning_rate': 4.30397836963663e-05, 'epoch': 5.96}
{'loss': 0.1581, 'learning_rate': 4.2787345226663976e-05, 'epoch': 5.99}
[INFO|trainer.py:520] 2026-10-04 14:38:29,851 >> The following columns in the evaluation set  don't have a corresponding argument in `PETLEncModel.forward` and have been ignored: sentence, idx.
[INFO|trainer.py:2179] 2026-10-04 14:38:29,853 >> ***** Running Evaluation *****
[INFO|trainer.py:2181] 2026-10-04 14:38:29,853 >>   Num examples = 872
[INFO|trainer.py:2184] 2026-10-04 14:38:29,853 >>   Batch size = 32
{'eval_loss': 0.20454536378383636, 'eval_accuracy': 0.9403669724770642, 'eval_runtime': 0.6691, 'eval_samples_per_second': 1303.322, 'eval_steps_per_second': 41.85, 'epoch': 6.0}
[INFO|trainer.py:1933] 2026-10-04 14:38:30,523 >> Saving model checkpoint to checkpoints/glue/sst2/20261004/glue.sst2.adapter.am_adapter.ao_sequential.fm_adapter.fo_sequential.abn.fbn.ac_add.fl_none.finit_bert.fs_1.unfrz_ef_.ne10.warm0.06.wd0.1.seed42./checkpoint-12630
[INFO|configuration_utils.py:364] 2026-10-04 14:38:30,524 >> Configuration saved in checkpoints/glue/sst2/20261004/glue.sst2.adapter.am_adapter.ao_sequential.fm_adapter.fo_sequential.abn.fbn.ac_add.fl_none.finit_bert.fs_1.unfrz_ef_.ne10.warm0.06.wd0.1.seed42./checkpoint-12630/config.json
[INFO|modeling_utils.py:898] 2026-10-04 14:38:30,759 >> Model weights saved in checkpoints/glue/sst2/20261004/glue.sst2.adapter.am_adapter.ao_sequential.fm_adapter.fo_sequential.abn.fbn.ac_add.fl_none.finit_bert.fs_1.unfrz_ef_.ne10.warm0.06.wd0.1.seed42./checkpoint-12630/pytorch_model.bin
[INFO|tokenization_utils_base.py:1948] 2026-10-04 14:38:30,760 >> tokenizer config file saved in checkpoints/glue/sst2/20261004/glue.sst2.adapter.am_adapter.ao_sequential.fm_adapter.fo_sequential.abn.fbn.ac_add.fl_none.finit_bert.fs_1.unfrz_ef_.ne10.warm0.06.wd0.1.seed42./checkpoint-12630/tokenizer_config.json
[INFO|tokenization_utils_base.py:1954] 2026-10-04 14:38:30,761 >> Special tokens file saved in checkpoints/glue/sst2/20261004/glue.sst2.adapter.am_adapter.ao_sequential.fm_adapter.fo_sequential.abn.fbn.ac_add.fl_none.finit_bert.fs_1.unfrz_ef_.ne10.warm0.06.wd0.1.seed42./checkpoint-12630/special_tokens_map.json
[INFO|trainer.py:2009] 2026-10-04 14:38:30,835 >> Deleting older checkpoint [checkpoints/glue/sst2/20261004/glue.sst2.adapter.am_adapter.ao_sequential.fm_adapter.fo_sequential.abn.fbn.ac_add.fl_none.finit_bert.fs_1.unfrz_ef_.ne10.warm0.06.wd0.1.seed42./checkpoint-6315] due to args.save_total_limit
/work/unify-parameter-efficient-tuning/src/transformers/trainer.py:1784: FutureWarning: `torch.cuda.amp.autocast(args...)` is deprecated. Please use `torch.amp.autocast('cuda', args...)` instead.
  with autocast():
{'loss': 0.15, 'learning_rate': 4.253490675696165e-05, 'epoch': 6.01}
{'loss': 0.1515, 'learning_rate': 4.228246828725932e-05, 'epoch': 6.03}
{'loss': 0.1425, 'learning_rate': 4.203002981755699e-05, 'epoch': 6.06}
{'loss': 0.1583, 'learning_rate': 4.177759134785465e-05, 'epoch': 6.08}
{'loss': 0.1357, 'learning_rate': 4.152515287815232e-05, 'epoch': 6.1}
{'loss': 0.1559, 'learning_rate': 4.1272714408449994e-05, 'epoch': 6.13}
{'loss': 0.1548, 'learning_rate': 4.102027593874766e-05, 'epoch': 6.15}
{'loss': 0.1439, 'learning_rate': 4.076783746904534e-05, 'epoch': 6.18}
{'loss': 0.1528, 'learning_rate': 4.051539899934301e-05, 'epoch': 6.2}
{'loss': 0.1513, 'learning_rate': 4.026296052964068e-05, 'epoch': 6.22}
{'loss': 0.1338, 'learning_rate': 4.001052205993835e-05, 'epoch': 6.25}
{'loss': 0.1357, 'learning_rate': 3.975808359023602e-05, 'epoch': 6.27}
{'loss': 0.157, 'learning_rate': 3.950564512053368e-05, 'epoch': 6.29}
{'loss': 0.149, 'learning_rate': 3.9253206650831353e-05, 'epoch': 6.32}
{'loss': 0.1245, 'learning_rate': 3.9000768181129024e-05, 'epoch': 6.34}
{'loss': 0.1455, 'learning_rate': 3.8748329711426695e-05, 'epoch': 6.37}
{'loss': 0.1586, 'learning_rate': 3.849589124172437e-05, 'epoch': 6.39}
{'loss': 0.1498, 'learning_rate': 3.824345277202204e-05, 'epoch': 6.41}
{'loss': 0.1411, 'learning_rate': 3.799101430231971e-05, 'epoch': 6.44}
{'loss': 0.1347, 'learning_rate': 3.773857583261738e-05, 'epoch': 6.46}
{'loss': 0.152, 'learning_rate': 3.748613736291505e-05, 'epoch': 6.48}
{'loss': 0.1444, 'learning_rate': 3.723369889321272e-05, 'epoch': 6.51}
{'loss': 0.1354, 'learning_rate': 3.6981260423510384e-05, 'epoch': 6.53}
{'loss': 0.1416, 'learning_rate': 3.6728821953808054e-05, 'epoch': 6.56}
{'loss': 0.142, 'learning_rate': 3.648143225349978e-05, 'epoch': 6.58}
{'loss': 0.1385, 'learning_rate': 3.622899378379745e-05, 'epoch': 6.6}
{'loss': 0.1392, 'learning_rate': 3.597655531409512e-05, 'epoch': 6.63}
{'loss': 0.1681, 'learning_rate': 3.572411684439278e-05, 'epoch': 6.65}
{'loss': 0.1503, 'learning_rate': 3.547167837469045e-05, 'epoch': 6.67}
{'loss': 0.1103, 'learning_rate': 3.5219239904988124e-05, 'epoch': 6.7}
{'loss': 0.1585, 'learning_rate': 3.49668014352858e-05, 'epoch': 6.72}
{'loss': 0.1556, 'learning_rate': 3.471436296558347e-05, 'epoch': 6.75}
{'loss': 0.1448, 'learning_rate': 3.4461924495881136e-05, 'epoch': 6.77}
{'loss': 0.1502, 'learning_rate': 3.420948602617881e-05, 'epoch': 6.79}
{'loss': 0.1312, 'learning_rate': 3.395704755647648e-05, 'epoch': 6.82}
{'loss': 0.1404, 'learning_rate': 3.370460908677415e-05, 'epoch': 6.84}
{'loss': 0.1407, 'learning_rate': 3.345217061707181e-05, 'epoch': 6.86}
{'loss': 0.1347, 'learning_rate': 3.319973214736948e-05, 'epoch': 6.89}
{'loss': 0.1432, 'learning_rate': 3.294729367766716e-05, 'epoch': 6.91}
{'loss': 0.1355, 'learning_rate': 3.269485520796483e-05, 'epoch': 6.94}
{'loss': 0.159, 'learning_rate': 3.24424167382625e-05, 'epoch': 6.96}
{'loss': 0.1428, 'learning_rate': 3.218997826856017e-05, 'epoch': 6.98}
[INFO|trainer.py:520] 2026-10-04 14:39:25,659 >> The following columns in the evaluation set  don't have a corresponding argument in `PETLEncModel.forward` and have been ignored: sentence, idx.
[INFO|trainer.py:2179] 2026-10-04 14:39:25,661 >> ***** Running Evaluation *****
[INFO|trainer.py:2181] 2026-10-04 14:39:25,661 >>   Num examples = 872
[INFO|trainer.py:2184] 2026-10-04 14:39:25,661 >>   Batch size = 32
{'eval_loss': 0.21188746392726898, 'eval_accuracy': 0.9380733944954128, 'eval_runtime': 0.7621, 'eval_samples_per_second': 1144.195, 'eval_steps_per_second': 36.74, 'epoch': 7.0}
[INFO|trainer.py:1933] 2026-10-04 14:39:26,424 >> Saving model checkpoint to checkpoints/glue/sst2/20261004/glue.sst2.adapter.am_adapter.ao_sequential.fm_adapter.fo_sequential.abn.fbn.ac_add.fl_none.finit_bert.fs_1.unfrz_ef_.ne10.warm0.06.wd0.1.seed42./checkpoint-14735
[INFO|configuration_utils.py:364] 2026-10-04 14:39:26,425 >> Configuration saved in checkpoints/glue/sst2/20261004/glue.sst2.adapter.am_adapter.ao_sequential.fm_adapter.fo_sequential.abn.fbn.ac_add.fl_none.finit_bert.fs_1.unfrz_ef_.ne10.warm0.06.wd0.1.seed42./checkpoint-14735/config.json
[INFO|modeling_utils.py:898] 2026-10-04 14:39:26,694 >> Model weights saved in checkpoints/glue/sst2/20261004/glue.sst2.adapter.am_adapter.ao_sequential.fm_adapter.fo_sequential.abn.fbn.ac_add.fl_none.finit_bert.fs_1.unfrz_ef_.ne10.warm0.06.wd0.1.seed42./checkpoint-14735/pytorch_model.bin
[INFO|tokenization_utils_base.py:1948] 2026-10-04 14:39:26,695 >> tokenizer config file saved in checkpoints/glue/sst2/20261004/glue.sst2.adapter.am_adapter.ao_sequential.fm_adapter.fo_sequential.abn.fbn.ac_add.fl_none.finit_bert.fs_1.unfrz_ef_.ne10.warm0.06.wd0.1.seed42./checkpoint-14735/tokenizer_config.json
[INFO|tokenization_utils_base.py:1954] 2026-10-04 14:39:26,696 >> Special tokens file saved in checkpoints/glue/sst2/20261004/glue.sst2.adapter.am_adapter.ao_sequential.fm_adapter.fo_sequential.abn.fbn.ac_add.fl_none.finit_bert.fs_1.unfrz_ef_.ne10.warm0.06.wd0.1.seed42./checkpoint-14735/special_tokens_map.json
[INFO|trainer.py:2009] 2026-10-04 14:39:26,760 >> Deleting older checkpoint [checkpoints/glue/sst2/20261004/glue.sst2.adapter.am_adapter.ao_sequential.fm_adapter.fo_sequential.abn.fbn.ac_add.fl_none.finit_bert.fs_1.unfrz_ef_.ne10.warm0.06.wd0.1.seed42./checkpoint-10525] due to args.save_total_limit
/work/unify-parameter-efficient-tuning/src/transformers/trainer.py:1784: FutureWarning: `torch.cuda.amp.autocast(args...)` is deprecated. Please use `torch.amp.autocast('cuda', args...)` instead.
  with autocast():
{'loss': 0.1323, 'learning_rate': 3.193753979885784e-05, 'epoch': 7.01}
{'loss': 0.146, 'learning_rate': 3.168510132915551e-05, 'epoch': 7.03}
{'loss': 0.1242, 'learning_rate': 3.143266285945318e-05, 'epoch': 7.05}
{'loss': 0.1104, 'learning_rate': 3.118022438975084e-05, 'epoch': 7.08}
{'loss': 0.1213, 'learning_rate': 3.092778592004851e-05, 'epoch': 7.1}
{'loss': 0.1354, 'learning_rate': 3.06753474503462e-05, 'epoch': 7.13}
{'loss': 0.1386, 'learning_rate': 3.042290898064386e-05, 'epoch': 7.15}
{'loss': 0.1484, 'learning_rate': 3.017047051094153e-05, 'epoch': 7.17}
{'loss': 0.1425, 'learning_rate': 2.9918032041239196e-05, 'epoch': 7.2}
{'loss': 0.1362, 'learning_rate': 2.9665593571536864e-05, 'epoch': 7.22}
{'loss': 0.1368, 'learning_rate': 2.9413155101834535e-05, 'epoch': 7.24}
{'loss': 0.1614, 'learning_rate': 2.9160716632132205e-05, 'epoch': 7.27}
{'loss': 0.1171, 'learning_rate': 2.8908278162429876e-05, 'epoch': 7.29}
{'loss': 0.1218, 'learning_rate': 2.8655839692727554e-05, 'epoch': 7.32}
{'loss': 0.1456, 'learning_rate': 2.840340122302522e-05, 'epoch': 7.34}
{'loss': 0.1391, 'learning_rate': 2.8150962753322892e-05, 'epoch': 7.36}
{'loss': 0.1358, 'learning_rate': 2.789852428362056e-05, 'epoch': 7.39}
{'loss': 0.1428, 'learning_rate': 2.7646085813918233e-05, 'epoch': 7.41}
{'loss': 0.1435, 'learning_rate': 2.7393647344215894e-05, 'epoch': 7.43}
{'loss': 0.1405, 'learning_rate': 2.7141208874513568e-05, 'epoch': 7.46}
{'loss': 0.1317, 'learning_rate': 2.6888770404811235e-05, 'epoch': 7.48}
{'loss': 0.1651, 'learning_rate': 2.6636331935108906e-05, 'epoch': 7.51}
{'loss': 0.1283, 'learning_rate': 2.6383893465406584e-05, 'epoch': 7.53}
{'loss': 0.1532, 'learning_rate': 2.613145499570425e-05, 'epoch': 7.55}
{'loss': 0.1464, 'learning_rate': 2.5879016526001922e-05, 'epoch': 7.58}
{'loss': 0.1278, 'learning_rate': 2.562657805629959e-05, 'epoch': 7.6}
{'loss': 0.1418, 'learning_rate': 2.5374139586597263e-05, 'epoch': 7.62}
{'loss': 0.1362, 'learning_rate': 2.512170111689493e-05, 'epoch': 7.65}
{'loss': 0.1478, 'learning_rate': 2.4869262647192598e-05, 'epoch': 7.67}
{'loss': 0.136, 'learning_rate': 2.4616824177490265e-05, 'epoch': 7.7}
{'loss': 0.1282, 'learning_rate': 2.4364385707787946e-05, 'epoch': 7.72}
{'loss': 0.1328, 'learning_rate': 2.4111947238085614e-05, 'epoch': 7.74}
{'loss': 0.1461, 'learning_rate': 2.3859508768383285e-05, 'epoch': 7.77}
{'loss': 0.1478, 'learning_rate': 2.3607070298680952e-05, 'epoch': 7.79}
{'loss': 0.1226, 'learning_rate': 2.3354631828978623e-05, 'epoch': 7.81}
{'loss': 0.1443, 'learning_rate': 2.310219335927629e-05, 'epoch': 7.84}
{'loss': 0.1294, 'learning_rate': 2.284975488957396e-05, 'epoch': 7.86}
{'loss': 0.13, 'learning_rate': 2.2597316419871628e-05, 'epoch': 7.89}
{'loss': 0.128, 'learning_rate': 2.2344877950169296e-05, 'epoch': 7.91}
{'loss': 0.164, 'learning_rate': 2.2092439480466977e-05, 'epoch': 7.93}
{'loss': 0.1533, 'learning_rate': 2.1840001010764647e-05, 'epoch': 7.96}
{'loss': 0.1313, 'learning_rate': 2.1587562541062315e-05, 'epoch': 7.98}
[INFO|trainer.py:520] 2026-10-04 14:40:21,476 >> The following columns in the evaluation set  don't have a corresponding argument in `PETLEncModel.forward` and have been ignored: sentence, idx.
[INFO|trainer.py:2179] 2026-10-04 14:40:21,477 >> ***** Running Evaluation *****
[INFO|trainer.py:2181] 2026-10-04 14:40:21,477 >>   Num examples = 872
[INFO|trainer.py:2184] 2026-10-04 14:40:21,478 >>   Batch size = 32
{'eval_loss': 0.2151285707950592, 'eval_accuracy': 0.9392201834862385, 'eval_runtime': 0.7249, 'eval_samples_per_second': 1202.85, 'eval_steps_per_second': 38.624, 'epoch': 8.0}
[INFO|trainer.py:1933] 2026-10-04 14:40:22,203 >> Saving model checkpoint to checkpoints/glue/sst2/20261004/glue.sst2.adapter.am_adapter.ao_sequential.fm_adapter.fo_sequential.abn.fbn.ac_add.fl_none.finit_bert.fs_1.unfrz_ef_.ne10.warm0.06.wd0.1.seed42./checkpoint-16840
[INFO|configuration_utils.py:364] 2026-10-04 14:40:22,205 >> Configuration saved in checkpoints/glue/sst2/20261004/glue.sst2.adapter.am_adapter.ao_sequential.fm_adapter.fo_sequential.abn.fbn.ac_add.fl_none.finit_bert.fs_1.unfrz_ef_.ne10.warm0.06.wd0.1.seed42./checkpoint-16840/config.json
[INFO|modeling_utils.py:898] 2026-10-04 14:40:22,459 >> Model weights saved in checkpoints/glue/sst2/20261004/glue.sst2.adapter.am_adapter.ao_sequential.fm_adapter.fo_sequential.abn.fbn.ac_add.fl_none.finit_bert.fs_1.unfrz_ef_.ne10.warm0.06.wd0.1.seed42./checkpoint-16840/pytorch_model.bin
[INFO|tokenization_utils_base.py:1948] 2026-10-04 14:40:22,460 >> tokenizer config file saved in checkpoints/glue/sst2/20261004/glue.sst2.adapter.am_adapter.ao_sequential.fm_adapter.fo_sequential.abn.fbn.ac_add.fl_none.finit_bert.fs_1.unfrz_ef_.ne10.warm0.06.wd0.1.seed42./checkpoint-16840/tokenizer_config.json
[INFO|tokenization_utils_base.py:1954] 2026-10-04 14:40:22,460 >> Special tokens file saved in checkpoints/glue/sst2/20261004/glue.sst2.adapter.am_adapter.ao_sequential.fm_adapter.fo_sequential.abn.fbn.ac_add.fl_none.finit_bert.fs_1.unfrz_ef_.ne10.warm0.06.wd0.1.seed42./checkpoint-16840/special_tokens_map.json
[INFO|trainer.py:2009] 2026-10-04 14:40:22,520 >> Deleting older checkpoint [checkpoints/glue/sst2/20261004/glue.sst2.adapter.am_adapter.ao_sequential.fm_adapter.fo_sequential.abn.fbn.ac_add.fl_none.finit_bert.fs_1.unfrz_ef_.ne10.warm0.06.wd0.1.seed42./checkpoint-14735] due to args.save_total_limit
/work/unify-parameter-efficient-tuning/src/transformers/trainer.py:1784: FutureWarning: `torch.cuda.amp.autocast(args...)` is deprecated. Please use `torch.amp.autocast('cuda', args...)` instead.
  with autocast():
{'loss': 0.1398, 'learning_rate': 2.1335124071359985e-05, 'epoch': 8.0}
{'loss': 0.1253, 'learning_rate': 2.1082685601657653e-05, 'epoch': 8.03}
{'loss': 0.1324, 'learning_rate': 2.083024713195532e-05, 'epoch': 8.05}
{'loss': 0.1387, 'learning_rate': 2.057780866225299e-05, 'epoch': 8.08}
{'loss': 0.1456, 'learning_rate': 2.032537019255066e-05, 'epoch': 8.1}
{'loss': 0.1229, 'learning_rate': 2.007293172284834e-05, 'epoch': 8.12}
{'loss': 0.1245, 'learning_rate': 1.9820493253146007e-05, 'epoch': 8.15}
{'loss': 0.125, 'learning_rate': 1.9568054783443677e-05, 'epoch': 8.17}
{'loss': 0.1316, 'learning_rate': 1.9315616313741345e-05, 'epoch': 8.19}
{'loss': 0.1301, 'learning_rate': 1.9063177844039016e-05, 'epoch': 8.22}
{'loss': 0.1298, 'learning_rate': 1.8810739374336683e-05, 'epoch': 8.24}
{'loss': 0.1231, 'learning_rate': 1.8558300904634354e-05, 'epoch': 8.27}
{'loss': 0.1372, 'learning_rate': 1.830586243493202e-05, 'epoch': 8.29}
{'loss': 0.1387, 'learning_rate': 1.8053423965229702e-05, 'epoch': 8.31}
{'loss': 0.1375, 'learning_rate': 1.780098549552737e-05, 'epoch': 8.34}
{'loss': 0.1236, 'learning_rate': 1.754854702582504e-05, 'epoch': 8.36}
{'loss': 0.1348, 'learning_rate': 1.7296108556122708e-05, 'epoch': 8.38}
{'loss': 0.1396, 'learning_rate': 1.704367008642038e-05, 'epoch': 8.41}
{'loss': 0.1412, 'learning_rate': 1.6791231616718046e-05, 'epoch': 8.43}
{'loss': 0.1155, 'learning_rate': 1.6538793147015713e-05, 'epoch': 8.46}
{'loss': 0.1409, 'learning_rate': 1.629140344670744e-05, 'epoch': 8.48}
{'loss': 0.1272, 'learning_rate': 1.6044013746399148e-05, 'epoch': 8.5}
{'loss': 0.131, 'learning_rate': 1.579157527669682e-05, 'epoch': 8.53}
{'loss': 0.1423, 'learning_rate': 1.5539136806994486e-05, 'epoch': 8.55}
{'loss': 0.133, 'learning_rate': 1.5286698337292157e-05, 'epoch': 8.57}
{'loss': 0.1464, 'learning_rate': 1.5034259867589836e-05, 'epoch': 8.6}
{'loss': 0.1347, 'learning_rate': 1.4781821397887507e-05, 'epoch': 8.62}
{'loss': 0.1396, 'learning_rate': 1.4529382928185176e-05, 'epoch': 8.65}
{'loss': 0.1233, 'learning_rate': 1.4276944458482843e-05, 'epoch': 8.67}
{'loss': 0.1338, 'learning_rate': 1.4024505988780512e-05, 'epoch': 8.69}
{'loss': 0.1074, 'learning_rate': 1.377206751907818e-05, 'epoch': 8.72}
{'loss': 0.1457, 'learning_rate': 1.351962904937585e-05, 'epoch': 8.74}
{'loss': 0.1446, 'learning_rate': 1.326719057967352e-05, 'epoch': 8.76}
{'loss': 0.142, 'learning_rate': 1.3019800879365244e-05, 'epoch': 8.79}
{'loss': 0.1259, 'learning_rate': 1.2767362409662911e-05, 'epoch': 8.81}
{'loss': 0.1404, 'learning_rate': 1.251492393996058e-05, 'epoch': 8.84}
{'loss': 0.1416, 'learning_rate': 1.226248547025825e-05, 'epoch': 8.86}
{'loss': 0.1314, 'learning_rate': 1.2010047000555918e-05, 'epoch': 8.88}
{'loss': 0.1481, 'learning_rate': 1.1757608530853587e-05, 'epoch': 8.91}
{'loss': 0.1304, 'learning_rate': 1.1505170061151267e-05, 'epoch': 8.93}
{'loss': 0.1209, 'learning_rate': 1.1252731591448936e-05, 'epoch': 8.95}
{'loss': 0.1092, 'learning_rate': 1.1000293121746605e-05, 'epoch': 8.98}
[INFO|trainer.py:520] 2026-10-04 14:41:16,314 >> The following columns in the evaluation set  don't have a corresponding argument in `PETLEncModel.forward` and have been ignored: sentence, idx.
[INFO|trainer.py:2179] 2026-10-04 14:41:16,315 >> ***** Running Evaluation *****
[INFO|trainer.py:2181] 2026-10-04 14:41:16,315 >>   Num examples = 872
[INFO|trainer.py:2184] 2026-10-04 14:41:16,315 >>   Batch size = 32
{'eval_loss': 0.22388119995594025, 'eval_accuracy': 0.9415137614678899, 'eval_runtime': 0.6961, 'eval_samples_per_second': 1252.751, 'eval_steps_per_second': 40.226, 'epoch': 9.0}
[INFO|trainer.py:1933] 2026-10-04 14:41:17,012 >> Saving model checkpoint to checkpoints/glue/sst2/20261004/glue.sst2.adapter.am_adapter.ao_sequential.fm_adapter.fo_sequential.abn.fbn.ac_add.fl_none.finit_bert.fs_1.unfrz_ef_.ne10.warm0.06.wd0.1.seed42./checkpoint-18945
[INFO|configuration_utils.py:364] 2026-10-04 14:41:17,014 >> Configuration saved in checkpoints/glue/sst2/20261004/glue.sst2.adapter.am_adapter.ao_sequential.fm_adapter.fo_sequential.abn.fbn.ac_add.fl_none.finit_bert.fs_1.unfrz_ef_.ne10.warm0.06.wd0.1.seed42./checkpoint-18945/config.json
[INFO|modeling_utils.py:898] 2026-10-04 14:41:17,277 >> Model weights saved in checkpoints/glue/sst2/20261004/glue.sst2.adapter.am_adapter.ao_sequential.fm_adapter.fo_sequential.abn.fbn.ac_add.fl_none.finit_bert.fs_1.unfrz_ef_.ne10.warm0.06.wd0.1.seed42./checkpoint-18945/pytorch_model.bin
[INFO|tokenization_utils_base.py:1948] 2026-10-04 14:41:17,279 >> tokenizer config file saved in checkpoints/glue/sst2/20261004/glue.sst2.adapter.am_adapter.ao_sequential.fm_adapter.fo_sequential.abn.fbn.ac_add.fl_none.finit_bert.fs_1.unfrz_ef_.ne10.warm0.06.wd0.1.seed42./checkpoint-18945/tokenizer_config.json
[INFO|tokenization_utils_base.py:1954] 2026-10-04 14:41:17,280 >> Special tokens file saved in checkpoints/glue/sst2/20261004/glue.sst2.adapter.am_adapter.ao_sequential.fm_adapter.fo_sequential.abn.fbn.ac_add.fl_none.finit_bert.fs_1.unfrz_ef_.ne10.warm0.06.wd0.1.seed42./checkpoint-18945/special_tokens_map.json
[INFO|trainer.py:2009] 2026-10-04 14:41:17,345 >> Deleting older checkpoint [checkpoints/glue/sst2/20261004/glue.sst2.adapter.am_adapter.ao_sequential.fm_adapter.fo_sequential.abn.fbn.ac_add.fl_none.finit_bert.fs_1.unfrz_ef_.ne10.warm0.06.wd0.1.seed42./checkpoint-12630] due to args.save_total_limit
/work/unify-parameter-efficient-tuning/src/transformers/trainer.py:1784: FutureWarning: `torch.cuda.amp.autocast(args...)` is deprecated. Please use `torch.amp.autocast('cuda', args...)` instead.
  with autocast():
{'loss': 0.1178, 'learning_rate': 1.0747854652044274e-05, 'epoch': 9.0}
{'loss': 0.1485, 'learning_rate': 1.0495416182341943e-05, 'epoch': 9.03}
{'loss': 0.1238, 'learning_rate': 1.0242977712639612e-05, 'epoch': 9.05}
{'loss': 0.1425, 'learning_rate': 9.990539242937281e-06, 'epoch': 9.07}
{'loss': 0.1409, 'learning_rate': 9.738100773234948e-06, 'epoch': 9.1}
{'loss': 0.1323, 'learning_rate': 9.485662303532618e-06, 'epoch': 9.12}
{'loss': 0.1554, 'learning_rate': 9.233223833830298e-06, 'epoch': 9.14}
{'loss': 0.1279, 'learning_rate': 8.980785364127968e-06, 'epoch': 9.17}
{'loss': 0.1213, 'learning_rate': 8.728346894425637e-06, 'epoch': 9.19}
{'loss': 0.134, 'learning_rate': 8.475908424723304e-06, 'epoch': 9.22}
{'loss': 0.123, 'learning_rate': 8.223469955020973e-06, 'epoch': 9.24}
{'loss': 0.1291, 'learning_rate': 7.971031485318642e-06, 'epoch': 9.26}
{'loss': 0.1115, 'learning_rate': 7.718593015616311e-06, 'epoch': 9.29}
{'loss': 0.1165, 'learning_rate': 7.466154545913979e-06, 'epoch': 9.31}
{'loss': 0.1315, 'learning_rate': 7.21371607621166e-06, 'epoch': 9.33}
{'loss': 0.1368, 'learning_rate': 6.9612776065093286e-06, 'epoch': 9.36}
{'loss': 0.1228, 'learning_rate': 6.708839136806997e-06, 'epoch': 9.38}
{'loss': 0.1205, 'learning_rate': 6.456400667104666e-06, 'epoch': 9.41}
{'loss': 0.1553, 'learning_rate': 6.203962197402335e-06, 'epoch': 9.43}
{'loss': 0.1249, 'learning_rate': 5.951523727700003e-06, 'epoch': 9.45}
{'loss': 0.1102, 'learning_rate': 5.699085257997672e-06, 'epoch': 9.48}
{'loss': 0.1254, 'learning_rate': 5.446646788295341e-06, 'epoch': 9.5}
{'loss': 0.1431, 'learning_rate': 5.19420831859301e-06, 'epoch': 9.52}
{'loss': 0.1115, 'learning_rate': 4.9417698488906905e-06, 'epoch': 9.55}
{'loss': 0.1137, 'learning_rate': 4.689331379188359e-06, 'epoch': 9.57}
{'loss': 0.1228, 'learning_rate': 4.436892909486028e-06, 'epoch': 9.6}
{'loss': 0.1167, 'learning_rate': 4.184454439783697e-06, 'epoch': 9.62}
{'loss': 0.1323, 'learning_rate': 3.932015970081366e-06, 'epoch': 9.64}
{'loss': 0.1116, 'learning_rate': 3.679577500379035e-06, 'epoch': 9.67}
{'loss': 0.142, 'learning_rate': 3.4271390306767028e-06, 'epoch': 9.69}
{'loss': 0.1457, 'learning_rate': 3.1747005609743723e-06, 'epoch': 9.71}
{'loss': 0.1405, 'learning_rate': 2.9222620912720523e-06, 'epoch': 9.74}
{'loss': 0.1307, 'learning_rate': 2.669823621569721e-06, 'epoch': 9.76}
{'loss': 0.1259, 'learning_rate': 2.41738515186739e-06, 'epoch': 9.79}
{'loss': 0.1231, 'learning_rate': 2.1649466821650587e-06, 'epoch': 9.81}
{'loss': 0.1259, 'learning_rate': 1.912508212462728e-06, 'epoch': 9.83}
{'loss': 0.1364, 'learning_rate': 1.6600697427603964e-06, 'epoch': 9.86}
{'loss': 0.1194, 'learning_rate': 1.4076312730580655e-06, 'epoch': 9.88}
{'loss': 0.1222, 'learning_rate': 1.1551928033557342e-06, 'epoch': 9.9}
{'loss': 0.1393, 'learning_rate': 9.027543336534143e-07, 'epoch': 9.93}
{'loss': 0.1551, 'learning_rate': 6.503158639510832e-07, 'epoch': 9.95}
{'loss': 0.1286, 'learning_rate': 3.978773942487521e-07, 'epoch': 9.98}
{'loss': 0.1225, 'learning_rate': 1.4543892454642093e-07, 'epoch': 10.0}
[INFO|trainer.py:520] 2026-10-04 14:42:12,347 >> The following columns in the evaluation set  don't have a corresponding argument in `PETLEncModel.forward` and have been ignored: sentence, idx.
[INFO|trainer.py:2179] 2026-10-04 14:42:12,348 >> ***** Running Evaluation *****
[INFO|trainer.py:2181] 2026-10-04 14:42:12,348 >>   Num examples = 872
[INFO|trainer.py:2184] 2026-10-04 14:42:12,348 >>   Batch size = 32
{'eval_loss': 0.2222406417131424, 'eval_accuracy': 0.9415137614678899, 'eval_runtime': 0.712, 'eval_samples_per_second': 1224.633, 'eval_steps_per_second': 39.323, 'epoch': 10.0}
[INFO|trainer.py:1933] 2026-10-04 14:42:13,061 >> Saving model checkpoint to checkpoints/glue/sst2/20261004/glue.sst2.adapter.am_adapter.ao_sequential.fm_adapter.fo_sequential.abn.fbn.ac_add.fl_none.finit_bert.fs_1.unfrz_ef_.ne10.warm0.06.wd0.1.seed42./checkpoint-21050
[INFO|configuration_utils.py:364] 2026-10-04 14:42:13,062 >> Configuration saved in checkpoints/glue/sst2/20261004/glue.sst2.adapter.am_adapter.ao_sequential.fm_adapter.fo_sequential.abn.fbn.ac_add.fl_none.finit_bert.fs_1.unfrz_ef_.ne10.warm0.06.wd0.1.seed42./checkpoint-21050/config.json
[INFO|modeling_utils.py:898] 2026-10-04 14:42:13,326 >> Model weights saved in checkpoints/glue/sst2/20261004/glue.sst2.adapter.am_adapter.ao_sequential.fm_adapter.fo_sequential.abn.fbn.ac_add.fl_none.finit_bert.fs_1.unfrz_ef_.ne10.warm0.06.wd0.1.seed42./checkpoint-21050/pytorch_model.bin
[INFO|tokenization_utils_base.py:1948] 2026-10-04 14:42:13,328 >> tokenizer config file saved in checkpoints/glue/sst2/20261004/glue.sst2.adapter.am_adapter.ao_sequential.fm_adapter.fo_sequential.abn.fbn.ac_add.fl_none.finit_bert.fs_1.unfrz_ef_.ne10.warm0.06.wd0.1.seed42./checkpoint-21050/tokenizer_config.json
[INFO|tokenization_utils_base.py:1954] 2026-10-04 14:42:13,328 >> Special tokens file saved in checkpoints/glue/sst2/20261004/glue.sst2.adapter.am_adapter.ao_sequential.fm_adapter.fo_sequential.abn.fbn.ac_add.fl_none.finit_bert.fs_1.unfrz_ef_.ne10.warm0.06.wd0.1.seed42./checkpoint-21050/special_tokens_map.json
[INFO|trainer.py:2009] 2026-10-04 14:42:13,394 >> Deleting older checkpoint [checkpoints/glue/sst2/20261004/glue.sst2.adapter.am_adapter.ao_sequential.fm_adapter.fo_sequential.abn.fbn.ac_add.fl_none.finit_bert.fs_1.unfrz_ef_.ne10.warm0.06.wd0.1.seed42./checkpoint-16840] due to args.save_total_limit
[INFO|trainer.py:1382] 2026-10-04 14:42:13,409 >> 

Training completed. Do not forget to share your model on huggingface.co/models =)


[INFO|trainer.py:1390] 2026-10-04 14:42:13,409 >> Loading best model from checkpoints/glue/sst2/20261004/glue.sst2.adapter.am_adapter.ao_sequential.fm_adapter.fo_sequential.abn.fbn.ac_add.fl_none.finit_bert.fs_1.unfrz_ef_.ne10.warm0.06.wd0.1.seed42./checkpoint-18945 (score: 0.9415137614678899).
{'train_runtime': 505.7056, 'train_samples_per_second': 1331.783, 'train_steps_per_second': 41.625, 'train_loss': 0.18413711593156756, 'epoch': 10.0}
[INFO|trainer.py:1933] 2026-10-04 14:42:13,752 >> Saving model checkpoint to checkpoints/glue/sst2/20261004/glue.sst2.adapter.am_adapter.ao_sequential.fm_adapter.fo_sequential.abn.fbn.ac_add.fl_none.finit_bert.fs_1.unfrz_ef_.ne10.warm0.06.wd0.1.seed42.
[INFO|configuration_utils.py:364] 2026-10-04 14:42:13,753 >> Configuration saved in checkpoints/glue/sst2/20261004/glue.sst2.adapter.am_adapter.ao_sequential.fm_adapter.fo_sequential.abn.fbn.ac_add.fl_none.finit_bert.fs_1.unfrz_ef_.ne10.warm0.06.wd0.1.seed42./config.json
[INFO|modeling_utils.py:898] 2026-10-04 14:42:14,010 >> Model weights saved in checkpoints/glue/sst2/20261004/glue.sst2.adapter.am_adapter.ao_sequential.fm_adapter.fo_sequential.abn.fbn.ac_add.fl_none.finit_bert.fs_1.unfrz_ef_.ne10.warm0.06.wd0.1.seed42./pytorch_model.bin
[INFO|tokenization_utils_base.py:1948] 2026-10-04 14:42:14,011 >> tokenizer config file saved in checkpoints/glue/sst2/20261004/glue.sst2.adapter.am_adapter.ao_sequential.fm_adapter.fo_sequential.abn.fbn.ac_add.fl_none.finit_bert.fs_1.unfrz_ef_.ne10.warm0.06.wd0.1.seed42./tokenizer_config.json
[INFO|tokenization_utils_base.py:1954] 2026-10-04 14:42:14,012 >> Special tokens file saved in checkpoints/glue/sst2/20261004/glue.sst2.adapter.am_adapter.ao_sequential.fm_adapter.fo_sequential.abn.fbn.ac_add.fl_none.finit_bert.fs_1.unfrz_ef_.ne10.warm0.06.wd0.1.seed42./special_tokens_map.json
***** train metrics *****
  epoch                    =       10.0
  train_loss               =     0.1841
  train_runtime            = 0:08:25.70
  train_samples            =      67349
  train_samples_per_second =   1331.783
  train_steps_per_second   =     41.625
10/04/2026 14:42:14 - INFO - __main__ -   *** Evaluate ***
[INFO|trainer.py:520] 2026-10-04 14:42:14,064 >> The following columns in the evaluation set  don't have a corresponding argument in `PETLEncModel.forward` and have been ignored: sentence, idx.
[INFO|trainer.py:2179] 2026-10-04 14:42:14,065 >> ***** Running Evaluation *****
[INFO|trainer.py:2181] 2026-10-04 14:42:14,065 >>   Num examples = 872
[INFO|trainer.py:2184] 2026-10-04 14:42:14,065 >>   Batch size = 32
{'eval_loss': 0.22388119995594025, 'eval_accuracy': 0.9415137614678899, 'eval_runtime': 0.663, 'eval_samples_per_second': 1315.303, 'eval_steps_per_second': 42.234, 'epoch': 10.0}
***** eval metrics *****
  epoch                   =       10.0
  eval_accuracy           =     0.9415
  eval_loss               =     0.2239
  eval_runtime            = 0:00:00.66
  eval_samples            =        872
  eval_samples_per_second =   1315.303
  eval_steps_per_second   =     42.234
