checkpoints/glue/sst2/20261004/glue.sst2.lora.am_lora.ao_none.fm_none.fo_none.abn.fbn.ac_add.fl_none.finit_bert.fs_1.unfrz_ef_.ne10.warm0.06.wd0.1.seed8.
rm: cannot remove 'checkpoints/hf_model/downloads/*.lock': No such file or directory
rm: cannot remove 'checkpoints/hf_model/*.lock': No such file or directory
10/04/2026 14:42:30 - WARNING - __main__ -   Process rank: -1, device: cuda:0, n_gpu: 1distributed training: False, 16-bits training: True
10/04/2026 14:42:30 - INFO - __main__ -   Training/evaluation parameters TrainingArguments(
_n_gpu=1,
adafactor=False,
adam_beta1=0.9,
adam_beta2=0.98,
adam_epsilon=1e-06,
dataloader_drop_last=False,
dataloader_num_workers=0,
dataloader_pin_memory=True,
ddp_find_unused_parameters=False,
debug=[],
deepspeed=None,
disable_tqdm=True,
do_eval=True,
do_predict=False,
do_train=True,
eval_accumulation_steps=None,
eval_steps=5000,
evaluation_strategy=IntervalStrategy.EPOCH,
fp16=True,
fp16_backend=auto,
fp16_full_eval=False,
fp16_opt_level=O1,
gradient_accumulation_steps=1,
greater_is_better=True,
group_by_length=False,
ignore_data_skip=False,
label_names=None,
label_smoothing_factor=0.0,
learning_rate=0.0001,
length_column_name=length,
load_best_model_at_end=True,
local_rank=-1,
log_level=-1,
log_level_replica=-1,
log_on_each_node=True,
logging_dir=checkpoints/glue/sst2/20261004/glue.sst2.lora.am_lora.ao_none.fm_none.fo_none.abn.fbn.ac_add.fl_none.finit_bert.fs_1.unfrz_ef_.ne10.warm0.06.wd0.1.seed8./runs/Oct04_14-42-30_j-12410940-job-0,
logging_first_step=False,
logging_steps=50,
logging_strategy=IntervalStrategy.STEPS,
lr_scheduler_type=SchedulerType.POLYNOMIAL,
max_grad_norm=1.0,
max_steps=-1,
metric_for_best_model=accuracy,
mp_parameters=,
no_cuda=False,
num_train_epochs=10.0,
output_dir=checkpoints/glue/sst2/20261004/glue.sst2.lora.am_lora.ao_none.fm_none.fo_none.abn.fbn.ac_add.fl_none.finit_bert.fs_1.unfrz_ef_.ne10.warm0.06.wd0.1.seed8.,
overwrite_output_dir=True,
past_index=-1,
per_device_eval_batch_size=32,
per_device_train_batch_size=32,
prediction_loss_only=False,
push_to_hub=False,
push_to_hub_model_id=glue.sst2.lora.am_lora.ao_none.fm_none.fo_none.abn.fbn.ac_add.fl_none.finit_bert.fs_1.unfrz_ef_.ne10.warm0.06.wd0.1.seed8.,
push_to_hub_organization=None,
push_to_hub_token=None,
remove_unused_columns=True,
report_to=[],
resume_from_checkpoint=None,
run_name=sst2.20261004.glue.sst2.lora.am_lora.ao_none.fm_none.fo_none.abn.fbn.ac_add.fl_none.finit_bert.fs_1.unfrz_ef_.ne10.warm0.06.wd0.1.seed8.,
save_steps=5000,
save_strategy=IntervalStrategy.EPOCH,
save_total_limit=2,
seed=8,
sharded_ddp=[],
skip_memory_metrics=True,
tpu_metrics_debug=False,
tpu_num_cores=None,
use_legacy_prediction_loop=False,
warmup_ratio=0.06,
warmup_steps=0,
weight_decay=0.1,
)
10/04/2026 14:42:30 - WARNING - datasets.builder -   Reusing dataset glue (checkpoints/hf_model/glue/sst2/1.0.0/dacbe3125aa31d7f70367a07a8a9e72a5a0bfeb5fc42e75c9db75b96da6053ad)
[INFO|configuration_utils.py:528] 2026-10-04 14:42:30,969 >> loading configuration file /work/unify-parameter-efficient-tuning/_setup/models/roberta-base/config.json
[INFO|configuration_utils.py:566] 2026-10-04 14:42:30,969 >> Model config RobertaConfig {
  "architectures": [
    "RobertaForMaskedLM"
  ],
  "attention_probs_dropout_prob": 0.1,
  "bos_token_id": 0,
  "eos_token_id": 2,
  "finetuning_task": "sst2",
  "gradient_checkpointing": false,
  "hidden_act": "gelu",
  "hidden_dropout_prob": 0.1,
  "hidden_size": 768,
  "initializer_range": 0.02,
  "intermediate_size": 3072,
  "layer_norm_eps": 1e-05,
  "max_position_embeddings": 514,
  "model_type": "roberta",
  "num_attention_heads": 12,
  "num_hidden_layers": 12,
  "pad_token_id": 1,
  "position_embedding_type": "absolute",
  "transformers_version": "4.9.0.dev0",
  "type_vocab_size": 1,
  "use_cache": true,
  "vocab_size": 50265
}

[INFO|tokenization_auto.py:427] 2026-10-04 14:42:30,969 >> Could not locate the tokenizer configuration file, will try to use the model config instead.
[INFO|configuration_utils.py:528] 2026-10-04 14:42:30,969 >> loading configuration file /work/unify-parameter-efficient-tuning/_setup/models/roberta-base/config.json
[INFO|configuration_utils.py:566] 2026-10-04 14:42:30,969 >> Model config RobertaConfig {
  "architectures": [
    "RobertaForMaskedLM"
  ],
  "attention_probs_dropout_prob": 0.1,
  "bos_token_id": 0,
  "eos_token_id": 2,
  "gradient_checkpointing": false,
  "hidden_act": "gelu",
  "hidden_dropout_prob": 0.1,
  "hidden_size": 768,
  "initializer_range": 0.02,
  "intermediate_size": 3072,
  "layer_norm_eps": 1e-05,
  "max_position_embeddings": 514,
  "model_type": "roberta",
  "num_attention_heads": 12,
  "num_hidden_layers": 12,
  "pad_token_id": 1,
  "position_embedding_type": "absolute",
  "transformers_version": "4.9.0.dev0",
  "type_vocab_size": 1,
  "use_cache": true,
  "vocab_size": 50265
}

[INFO|tokenization_utils_base.py:1651] 2026-10-04 14:42:30,970 >> Didn't find file /work/unify-parameter-efficient-tuning/_setup/models/roberta-base/added_tokens.json. We won't load it.
[INFO|tokenization_utils_base.py:1651] 2026-10-04 14:42:30,970 >> Didn't find file /work/unify-parameter-efficient-tuning/_setup/models/roberta-base/special_tokens_map.json. We won't load it.
[INFO|tokenization_utils_base.py:1651] 2026-10-04 14:42:30,970 >> Didn't find file /work/unify-parameter-efficient-tuning/_setup/models/roberta-base/tokenizer_config.json. We won't load it.
[INFO|tokenization_utils_base.py:1715] 2026-10-04 14:42:30,970 >> loading file /work/unify-parameter-efficient-tuning/_setup/models/roberta-base/vocab.json
[INFO|tokenization_utils_base.py:1715] 2026-10-04 14:42:30,970 >> loading file /work/unify-parameter-efficient-tuning/_setup/models/roberta-base/merges.txt
[INFO|tokenization_utils_base.py:1715] 2026-10-04 14:42:30,970 >> loading file /work/unify-parameter-efficient-tuning/_setup/models/roberta-base/tokenizer.json
[INFO|tokenization_utils_base.py:1715] 2026-10-04 14:42:30,970 >> loading file None
[INFO|tokenization_utils_base.py:1715] 2026-10-04 14:42:30,970 >> loading file None
[INFO|tokenization_utils_base.py:1715] 2026-10-04 14:42:30,970 >> loading file None
[INFO|modeling_utils.py:1159] 2026-10-04 14:42:31,003 >> loading weights file /work/unify-parameter-efficient-tuning/_setup/models/roberta-base/pytorch_model.bin
============================ init weights is called! ====================================
============================ init weights is called! ====================================
[WARNING|modeling_utils.py:1336] 2026-10-04 14:42:32,027 >> Some weights of the model checkpoint at /work/unify-parameter-efficient-tuning/_setup/models/roberta-base were not used when initializing RobertaForSequenceClassification: ['lm_head.layer_norm.weight', 'roberta.pooler.dense.bias', 'lm_head.decoder.weight', 'lm_head.bias', 'lm_head.layer_norm.bias', 'lm_head.dense.weight', 'lm_head.dense.bias', 'roberta.pooler.dense.weight']
- This IS expected if you are initializing RobertaForSequenceClassification from the checkpoint of a model trained on another task or with another architecture (e.g. initializing a BertForSequenceClassification model from a BertForPreTraining model).
- This IS NOT expected if you are initializing RobertaForSequenceClassification from the checkpoint of a model that you expect to be exactly identical (initializing a BertForSequenceClassification model from a BertForSequenceClassification model).
[WARNING|modeling_utils.py:1347] 2026-10-04 14:42:32,028 >> Some weights of RobertaForSequenceClassification were not initialized from the model checkpoint at /work/unify-parameter-efficient-tuning/_setup/models/roberta-base and are newly initialized: ['classifier.out_proj.bias', 'classifier.dense.bias', 'classifier.out_proj.weight', 'classifier.dense.weight']
You should probably TRAIN this model on a down-stream task to be able to use it for predictions and inference.
tune roberta.encoder.layer.0.attention.self.query.ef_lora_A
tune roberta.encoder.layer.0.attention.self.query.ef_lora_B
tune roberta.encoder.layer.0.attention.self.value.ef_lora_A
tune roberta.encoder.layer.0.attention.self.value.ef_lora_B
tune roberta.encoder.layer.1.attention.self.query.ef_lora_A
tune roberta.encoder.layer.1.attention.self.query.ef_lora_B
tune roberta.encoder.layer.1.attention.self.value.ef_lora_A
tune roberta.encoder.layer.1.attention.self.value.ef_lora_B
tune roberta.encoder.layer.2.attention.self.query.ef_lora_A
tune roberta.encoder.layer.2.attention.self.query.ef_lora_B
tune roberta.encoder.layer.2.attention.self.value.ef_lora_A
tune roberta.encoder.layer.2.attention.self.value.ef_lora_B
tune roberta.encoder.layer.3.attention.self.query.ef_lora_A
tune roberta.encoder.layer.3.attention.self.query.ef_lora_B
tune roberta.encoder.layer.3.attention.self.value.ef_lora_A
tune roberta.encoder.layer.3.attention.self.value.ef_lora_B
tune roberta.encoder.layer.4.attention.self.query.ef_lora_A
tune roberta.encoder.layer.4.attention.self.query.ef_lora_B
tune roberta.encoder.layer.4.attention.self.value.ef_lora_A
tune roberta.encoder.layer.4.attention.self.value.ef_lora_B
tune roberta.encoder.layer.5.attention.self.query.ef_lora_A
tune roberta.encoder.layer.5.attention.self.query.ef_lora_B
tune roberta.encoder.layer.5.attention.self.value.ef_lora_A
tune roberta.encoder.layer.5.attention.self.value.ef_lora_B
tune roberta.encoder.layer.6.attention.self.query.ef_lora_A
tune roberta.encoder.layer.6.attention.self.query.ef_lora_B
tune roberta.encoder.layer.6.attention.self.value.ef_lora_A
tune roberta.encoder.layer.6.attention.self.value.ef_lora_B
tune roberta.encoder.layer.7.attention.self.query.ef_lora_A
tune roberta.encoder.layer.7.attention.self.query.ef_lora_B
tune roberta.encoder.layer.7.attention.self.value.ef_lora_A
tune roberta.encoder.layer.7.attention.self.value.ef_lora_B
tune roberta.encoder.layer.8.attention.self.query.ef_lora_A
tune roberta.encoder.layer.8.attention.self.query.ef_lora_B
tune roberta.encoder.layer.8.attention.self.value.ef_lora_A
tune roberta.encoder.layer.8.attention.self.value.ef_lora_B
tune roberta.encoder.layer.9.attention.self.query.ef_lora_A
tune roberta.encoder.layer.9.attention.self.query.ef_lora_B
tune roberta.encoder.layer.9.attention.self.value.ef_lora_A
tune roberta.encoder.layer.9.attention.self.value.ef_lora_B
tune roberta.encoder.layer.10.attention.self.query.ef_lora_A
tune roberta.encoder.layer.10.attention.self.query.ef_lora_B
tune roberta.encoder.layer.10.attention.self.value.ef_lora_A
tune roberta.encoder.layer.10.attention.self.value.ef_lora_B
tune roberta.encoder.layer.11.attention.self.query.ef_lora_A
tune roberta.encoder.layer.11.attention.self.query.ef_lora_B
tune roberta.encoder.layer.11.attention.self.value.ef_lora_A
tune roberta.encoder.layer.11.attention.self.value.ef_lora_B
10/04/2026 14:42:32 - WARNING - datasets.fingerprint -   Parameter 'function'=<function main.<locals>.preprocess_function at 0x7f768cd3df70> of the transform datasets.arrow_dataset.Dataset._map_single couldn't be hashed properly, a random hash was used instead. Make sure your transforms and parameters are serializable with pickle or dill for the dataset fingerprinting and caching to work. If you reuse this transform, the caching mechanism will consider it to be different from the previous calls and recompute everything. This warning is only showed once. Subsequent hashing failures won't be showed.
Running tokenizer on dataset:   0%|          | 0/68 [00:00<?, ?ba/s]Running tokenizer on dataset:   7%|▋         | 5/68 [00:00<00:01, 45.93ba/s]Running tokenizer on dataset:  16%|█▌        | 11/68 [00:00<00:01, 52.91ba/s]Running tokenizer on dataset:  25%|██▌       | 17/68 [00:00<00:01, 35.83ba/s]Running tokenizer on dataset:  35%|███▌      | 24/68 [00:00<00:00, 44.07ba/s]Running tokenizer on dataset:  46%|████▌     | 31/68 [00:00<00:00, 50.07ba/s]Running tokenizer on dataset:  56%|█████▌    | 38/68 [00:00<00:00, 55.26ba/s]Running tokenizer on dataset:  65%|██████▍   | 44/68 [00:00<00:00, 44.68ba/s]Running tokenizer on dataset:  75%|███████▌  | 51/68 [00:01<00:00, 50.00ba/s]Running tokenizer on dataset:  85%|████████▌ | 58/68 [00:01<00:00, 54.35ba/s]Running tokenizer on dataset:  96%|█████████▌| 65/68 [00:01<00:00, 38.79ba/s]Running tokenizer on dataset: 100%|██████████| 68/68 [00:01<00:00, 45.28ba/s]
Running tokenizer on dataset:   0%|          | 0/1 [00:00<?, ?ba/s]Running tokenizer on dataset: 100%|██████████| 1/1 [00:00<00:00, 55.21ba/s]
Running tokenizer on dataset:   0%|          | 0/2 [00:00<?, ?ba/s]Running tokenizer on dataset: 100%|██████████| 2/2 [00:00<00:00, 51.90ba/s]
10/04/2026 14:42:33 - INFO - __main__ -   Sample 5738 of the training set: {'attention_mask': [1, 1, 1, 1, 1, 1, 1, 1, 1, 1, 1, 1, 1, 1, 1, 1, 1, 1, 1, 1, 1, 1, 1, 1, 1, 1, 1, 1, 1, 1, 1, 1, 1], 'idx': 5738, 'input_ids': [0, 27555, 29, 42, 35727, 7223, 16697, 8, 157, 12, 8726, 1538, 4149, 14, 6822, 10, 12509, 11986, 9, 4879, 301, 8, 5, 1380, 18962, 14, 26370, 5290, 80, 664, 604, 1437, 2], 'label': 1, 'sentence': 'directs this intricately structured and well-realized drama that presents a fascinating glimpse of urban life and the class warfare that embroils two young men '}.
10/04/2026 14:42:33 - INFO - __main__ -   Sample 11165 of the training set: {'attention_mask': [1, 1, 1, 1, 1, 1, 1, 1, 1, 1], 'idx': 11165, 'input_ids': [0, 5593, 36774, 842, 2558, 1571, 8, 8882, 1437, 2], 'label': 1, 'sentence': 'remarkable serenity and discipline '}.
10/04/2026 14:42:33 - INFO - __main__ -   Sample 17936 of the training set: {'attention_mask': [1, 1, 1, 1, 1, 1], 'idx': 17936, 'input_ids': [0, 5652, 780, 3038, 1437, 2], 'label': 1, 'sentence': 'than special effects '}.
[INFO|trainer.py:420] 2026-10-04 14:42:34,650 >> Using amp fp16 backend
/work/unify-parameter-efficient-tuning/src/transformers/trainer.py:430: FutureWarning: `torch.cuda.amp.GradScaler(args...)` is deprecated. Please use `torch.amp.GradScaler('cuda', args...)` instead.
  self.scaler = torch.cuda.amp.GradScaler()
[INFO|trainer.py:520] 2026-10-04 14:42:34,651 >> The following columns in the training set  don't have a corresponding argument in `PETLEncModel.forward` and have been ignored: idx, sentence.
[INFO|trainer.py:1183] 2026-10-04 14:42:35,313 >> ***** Running training *****
[INFO|trainer.py:1184] 2026-10-04 14:42:35,313 >>   Num examples = 67349
[INFO|trainer.py:1185] 2026-10-04 14:42:35,313 >>   Num Epochs = 10
[INFO|trainer.py:1186] 2026-10-04 14:42:35,313 >>   Instantaneous batch size per device = 32
[INFO|trainer.py:1187] 2026-10-04 14:42:35,313 >>   Total train batch size (w. parallel, distributed & accumulation) = 32
[INFO|trainer.py:1188] 2026-10-04 14:42:35,313 >>   Gradient Accumulation steps = 1
[INFO|trainer.py:1189] 2026-10-04 14:42:35,313 >>   Total optimization steps = 21050
/work/unify-parameter-efficient-tuning/src/transformers/trainer.py:1784: FutureWarning: `torch.cuda.amp.autocast(args...)` is deprecated. Please use `torch.amp.autocast('cuda', args...)` instead.
  with autocast():
{'loss': 0.7256, 'learning_rate': 3.9588281868566905e-06, 'epoch': 0.02}
{'loss': 0.7186, 'learning_rate': 7.917656373713381e-06, 'epoch': 0.05}
{'loss': 0.7172, 'learning_rate': 1.187648456057007e-05, 'epoch': 0.07}
{'loss': 0.7079, 'learning_rate': 1.5835312747426762e-05, 'epoch': 0.1}
{'loss': 0.698, 'learning_rate': 1.9794140934283453e-05, 'epoch': 0.12}
{'loss': 0.6906, 'learning_rate': 2.375296912114014e-05, 'epoch': 0.14}
{'loss': 0.6898, 'learning_rate': 2.7711797307996832e-05, 'epoch': 0.17}
{'loss': 0.6734, 'learning_rate': 3.1670625494853524e-05, 'epoch': 0.19}
{'loss': 0.6573, 'learning_rate': 3.5629453681710215e-05, 'epoch': 0.21}
{'loss': 0.5607, 'learning_rate': 3.9588281868566906e-05, 'epoch': 0.24}
{'loss': 0.4565, 'learning_rate': 4.35471100554236e-05, 'epoch': 0.26}
{'loss': 0.4124, 'learning_rate': 4.742676167854315e-05, 'epoch': 0.29}
{'loss': 0.3564, 'learning_rate': 5.138558986539984e-05, 'epoch': 0.31}
{'loss': 0.3441, 'learning_rate': 5.534441805225653e-05, 'epoch': 0.33}
{'loss': 0.3264, 'learning_rate': 5.930324623911323e-05, 'epoch': 0.36}
{'loss': 0.3039, 'learning_rate': 6.326207442596992e-05, 'epoch': 0.38}
{'loss': 0.3128, 'learning_rate': 6.722090261282661e-05, 'epoch': 0.4}
{'loss': 0.3092, 'learning_rate': 7.117973079968329e-05, 'epoch': 0.43}
{'loss': 0.2843, 'learning_rate': 7.513855898653998e-05, 'epoch': 0.45}
{'loss': 0.3007, 'learning_rate': 7.909738717339667e-05, 'epoch': 0.48}
{'loss': 0.2875, 'learning_rate': 8.305621536025337e-05, 'epoch': 0.5}
{'loss': 0.3405, 'learning_rate': 8.701504354711007e-05, 'epoch': 0.52}
{'loss': 0.2821, 'learning_rate': 9.097387173396675e-05, 'epoch': 0.55}
{'loss': 0.2853, 'learning_rate': 9.493269992082344e-05, 'epoch': 0.57}
{'loss': 0.2876, 'learning_rate': 9.889152810768013e-05, 'epoch': 0.59}
{'loss': 0.2696, 'learning_rate': 9.981824430181433e-05, 'epoch': 0.62}
{'loss': 0.2602, 'learning_rate': 9.9565805832112e-05, 'epoch': 0.64}
{'loss': 0.2737, 'learning_rate': 9.931336736240967e-05, 'epoch': 0.67}
{'loss': 0.2787, 'learning_rate': 9.906092889270734e-05, 'epoch': 0.69}
{'loss': 0.2645, 'learning_rate': 9.8808490423005e-05, 'epoch': 0.71}
{'loss': 0.2504, 'learning_rate': 9.855605195330267e-05, 'epoch': 0.74}
{'loss': 0.2647, 'learning_rate': 9.830361348360034e-05, 'epoch': 0.76}
{'loss': 0.2736, 'learning_rate': 9.805622378329207e-05, 'epoch': 0.78}
{'loss': 0.2544, 'learning_rate': 9.780378531358974e-05, 'epoch': 0.81}
{'loss': 0.2553, 'learning_rate': 9.755134684388741e-05, 'epoch': 0.83}
{'loss': 0.2569, 'learning_rate': 9.729890837418508e-05, 'epoch': 0.86}
{'loss': 0.2545, 'learning_rate': 9.704646990448275e-05, 'epoch': 0.88}
{'loss': 0.2674, 'learning_rate': 9.679403143478042e-05, 'epoch': 0.9}
{'loss': 0.2747, 'learning_rate': 9.654159296507808e-05, 'epoch': 0.93}
{'loss': 0.2489, 'learning_rate': 9.628915449537576e-05, 'epoch': 0.95}
{'loss': 0.2367, 'learning_rate': 9.603671602567343e-05, 'epoch': 0.97}
{'loss': 0.2542, 'learning_rate': 9.57842775559711e-05, 'epoch': 1.0}
[INFO|trainer.py:520] 2026-10-04 14:43:23,943 >> The following columns in the evaluation set  don't have a corresponding argument in `PETLEncModel.forward` and have been ignored: idx, sentence.
[INFO|trainer.py:2179] 2026-10-04 14:43:23,945 >> ***** Running Evaluation *****
[INFO|trainer.py:2181] 2026-10-04 14:43:23,945 >>   Num examples = 872
[INFO|trainer.py:2184] 2026-10-04 14:43:23,945 >>   Batch size = 32
{'eval_loss': 0.20777766406536102, 'eval_accuracy': 0.9208715596330275, 'eval_runtime': 0.7095, 'eval_samples_per_second': 1229.064, 'eval_steps_per_second': 39.465, 'epoch': 1.0}
[INFO|trainer.py:1933] 2026-10-04 14:43:24,655 >> Saving model checkpoint to checkpoints/glue/sst2/20261004/glue.sst2.lora.am_lora.ao_none.fm_none.fo_none.abn.fbn.ac_add.fl_none.finit_bert.fs_1.unfrz_ef_.ne10.warm0.06.wd0.1.seed8./checkpoint-2105
[INFO|configuration_utils.py:364] 2026-10-04 14:43:24,657 >> Configuration saved in checkpoints/glue/sst2/20261004/glue.sst2.lora.am_lora.ao_none.fm_none.fo_none.abn.fbn.ac_add.fl_none.finit_bert.fs_1.unfrz_ef_.ne10.warm0.06.wd0.1.seed8./checkpoint-2105/config.json
[INFO|modeling_utils.py:898] 2026-10-04 14:43:24,922 >> Model weights saved in checkpoints/glue/sst2/20261004/glue.sst2.lora.am_lora.ao_none.fm_none.fo_none.abn.fbn.ac_add.fl_none.finit_bert.fs_1.unfrz_ef_.ne10.warm0.06.wd0.1.seed8./checkpoint-2105/pytorch_model.bin
[INFO|tokenization_utils_base.py:1948] 2026-10-04 14:43:24,923 >> tokenizer config file saved in checkpoints/glue/sst2/20261004/glue.sst2.lora.am_lora.ao_none.fm_none.fo_none.abn.fbn.ac_add.fl_none.finit_bert.fs_1.unfrz_ef_.ne10.warm0.06.wd0.1.seed8./checkpoint-2105/tokenizer_config.json
[INFO|tokenization_utils_base.py:1954] 2026-10-04 14:43:24,923 >> Special tokens file saved in checkpoints/glue/sst2/20261004/glue.sst2.lora.am_lora.ao_none.fm_none.fo_none.abn.fbn.ac_add.fl_none.finit_bert.fs_1.unfrz_ef_.ne10.warm0.06.wd0.1.seed8./checkpoint-2105/special_tokens_map.json
/work/unify-parameter-efficient-tuning/src/transformers/trainer.py:1784: FutureWarning: `torch.cuda.amp.autocast(args...)` is deprecated. Please use `torch.amp.autocast('cuda', args...)` instead.
  with autocast():
{'loss': 0.2549, 'learning_rate': 9.553183908626877e-05, 'epoch': 1.02}
{'loss': 0.2204, 'learning_rate': 9.527940061656643e-05, 'epoch': 1.05}
{'loss': 0.2245, 'learning_rate': 9.50269621468641e-05, 'epoch': 1.07}
{'loss': 0.2475, 'learning_rate': 9.477452367716177e-05, 'epoch': 1.09}
{'loss': 0.2469, 'learning_rate': 9.452208520745944e-05, 'epoch': 1.12}
{'loss': 0.2266, 'learning_rate': 9.426964673775711e-05, 'epoch': 1.14}
{'loss': 0.248, 'learning_rate': 9.40172082680548e-05, 'epoch': 1.16}
{'loss': 0.2281, 'learning_rate': 9.376476979835246e-05, 'epoch': 1.19}
{'loss': 0.2193, 'learning_rate': 9.351233132865013e-05, 'epoch': 1.21}
{'loss': 0.2567, 'learning_rate': 9.32598928589478e-05, 'epoch': 1.24}
{'loss': 0.2492, 'learning_rate': 9.300745438924547e-05, 'epoch': 1.26}
{'loss': 0.2304, 'learning_rate': 9.275501591954314e-05, 'epoch': 1.28}
{'loss': 0.23, 'learning_rate': 9.250257744984081e-05, 'epoch': 1.31}
{'loss': 0.2379, 'learning_rate': 9.225013898013848e-05, 'epoch': 1.33}
{'loss': 0.2402, 'learning_rate': 9.199770051043615e-05, 'epoch': 1.35}
{'loss': 0.2328, 'learning_rate': 9.174526204073382e-05, 'epoch': 1.38}
{'loss': 0.2337, 'learning_rate': 9.149282357103149e-05, 'epoch': 1.4}
{'loss': 0.2339, 'learning_rate': 9.124038510132916e-05, 'epoch': 1.43}
{'loss': 0.2306, 'learning_rate': 9.098794663162683e-05, 'epoch': 1.45}
{'loss': 0.2269, 'learning_rate': 9.07355081619245e-05, 'epoch': 1.47}
{'loss': 0.2443, 'learning_rate': 9.048306969222216e-05, 'epoch': 1.5}
{'loss': 0.2263, 'learning_rate': 9.023063122251983e-05, 'epoch': 1.52}
{'loss': 0.1993, 'learning_rate': 8.99781927528175e-05, 'epoch': 1.54}
{'loss': 0.2334, 'learning_rate': 8.972575428311519e-05, 'epoch': 1.57}
{'loss': 0.2277, 'learning_rate': 8.947331581341286e-05, 'epoch': 1.59}
{'loss': 0.247, 'learning_rate': 8.922087734371053e-05, 'epoch': 1.62}
{'loss': 0.2196, 'learning_rate': 8.896843887400819e-05, 'epoch': 1.64}
{'loss': 0.2292, 'learning_rate': 8.871600040430586e-05, 'epoch': 1.66}
{'loss': 0.211, 'learning_rate': 8.846356193460353e-05, 'epoch': 1.69}
{'loss': 0.2273, 'learning_rate': 8.82111234649012e-05, 'epoch': 1.71}
{'loss': 0.2444, 'learning_rate': 8.796373376459292e-05, 'epoch': 1.73}
{'loss': 0.2421, 'learning_rate': 8.771129529489059e-05, 'epoch': 1.76}
{'loss': 0.2222, 'learning_rate': 8.745885682518826e-05, 'epoch': 1.78}
{'loss': 0.2034, 'learning_rate': 8.720641835548593e-05, 'epoch': 1.81}
{'loss': 0.2243, 'learning_rate': 8.695397988578359e-05, 'epoch': 1.83}
{'loss': 0.1975, 'learning_rate': 8.670154141608126e-05, 'epoch': 1.85}
{'loss': 0.2353, 'learning_rate': 8.644910294637895e-05, 'epoch': 1.88}
{'loss': 0.2127, 'learning_rate': 8.619666447667662e-05, 'epoch': 1.9}
{'loss': 0.2265, 'learning_rate': 8.594422600697429e-05, 'epoch': 1.92}
{'loss': 0.2182, 'learning_rate': 8.569178753727196e-05, 'epoch': 1.95}
{'loss': 0.2182, 'learning_rate': 8.543934906756961e-05, 'epoch': 1.97}
{'loss': 0.2039, 'learning_rate': 8.518691059786729e-05, 'epoch': 2.0}
[INFO|trainer.py:520] 2026-10-04 14:44:12,628 >> The following columns in the evaluation set  don't have a corresponding argument in `PETLEncModel.forward` and have been ignored: idx, sentence.
[INFO|trainer.py:2179] 2026-10-04 14:44:12,631 >> ***** Running Evaluation *****
[INFO|trainer.py:2181] 2026-10-04 14:44:12,631 >>   Num examples = 872
[INFO|trainer.py:2184] 2026-10-04 14:44:12,631 >>   Batch size = 32
{'eval_loss': 0.20783762633800507, 'eval_accuracy': 0.9357798165137615, 'eval_runtime': 0.5836, 'eval_samples_per_second': 1494.07, 'eval_steps_per_second': 47.975, 'epoch': 2.0}
[INFO|trainer.py:1933] 2026-10-04 14:44:13,215 >> Saving model checkpoint to checkpoints/glue/sst2/20261004/glue.sst2.lora.am_lora.ao_none.fm_none.fo_none.abn.fbn.ac_add.fl_none.finit_bert.fs_1.unfrz_ef_.ne10.warm0.06.wd0.1.seed8./checkpoint-4210
[INFO|configuration_utils.py:364] 2026-10-04 14:44:13,221 >> Configuration saved in checkpoints/glue/sst2/20261004/glue.sst2.lora.am_lora.ao_none.fm_none.fo_none.abn.fbn.ac_add.fl_none.finit_bert.fs_1.unfrz_ef_.ne10.warm0.06.wd0.1.seed8./checkpoint-4210/config.json
[INFO|modeling_utils.py:898] 2026-10-04 14:44:13,552 >> Model weights saved in checkpoints/glue/sst2/20261004/glue.sst2.lora.am_lora.ao_none.fm_none.fo_none.abn.fbn.ac_add.fl_none.finit_bert.fs_1.unfrz_ef_.ne10.warm0.06.wd0.1.seed8./checkpoint-4210/pytorch_model.bin
[INFO|tokenization_utils_base.py:1948] 2026-10-04 14:44:13,554 >> tokenizer config file saved in checkpoints/glue/sst2/20261004/glue.sst2.lora.am_lora.ao_none.fm_none.fo_none.abn.fbn.ac_add.fl_none.finit_bert.fs_1.unfrz_ef_.ne10.warm0.06.wd0.1.seed8./checkpoint-4210/tokenizer_config.json
[INFO|tokenization_utils_base.py:1954] 2026-10-04 14:44:13,555 >> Special tokens file saved in checkpoints/glue/sst2/20261004/glue.sst2.lora.am_lora.ao_none.fm_none.fo_none.abn.fbn.ac_add.fl_none.finit_bert.fs_1.unfrz_ef_.ne10.warm0.06.wd0.1.seed8./checkpoint-4210/special_tokens_map.json
/work/unify-parameter-efficient-tuning/src/transformers/trainer.py:1784: FutureWarning: `torch.cuda.amp.autocast(args...)` is deprecated. Please use `torch.amp.autocast('cuda', args...)` instead.
  with autocast():
{'loss': 0.2017, 'learning_rate': 8.493447212816496e-05, 'epoch': 2.02}
{'loss': 0.2131, 'learning_rate': 8.468203365846263e-05, 'epoch': 2.04}
{'loss': 0.2093, 'learning_rate': 8.44295951887603e-05, 'epoch': 2.07}
{'loss': 0.2266, 'learning_rate': 8.417715671905797e-05, 'epoch': 2.09}
{'loss': 0.2137, 'learning_rate': 8.392471824935564e-05, 'epoch': 2.11}
{'loss': 0.2173, 'learning_rate': 8.367227977965331e-05, 'epoch': 2.14}
{'loss': 0.193, 'learning_rate': 8.341984130995098e-05, 'epoch': 2.16}
{'loss': 0.2078, 'learning_rate': 8.316740284024865e-05, 'epoch': 2.19}
{'loss': 0.2165, 'learning_rate': 8.291496437054632e-05, 'epoch': 2.21}
{'loss': 0.2108, 'learning_rate': 8.2662525900844e-05, 'epoch': 2.23}
{'loss': 0.1952, 'learning_rate': 8.241008743114166e-05, 'epoch': 2.26}
{'loss': 0.2147, 'learning_rate': 8.215764896143933e-05, 'epoch': 2.28}
{'loss': 0.182, 'learning_rate': 8.1905210491737e-05, 'epoch': 2.3}
{'loss': 0.2088, 'learning_rate': 8.165277202203468e-05, 'epoch': 2.33}
{'loss': 0.2187, 'learning_rate': 8.140033355233235e-05, 'epoch': 2.35}
{'loss': 0.1873, 'learning_rate': 8.114789508263002e-05, 'epoch': 2.38}
{'loss': 0.202, 'learning_rate': 8.089545661292769e-05, 'epoch': 2.4}
{'loss': 0.2047, 'learning_rate': 8.064301814322535e-05, 'epoch': 2.42}
{'loss': 0.2018, 'learning_rate': 8.039057967352302e-05, 'epoch': 2.45}
{'loss': 0.1853, 'learning_rate': 8.013814120382069e-05, 'epoch': 2.47}
{'loss': 0.201, 'learning_rate': 7.988570273411836e-05, 'epoch': 2.49}
{'loss': 0.215, 'learning_rate': 7.963326426441604e-05, 'epoch': 2.52}
{'loss': 0.2135, 'learning_rate': 7.938082579471371e-05, 'epoch': 2.54}
{'loss': 0.2078, 'learning_rate': 7.912838732501137e-05, 'epoch': 2.57}
{'loss': 0.199, 'learning_rate': 7.887594885530904e-05, 'epoch': 2.59}
{'loss': 0.2141, 'learning_rate': 7.862351038560671e-05, 'epoch': 2.61}
{'loss': 0.2248, 'learning_rate': 7.837107191590438e-05, 'epoch': 2.64}
{'loss': 0.1836, 'learning_rate': 7.811863344620207e-05, 'epoch': 2.66}
{'loss': 0.2327, 'learning_rate': 7.787124374589378e-05, 'epoch': 2.68}
{'loss': 0.1903, 'learning_rate': 7.761880527619145e-05, 'epoch': 2.71}
{'loss': 0.2129, 'learning_rate': 7.736636680648912e-05, 'epoch': 2.73}
{'loss': 0.2154, 'learning_rate': 7.711392833678677e-05, 'epoch': 2.76}
{'loss': 0.193, 'learning_rate': 7.686148986708445e-05, 'epoch': 2.78}
{'loss': 0.2003, 'learning_rate': 7.660905139738213e-05, 'epoch': 2.8}
{'loss': 0.2006, 'learning_rate': 7.63566129276798e-05, 'epoch': 2.83}
{'loss': 0.2194, 'learning_rate': 7.610417445797747e-05, 'epoch': 2.85}
{'loss': 0.2011, 'learning_rate': 7.585173598827514e-05, 'epoch': 2.87}
{'loss': 0.2083, 'learning_rate': 7.55992975185728e-05, 'epoch': 2.9}
{'loss': 0.1774, 'learning_rate': 7.534685904887047e-05, 'epoch': 2.92}
{'loss': 0.1919, 'learning_rate': 7.509442057916814e-05, 'epoch': 2.95}
{'loss': 0.1857, 'learning_rate': 7.484198210946581e-05, 'epoch': 2.97}
{'loss': 0.2313, 'learning_rate': 7.458954363976348e-05, 'epoch': 2.99}
[INFO|trainer.py:520] 2026-10-04 14:45:02,226 >> The following columns in the evaluation set  don't have a corresponding argument in `PETLEncModel.forward` and have been ignored: idx, sentence.
[INFO|trainer.py:2179] 2026-10-04 14:45:02,228 >> ***** Running Evaluation *****
[INFO|trainer.py:2181] 2026-10-04 14:45:02,228 >>   Num examples = 872
[INFO|trainer.py:2184] 2026-10-04 14:45:02,228 >>   Batch size = 32
{'eval_loss': 0.20239755511283875, 'eval_accuracy': 0.9369266055045872, 'eval_runtime': 0.5854, 'eval_samples_per_second': 1489.508, 'eval_steps_per_second': 47.828, 'epoch': 3.0}
[INFO|trainer.py:1933] 2026-10-04 14:45:02,814 >> Saving model checkpoint to checkpoints/glue/sst2/20261004/glue.sst2.lora.am_lora.ao_none.fm_none.fo_none.abn.fbn.ac_add.fl_none.finit_bert.fs_1.unfrz_ef_.ne10.warm0.06.wd0.1.seed8./checkpoint-6315
[INFO|configuration_utils.py:364] 2026-10-04 14:45:02,815 >> Configuration saved in checkpoints/glue/sst2/20261004/glue.sst2.lora.am_lora.ao_none.fm_none.fo_none.abn.fbn.ac_add.fl_none.finit_bert.fs_1.unfrz_ef_.ne10.warm0.06.wd0.1.seed8./checkpoint-6315/config.json
[INFO|modeling_utils.py:898] 2026-10-04 14:45:03,065 >> Model weights saved in checkpoints/glue/sst2/20261004/glue.sst2.lora.am_lora.ao_none.fm_none.fo_none.abn.fbn.ac_add.fl_none.finit_bert.fs_1.unfrz_ef_.ne10.warm0.06.wd0.1.seed8./checkpoint-6315/pytorch_model.bin
[INFO|tokenization_utils_base.py:1948] 2026-10-04 14:45:03,066 >> tokenizer config file saved in checkpoints/glue/sst2/20261004/glue.sst2.lora.am_lora.ao_none.fm_none.fo_none.abn.fbn.ac_add.fl_none.finit_bert.fs_1.unfrz_ef_.ne10.warm0.06.wd0.1.seed8./checkpoint-6315/tokenizer_config.json
[INFO|tokenization_utils_base.py:1954] 2026-10-04 14:45:03,066 >> Special tokens file saved in checkpoints/glue/sst2/20261004/glue.sst2.lora.am_lora.ao_none.fm_none.fo_none.abn.fbn.ac_add.fl_none.finit_bert.fs_1.unfrz_ef_.ne10.warm0.06.wd0.1.seed8./checkpoint-6315/special_tokens_map.json
[INFO|trainer.py:2009] 2026-10-04 14:45:03,123 >> Deleting older checkpoint [checkpoints/glue/sst2/20261004/glue.sst2.lora.am_lora.ao_none.fm_none.fo_none.abn.fbn.ac_add.fl_none.finit_bert.fs_1.unfrz_ef_.ne10.warm0.06.wd0.1.seed8./checkpoint-2105] due to args.save_total_limit
/work/unify-parameter-efficient-tuning/src/transformers/trainer.py:1784: FutureWarning: `torch.cuda.amp.autocast(args...)` is deprecated. Please use `torch.amp.autocast('cuda', args...)` instead.
  with autocast():
{'loss': 0.1754, 'learning_rate': 7.433710517006115e-05, 'epoch': 3.02}
{'loss': 0.1698, 'learning_rate': 7.408466670035882e-05, 'epoch': 3.04}
{'loss': 0.22, 'learning_rate': 7.383222823065648e-05, 'epoch': 3.06}
{'loss': 0.2051, 'learning_rate': 7.357978976095417e-05, 'epoch': 3.09}
{'loss': 0.2136, 'learning_rate': 7.332735129125184e-05, 'epoch': 3.11}
{'loss': 0.1871, 'learning_rate': 7.307491282154951e-05, 'epoch': 3.14}
{'loss': 0.1837, 'learning_rate': 7.282247435184718e-05, 'epoch': 3.16}
{'loss': 0.1951, 'learning_rate': 7.257003588214485e-05, 'epoch': 3.18}
{'loss': 0.1971, 'learning_rate': 7.231759741244252e-05, 'epoch': 3.21}
{'loss': 0.198, 'learning_rate': 7.206515894274019e-05, 'epoch': 3.23}
{'loss': 0.168, 'learning_rate': 7.181272047303786e-05, 'epoch': 3.25}
{'loss': 0.1799, 'learning_rate': 7.156028200333553e-05, 'epoch': 3.28}
{'loss': 0.1776, 'learning_rate': 7.13078435336332e-05, 'epoch': 3.3}
{'loss': 0.1863, 'learning_rate': 7.105540506393087e-05, 'epoch': 3.33}
{'loss': 0.1919, 'learning_rate': 7.080296659422853e-05, 'epoch': 3.35}
{'loss': 0.1925, 'learning_rate': 7.05505281245262e-05, 'epoch': 3.37}
{'loss': 0.2138, 'learning_rate': 7.029808965482387e-05, 'epoch': 3.4}
{'loss': 0.1856, 'learning_rate': 7.004565118512154e-05, 'epoch': 3.42}
{'loss': 0.187, 'learning_rate': 6.979321271541921e-05, 'epoch': 3.44}
{'loss': 0.1822, 'learning_rate': 6.954077424571688e-05, 'epoch': 3.47}
{'loss': 0.2008, 'learning_rate': 6.928833577601456e-05, 'epoch': 3.49}
{'loss': 0.2091, 'learning_rate': 6.903589730631223e-05, 'epoch': 3.52}
{'loss': 0.194, 'learning_rate': 6.87834588366099e-05, 'epoch': 3.54}
{'loss': 0.1701, 'learning_rate': 6.853102036690757e-05, 'epoch': 3.56}
{'loss': 0.1968, 'learning_rate': 6.827858189720525e-05, 'epoch': 3.59}
{'loss': 0.1993, 'learning_rate': 6.802614342750292e-05, 'epoch': 3.61}
{'loss': 0.1746, 'learning_rate': 6.777875372719463e-05, 'epoch': 3.63}
{'loss': 0.172, 'learning_rate': 6.75263152574923e-05, 'epoch': 3.66}
{'loss': 0.1935, 'learning_rate': 6.727387678778996e-05, 'epoch': 3.68}
{'loss': 0.1898, 'learning_rate': 6.702143831808763e-05, 'epoch': 3.71}
{'loss': 0.2053, 'learning_rate': 6.676899984838531e-05, 'epoch': 3.73}
{'loss': 0.1859, 'learning_rate': 6.651656137868299e-05, 'epoch': 3.75}
{'loss': 0.1861, 'learning_rate': 6.626412290898066e-05, 'epoch': 3.78}
{'loss': 0.1886, 'learning_rate': 6.601168443927833e-05, 'epoch': 3.8}
{'loss': 0.1873, 'learning_rate': 6.575924596957598e-05, 'epoch': 3.82}
{'loss': 0.1915, 'learning_rate': 6.550680749987365e-05, 'epoch': 3.85}
{'loss': 0.1797, 'learning_rate': 6.525436903017133e-05, 'epoch': 3.87}
{'loss': 0.2031, 'learning_rate': 6.5001930560469e-05, 'epoch': 3.9}
{'loss': 0.1822, 'learning_rate': 6.474949209076667e-05, 'epoch': 3.92}
{'loss': 0.1797, 'learning_rate': 6.449705362106434e-05, 'epoch': 3.94}
{'loss': 0.2054, 'learning_rate': 6.424966392075606e-05, 'epoch': 3.97}
{'loss': 0.1634, 'learning_rate': 6.399722545105373e-05, 'epoch': 3.99}
[INFO|trainer.py:520] 2026-10-04 14:45:52,774 >> The following columns in the evaluation set  don't have a corresponding argument in `PETLEncModel.forward` and have been ignored: idx, sentence.
[INFO|trainer.py:2179] 2026-10-04 14:45:52,776 >> ***** Running Evaluation *****
[INFO|trainer.py:2181] 2026-10-04 14:45:52,776 >>   Num examples = 872
[INFO|trainer.py:2184] 2026-10-04 14:45:52,776 >>   Batch size = 32
{'eval_loss': 0.1988983303308487, 'eval_accuracy': 0.9334862385321101, 'eval_runtime': 0.7497, 'eval_samples_per_second': 1163.154, 'eval_steps_per_second': 37.349, 'epoch': 4.0}
[INFO|trainer.py:1933] 2026-10-04 14:45:53,526 >> Saving model checkpoint to checkpoints/glue/sst2/20261004/glue.sst2.lora.am_lora.ao_none.fm_none.fo_none.abn.fbn.ac_add.fl_none.finit_bert.fs_1.unfrz_ef_.ne10.warm0.06.wd0.1.seed8./checkpoint-8420
[INFO|configuration_utils.py:364] 2026-10-04 14:45:53,528 >> Configuration saved in checkpoints/glue/sst2/20261004/glue.sst2.lora.am_lora.ao_none.fm_none.fo_none.abn.fbn.ac_add.fl_none.finit_bert.fs_1.unfrz_ef_.ne10.warm0.06.wd0.1.seed8./checkpoint-8420/config.json
[INFO|modeling_utils.py:898] 2026-10-04 14:45:53,781 >> Model weights saved in checkpoints/glue/sst2/20261004/glue.sst2.lora.am_lora.ao_none.fm_none.fo_none.abn.fbn.ac_add.fl_none.finit_bert.fs_1.unfrz_ef_.ne10.warm0.06.wd0.1.seed8./checkpoint-8420/pytorch_model.bin
[INFO|tokenization_utils_base.py:1948] 2026-10-04 14:45:53,782 >> tokenizer config file saved in checkpoints/glue/sst2/20261004/glue.sst2.lora.am_lora.ao_none.fm_none.fo_none.abn.fbn.ac_add.fl_none.finit_bert.fs_1.unfrz_ef_.ne10.warm0.06.wd0.1.seed8./checkpoint-8420/tokenizer_config.json
[INFO|tokenization_utils_base.py:1954] 2026-10-04 14:45:53,782 >> Special tokens file saved in checkpoints/glue/sst2/20261004/glue.sst2.lora.am_lora.ao_none.fm_none.fo_none.abn.fbn.ac_add.fl_none.finit_bert.fs_1.unfrz_ef_.ne10.warm0.06.wd0.1.seed8./checkpoint-8420/special_tokens_map.json
[INFO|trainer.py:2009] 2026-10-04 14:45:53,843 >> Deleting older checkpoint [checkpoints/glue/sst2/20261004/glue.sst2.lora.am_lora.ao_none.fm_none.fo_none.abn.fbn.ac_add.fl_none.finit_bert.fs_1.unfrz_ef_.ne10.warm0.06.wd0.1.seed8./checkpoint-4210] due to args.save_total_limit
/work/unify-parameter-efficient-tuning/src/transformers/trainer.py:1784: FutureWarning: `torch.cuda.amp.autocast(args...)` is deprecated. Please use `torch.amp.autocast('cuda', args...)` instead.
  with autocast():
{'loss': 0.1863, 'learning_rate': 6.37447869813514e-05, 'epoch': 4.01}
{'loss': 0.1959, 'learning_rate': 6.349234851164906e-05, 'epoch': 4.04}
{'loss': 0.179, 'learning_rate': 6.323991004194673e-05, 'epoch': 4.06}
{'loss': 0.1795, 'learning_rate': 6.29874715722444e-05, 'epoch': 4.09}
{'loss': 0.1667, 'learning_rate': 6.273503310254207e-05, 'epoch': 4.11}
{'loss': 0.1809, 'learning_rate': 6.248259463283974e-05, 'epoch': 4.13}
{'loss': 0.1744, 'learning_rate': 6.223015616313743e-05, 'epoch': 4.16}
{'loss': 0.1751, 'learning_rate': 6.197771769343508e-05, 'epoch': 4.18}
{'loss': 0.1809, 'learning_rate': 6.172527922373275e-05, 'epoch': 4.2}
{'loss': 0.1674, 'learning_rate': 6.147284075403043e-05, 'epoch': 4.23}
{'loss': 0.1908, 'learning_rate': 6.122040228432811e-05, 'epoch': 4.25}
{'loss': 0.1624, 'learning_rate': 6.0967963814625773e-05, 'epoch': 4.28}
{'loss': 0.1895, 'learning_rate': 6.071552534492344e-05, 'epoch': 4.3}
{'loss': 0.1759, 'learning_rate': 6.046308687522112e-05, 'epoch': 4.32}
{'loss': 0.2289, 'learning_rate': 6.021064840551878e-05, 'epoch': 4.35}
{'loss': 0.1617, 'learning_rate': 5.995820993581644e-05, 'epoch': 4.37}
{'loss': 0.1707, 'learning_rate': 5.970577146611413e-05, 'epoch': 4.39}
{'loss': 0.1826, 'learning_rate': 5.945333299641179e-05, 'epoch': 4.42}
{'loss': 0.1834, 'learning_rate': 5.920089452670946e-05, 'epoch': 4.44}
{'loss': 0.1934, 'learning_rate': 5.8948456057007126e-05, 'epoch': 4.47}
{'loss': 0.1897, 'learning_rate': 5.86960175873048e-05, 'epoch': 4.49}
{'loss': 0.1542, 'learning_rate': 5.844357911760247e-05, 'epoch': 4.51}
{'loss': 0.1836, 'learning_rate': 5.819114064790013e-05, 'epoch': 4.54}
{'loss': 0.1678, 'learning_rate': 5.793870217819781e-05, 'epoch': 4.56}
{'loss': 0.1621, 'learning_rate': 5.768626370849548e-05, 'epoch': 4.58}
{'loss': 0.1606, 'learning_rate': 5.743382523879315e-05, 'epoch': 4.61}
{'loss': 0.1609, 'learning_rate': 5.7181386769090815e-05, 'epoch': 4.63}
{'loss': 0.17, 'learning_rate': 5.69289482993885e-05, 'epoch': 4.66}
{'loss': 0.1949, 'learning_rate': 5.6676509829686177e-05, 'epoch': 4.68}
{'loss': 0.1709, 'learning_rate': 5.6424071359983834e-05, 'epoch': 4.7}
{'loss': 0.1723, 'learning_rate': 5.61716328902815e-05, 'epoch': 4.73}
{'loss': 0.1839, 'learning_rate': 5.591919442057918e-05, 'epoch': 4.75}
{'loss': 0.1467, 'learning_rate': 5.5666755950876846e-05, 'epoch': 4.77}
{'loss': 0.1962, 'learning_rate': 5.54143174811745e-05, 'epoch': 4.8}
{'loss': 0.1868, 'learning_rate': 5.516187901147218e-05, 'epoch': 4.82}
{'loss': 0.1919, 'learning_rate': 5.490944054176985e-05, 'epoch': 4.85}
{'loss': 0.1843, 'learning_rate': 5.465700207206752e-05, 'epoch': 4.87}
{'loss': 0.166, 'learning_rate': 5.4404563602365186e-05, 'epoch': 4.89}
{'loss': 0.1791, 'learning_rate': 5.415212513266286e-05, 'epoch': 4.92}
{'loss': 0.1856, 'learning_rate': 5.389968666296053e-05, 'epoch': 4.94}
{'loss': 0.1505, 'learning_rate': 5.365229696265225e-05, 'epoch': 4.96}
{'loss': 0.1724, 'learning_rate': 5.3399858492949914e-05, 'epoch': 4.99}
[INFO|trainer.py:520] 2026-10-04 14:46:46,215 >> The following columns in the evaluation set  don't have a corresponding argument in `PETLEncModel.forward` and have been ignored: idx, sentence.
[INFO|trainer.py:2179] 2026-10-04 14:46:46,217 >> ***** Running Evaluation *****
[INFO|trainer.py:2181] 2026-10-04 14:46:46,217 >>   Num examples = 872
[INFO|trainer.py:2184] 2026-10-04 14:46:46,217 >>   Batch size = 32
{'eval_loss': 0.21631166338920593, 'eval_accuracy': 0.9311926605504587, 'eval_runtime': 0.7369, 'eval_samples_per_second': 1183.332, 'eval_steps_per_second': 37.997, 'epoch': 5.0}
[INFO|trainer.py:1933] 2026-10-04 14:46:46,955 >> Saving model checkpoint to checkpoints/glue/sst2/20261004/glue.sst2.lora.am_lora.ao_none.fm_none.fo_none.abn.fbn.ac_add.fl_none.finit_bert.fs_1.unfrz_ef_.ne10.warm0.06.wd0.1.seed8./checkpoint-10525
[INFO|configuration_utils.py:364] 2026-10-04 14:46:46,956 >> Configuration saved in checkpoints/glue/sst2/20261004/glue.sst2.lora.am_lora.ao_none.fm_none.fo_none.abn.fbn.ac_add.fl_none.finit_bert.fs_1.unfrz_ef_.ne10.warm0.06.wd0.1.seed8./checkpoint-10525/config.json
[INFO|modeling_utils.py:898] 2026-10-04 14:46:47,214 >> Model weights saved in checkpoints/glue/sst2/20261004/glue.sst2.lora.am_lora.ao_none.fm_none.fo_none.abn.fbn.ac_add.fl_none.finit_bert.fs_1.unfrz_ef_.ne10.warm0.06.wd0.1.seed8./checkpoint-10525/pytorch_model.bin
[INFO|tokenization_utils_base.py:1948] 2026-10-04 14:46:47,215 >> tokenizer config file saved in checkpoints/glue/sst2/20261004/glue.sst2.lora.am_lora.ao_none.fm_none.fo_none.abn.fbn.ac_add.fl_none.finit_bert.fs_1.unfrz_ef_.ne10.warm0.06.wd0.1.seed8./checkpoint-10525/tokenizer_config.json
[INFO|tokenization_utils_base.py:1954] 2026-10-04 14:46:47,216 >> Special tokens file saved in checkpoints/glue/sst2/20261004/glue.sst2.lora.am_lora.ao_none.fm_none.fo_none.abn.fbn.ac_add.fl_none.finit_bert.fs_1.unfrz_ef_.ne10.warm0.06.wd0.1.seed8./checkpoint-10525/special_tokens_map.json
[INFO|trainer.py:2009] 2026-10-04 14:46:47,276 >> Deleting older checkpoint [checkpoints/glue/sst2/20261004/glue.sst2.lora.am_lora.ao_none.fm_none.fo_none.abn.fbn.ac_add.fl_none.finit_bert.fs_1.unfrz_ef_.ne10.warm0.06.wd0.1.seed8./checkpoint-8420] due to args.save_total_limit
/work/unify-parameter-efficient-tuning/src/transformers/trainer.py:1784: FutureWarning: `torch.cuda.amp.autocast(args...)` is deprecated. Please use `torch.amp.autocast('cuda', args...)` instead.
  with autocast():
{'loss': 0.189, 'learning_rate': 5.3147420023247585e-05, 'epoch': 5.01}
{'loss': 0.1713, 'learning_rate': 5.2894981553545256e-05, 'epoch': 5.04}
{'loss': 0.168, 'learning_rate': 5.264254308384292e-05, 'epoch': 5.06}
{'loss': 0.1615, 'learning_rate': 5.239010461414059e-05, 'epoch': 5.08}
{'loss': 0.1833, 'learning_rate': 5.213766614443828e-05, 'epoch': 5.11}
{'loss': 0.1475, 'learning_rate': 5.188522767473594e-05, 'epoch': 5.13}
{'loss': 0.1827, 'learning_rate': 5.16327892050336e-05, 'epoch': 5.15}
{'loss': 0.1561, 'learning_rate': 5.138035073533129e-05, 'epoch': 5.18}
{'loss': 0.1398, 'learning_rate': 5.1127912265628965e-05, 'epoch': 5.2}
{'loss': 0.177, 'learning_rate': 5.087547379592663e-05, 'epoch': 5.23}
{'loss': 0.1735, 'learning_rate': 5.06230353262243e-05, 'epoch': 5.25}
{'loss': 0.1802, 'learning_rate': 5.037059685652197e-05, 'epoch': 5.27}
{'loss': 0.1836, 'learning_rate': 5.0118158386819634e-05, 'epoch': 5.3}
{'loss': 0.1614, 'learning_rate': 4.9865719917117305e-05, 'epoch': 5.32}
{'loss': 0.1842, 'learning_rate': 4.9613281447414976e-05, 'epoch': 5.34}
{'loss': 0.1542, 'learning_rate': 4.936084297771264e-05, 'epoch': 5.37}
{'loss': 0.1778, 'learning_rate': 4.910840450801031e-05, 'epoch': 5.39}
{'loss': 0.1838, 'learning_rate': 4.885596603830798e-05, 'epoch': 5.42}
{'loss': 0.164, 'learning_rate': 4.8603527568605645e-05, 'epoch': 5.44}
{'loss': 0.1727, 'learning_rate': 4.835108909890333e-05, 'epoch': 5.46}
{'loss': 0.1523, 'learning_rate': 4.8098650629201e-05, 'epoch': 5.49}
{'loss': 0.1796, 'learning_rate': 4.7846212159498664e-05, 'epoch': 5.51}
{'loss': 0.1534, 'learning_rate': 4.7593773689796335e-05, 'epoch': 5.53}
{'loss': 0.1874, 'learning_rate': 4.7341335220094006e-05, 'epoch': 5.56}
{'loss': 0.1478, 'learning_rate': 4.708889675039167e-05, 'epoch': 5.58}
{'loss': 0.1813, 'learning_rate': 4.683645828068934e-05, 'epoch': 5.61}
{'loss': 0.1714, 'learning_rate': 4.658401981098701e-05, 'epoch': 5.63}
{'loss': 0.1599, 'learning_rate': 4.633158134128469e-05, 'epoch': 5.65}
{'loss': 0.1476, 'learning_rate': 4.607914287158236e-05, 'epoch': 5.68}
{'loss': 0.1661, 'learning_rate': 4.582670440188003e-05, 'epoch': 5.7}
{'loss': 0.175, 'learning_rate': 4.5574265932177694e-05, 'epoch': 5.72}
{'loss': 0.1645, 'learning_rate': 4.5321827462475365e-05, 'epoch': 5.75}
{'loss': 0.1868, 'learning_rate': 4.5069388992773036e-05, 'epoch': 5.77}
{'loss': 0.1611, 'learning_rate': 4.481695052307071e-05, 'epoch': 5.8}
{'loss': 0.185, 'learning_rate': 4.456451205336837e-05, 'epoch': 5.82}
{'loss': 0.1679, 'learning_rate': 4.4312073583666055e-05, 'epoch': 5.84}
{'loss': 0.1498, 'learning_rate': 4.405963511396372e-05, 'epoch': 5.87}
{'loss': 0.1895, 'learning_rate': 4.380719664426139e-05, 'epoch': 5.89}
{'loss': 0.1728, 'learning_rate': 4.355475817455906e-05, 'epoch': 5.91}
{'loss': 0.1743, 'learning_rate': 4.3302319704856725e-05, 'epoch': 5.94}
{'loss': 0.1758, 'learning_rate': 4.3049881235154395e-05, 'epoch': 5.96}
{'loss': 0.1565, 'learning_rate': 4.2797442765452066e-05, 'epoch': 5.99}
[INFO|trainer.py:520] 2026-10-04 14:47:40,363 >> The following columns in the evaluation set  don't have a corresponding argument in `PETLEncModel.forward` and have been ignored: idx, sentence.
[INFO|trainer.py:2179] 2026-10-04 14:47:40,365 >> ***** Running Evaluation *****
[INFO|trainer.py:2181] 2026-10-04 14:47:40,365 >>   Num examples = 872
[INFO|trainer.py:2184] 2026-10-04 14:47:40,365 >>   Batch size = 32
{'eval_loss': 0.21658559143543243, 'eval_accuracy': 0.930045871559633, 'eval_runtime': 0.7171, 'eval_samples_per_second': 1215.944, 'eval_steps_per_second': 39.044, 'epoch': 6.0}
[INFO|trainer.py:1933] 2026-10-04 14:47:41,083 >> Saving model checkpoint to checkpoints/glue/sst2/20261004/glue.sst2.lora.am_lora.ao_none.fm_none.fo_none.abn.fbn.ac_add.fl_none.finit_bert.fs_1.unfrz_ef_.ne10.warm0.06.wd0.1.seed8./checkpoint-12630
[INFO|configuration_utils.py:364] 2026-10-04 14:47:41,084 >> Configuration saved in checkpoints/glue/sst2/20261004/glue.sst2.lora.am_lora.ao_none.fm_none.fo_none.abn.fbn.ac_add.fl_none.finit_bert.fs_1.unfrz_ef_.ne10.warm0.06.wd0.1.seed8./checkpoint-12630/config.json
[INFO|modeling_utils.py:898] 2026-10-04 14:47:41,434 >> Model weights saved in checkpoints/glue/sst2/20261004/glue.sst2.lora.am_lora.ao_none.fm_none.fo_none.abn.fbn.ac_add.fl_none.finit_bert.fs_1.unfrz_ef_.ne10.warm0.06.wd0.1.seed8./checkpoint-12630/pytorch_model.bin
[INFO|tokenization_utils_base.py:1948] 2026-10-04 14:47:41,436 >> tokenizer config file saved in checkpoints/glue/sst2/20261004/glue.sst2.lora.am_lora.ao_none.fm_none.fo_none.abn.fbn.ac_add.fl_none.finit_bert.fs_1.unfrz_ef_.ne10.warm0.06.wd0.1.seed8./checkpoint-12630/tokenizer_config.json
[INFO|tokenization_utils_base.py:1954] 2026-10-04 14:47:41,437 >> Special tokens file saved in checkpoints/glue/sst2/20261004/glue.sst2.lora.am_lora.ao_none.fm_none.fo_none.abn.fbn.ac_add.fl_none.finit_bert.fs_1.unfrz_ef_.ne10.warm0.06.wd0.1.seed8./checkpoint-12630/special_tokens_map.json
[INFO|trainer.py:2009] 2026-10-04 14:47:41,499 >> Deleting older checkpoint [checkpoints/glue/sst2/20261004/glue.sst2.lora.am_lora.ao_none.fm_none.fo_none.abn.fbn.ac_add.fl_none.finit_bert.fs_1.unfrz_ef_.ne10.warm0.06.wd0.1.seed8./checkpoint-10525] due to args.save_total_limit
/work/unify-parameter-efficient-tuning/src/transformers/trainer.py:1784: FutureWarning: `torch.cuda.amp.autocast(args...)` is deprecated. Please use `torch.amp.autocast('cuda', args...)` instead.
  with autocast():
{'loss': 0.1459, 'learning_rate': 4.254500429574974e-05, 'epoch': 6.01}
{'loss': 0.1587, 'learning_rate': 4.22925658260474e-05, 'epoch': 6.03}
{'loss': 0.1732, 'learning_rate': 4.2040127356345085e-05, 'epoch': 6.06}
{'loss': 0.1762, 'learning_rate': 4.178768888664275e-05, 'epoch': 6.08}
{'loss': 0.1644, 'learning_rate': 4.153525041694042e-05, 'epoch': 6.1}
{'loss': 0.1608, 'learning_rate': 4.128281194723809e-05, 'epoch': 6.13}
{'loss': 0.1379, 'learning_rate': 4.103037347753576e-05, 'epoch': 6.15}
{'loss': 0.1718, 'learning_rate': 4.0777935007833425e-05, 'epoch': 6.18}
{'loss': 0.1622, 'learning_rate': 4.0525496538131096e-05, 'epoch': 6.2}
{'loss': 0.1602, 'learning_rate': 4.027305806842877e-05, 'epoch': 6.22}
{'loss': 0.1419, 'learning_rate': 4.0020619598726445e-05, 'epoch': 6.25}
{'loss': 0.1671, 'learning_rate': 3.9768181129024115e-05, 'epoch': 6.27}
{'loss': 0.1711, 'learning_rate': 3.9515742659321786e-05, 'epoch': 6.29}
{'loss': 0.1556, 'learning_rate': 3.926330418961945e-05, 'epoch': 6.32}
{'loss': 0.1296, 'learning_rate': 3.901086571991712e-05, 'epoch': 6.34}
{'loss': 0.1647, 'learning_rate': 3.875842725021479e-05, 'epoch': 6.37}
{'loss': 0.1652, 'learning_rate': 3.8511037549906514e-05, 'epoch': 6.39}
{'loss': 0.1699, 'learning_rate': 3.825859908020418e-05, 'epoch': 6.41}
{'loss': 0.1622, 'learning_rate': 3.800616061050185e-05, 'epoch': 6.44}
{'loss': 0.1663, 'learning_rate': 3.775372214079952e-05, 'epoch': 6.46}
{'loss': 0.153, 'learning_rate': 3.750128367109719e-05, 'epoch': 6.48}
{'loss': 0.1283, 'learning_rate': 3.7248845201394854e-05, 'epoch': 6.51}
{'loss': 0.1758, 'learning_rate': 3.6996406731692525e-05, 'epoch': 6.53}
{'loss': 0.1754, 'learning_rate': 3.6743968261990196e-05, 'epoch': 6.56}
{'loss': 0.1541, 'learning_rate': 3.649152979228787e-05, 'epoch': 6.58}
{'loss': 0.1558, 'learning_rate': 3.6239091322585544e-05, 'epoch': 6.6}
{'loss': 0.1495, 'learning_rate': 3.5986652852883215e-05, 'epoch': 6.63}
{'loss': 0.1494, 'learning_rate': 3.573421438318088e-05, 'epoch': 6.65}
{'loss': 0.156, 'learning_rate': 3.548177591347855e-05, 'epoch': 6.67}
{'loss': 0.1497, 'learning_rate': 3.522933744377622e-05, 'epoch': 6.7}
{'loss': 0.1731, 'learning_rate': 3.4976898974073885e-05, 'epoch': 6.72}
{'loss': 0.1604, 'learning_rate': 3.4724460504371555e-05, 'epoch': 6.75}
{'loss': 0.152, 'learning_rate': 3.4472022034669226e-05, 'epoch': 6.77}
{'loss': 0.1549, 'learning_rate': 3.4219583564966904e-05, 'epoch': 6.79}
{'loss': 0.1574, 'learning_rate': 3.3967145095264574e-05, 'epoch': 6.82}
{'loss': 0.1759, 'learning_rate': 3.3714706625562245e-05, 'epoch': 6.84}
{'loss': 0.1601, 'learning_rate': 3.346226815585991e-05, 'epoch': 6.86}
{'loss': 0.1634, 'learning_rate': 3.320982968615758e-05, 'epoch': 6.89}
{'loss': 0.1725, 'learning_rate': 3.295739121645525e-05, 'epoch': 6.91}
{'loss': 0.1564, 'learning_rate': 3.270495274675292e-05, 'epoch': 6.94}
{'loss': 0.1799, 'learning_rate': 3.2452514277050585e-05, 'epoch': 6.96}
{'loss': 0.1535, 'learning_rate': 3.220007580734827e-05, 'epoch': 6.98}
[INFO|trainer.py:520] 2026-10-04 14:48:34,796 >> The following columns in the evaluation set  don't have a corresponding argument in `PETLEncModel.forward` and have been ignored: idx, sentence.
[INFO|trainer.py:2179] 2026-10-04 14:48:34,798 >> ***** Running Evaluation *****
[INFO|trainer.py:2181] 2026-10-04 14:48:34,798 >>   Num examples = 872
[INFO|trainer.py:2184] 2026-10-04 14:48:34,798 >>   Batch size = 32
{'eval_loss': 0.2148468941450119, 'eval_accuracy': 0.9380733944954128, 'eval_runtime': 0.4859, 'eval_samples_per_second': 1794.641, 'eval_steps_per_second': 57.626, 'epoch': 7.0}
[INFO|trainer.py:1933] 2026-10-04 14:48:35,284 >> Saving model checkpoint to checkpoints/glue/sst2/20261004/glue.sst2.lora.am_lora.ao_none.fm_none.fo_none.abn.fbn.ac_add.fl_none.finit_bert.fs_1.unfrz_ef_.ne10.warm0.06.wd0.1.seed8./checkpoint-14735
[INFO|configuration_utils.py:364] 2026-10-04 14:48:35,286 >> Configuration saved in checkpoints/glue/sst2/20261004/glue.sst2.lora.am_lora.ao_none.fm_none.fo_none.abn.fbn.ac_add.fl_none.finit_bert.fs_1.unfrz_ef_.ne10.warm0.06.wd0.1.seed8./checkpoint-14735/config.json
[INFO|modeling_utils.py:898] 2026-10-04 14:48:35,607 >> Model weights saved in checkpoints/glue/sst2/20261004/glue.sst2.lora.am_lora.ao_none.fm_none.fo_none.abn.fbn.ac_add.fl_none.finit_bert.fs_1.unfrz_ef_.ne10.warm0.06.wd0.1.seed8./checkpoint-14735/pytorch_model.bin
[INFO|tokenization_utils_base.py:1948] 2026-10-04 14:48:35,608 >> tokenizer config file saved in checkpoints/glue/sst2/20261004/glue.sst2.lora.am_lora.ao_none.fm_none.fo_none.abn.fbn.ac_add.fl_none.finit_bert.fs_1.unfrz_ef_.ne10.warm0.06.wd0.1.seed8./checkpoint-14735/tokenizer_config.json
[INFO|tokenization_utils_base.py:1954] 2026-10-04 14:48:35,609 >> Special tokens file saved in checkpoints/glue/sst2/20261004/glue.sst2.lora.am_lora.ao_none.fm_none.fo_none.abn.fbn.ac_add.fl_none.finit_bert.fs_1.unfrz_ef_.ne10.warm0.06.wd0.1.seed8./checkpoint-14735/special_tokens_map.json
[INFO|trainer.py:2009] 2026-10-04 14:48:35,675 >> Deleting older checkpoint [checkpoints/glue/sst2/20261004/glue.sst2.lora.am_lora.ao_none.fm_none.fo_none.abn.fbn.ac_add.fl_none.finit_bert.fs_1.unfrz_ef_.ne10.warm0.06.wd0.1.seed8./checkpoint-6315] due to args.save_total_limit
/work/unify-parameter-efficient-tuning/src/transformers/trainer.py:1784: FutureWarning: `torch.cuda.amp.autocast(args...)` is deprecated. Please use `torch.amp.autocast('cuda', args...)` instead.
  with autocast():
{'loss': 0.1677, 'learning_rate': 3.1947637337645934e-05, 'epoch': 7.01}
{'loss': 0.1652, 'learning_rate': 3.1695198867943604e-05, 'epoch': 7.03}
{'loss': 0.1458, 'learning_rate': 3.1442760398241275e-05, 'epoch': 7.05}
{'loss': 0.1541, 'learning_rate': 3.1190321928538946e-05, 'epoch': 7.08}
{'loss': 0.1369, 'learning_rate': 3.093788345883661e-05, 'epoch': 7.1}
{'loss': 0.1707, 'learning_rate': 3.068544498913428e-05, 'epoch': 7.13}
{'loss': 0.1575, 'learning_rate': 3.0433006519431945e-05, 'epoch': 7.15}
{'loss': 0.15, 'learning_rate': 3.0180568049729612e-05, 'epoch': 7.17}
{'loss': 0.1465, 'learning_rate': 2.9928129580027296e-05, 'epoch': 7.2}
{'loss': 0.1502, 'learning_rate': 2.9675691110324967e-05, 'epoch': 7.22}
{'loss': 0.1609, 'learning_rate': 2.9423252640622635e-05, 'epoch': 7.24}
{'loss': 0.1315, 'learning_rate': 2.9170814170920302e-05, 'epoch': 7.27}
{'loss': 0.1525, 'learning_rate': 2.891837570121797e-05, 'epoch': 7.29}
{'loss': 0.1645, 'learning_rate': 2.8665937231515637e-05, 'epoch': 7.32}
{'loss': 0.139, 'learning_rate': 2.8413498761813307e-05, 'epoch': 7.34}
{'loss': 0.1605, 'learning_rate': 2.816106029211098e-05, 'epoch': 7.36}
{'loss': 0.162, 'learning_rate': 2.7908621822408652e-05, 'epoch': 7.39}
{'loss': 0.172, 'learning_rate': 2.7656183352706327e-05, 'epoch': 7.41}
{'loss': 0.156, 'learning_rate': 2.7403744883003994e-05, 'epoch': 7.43}
{'loss': 0.1436, 'learning_rate': 2.7151306413301665e-05, 'epoch': 7.46}
{'loss': 0.1612, 'learning_rate': 2.6898867943599332e-05, 'epoch': 7.48}
{'loss': 0.1703, 'learning_rate': 2.6646429473897006e-05, 'epoch': 7.51}
{'loss': 0.1447, 'learning_rate': 2.6393991004194667e-05, 'epoch': 7.53}
{'loss': 0.1515, 'learning_rate': 2.6141552534492338e-05, 'epoch': 7.55}
{'loss': 0.1561, 'learning_rate': 2.588911406479001e-05, 'epoch': 7.58}
{'loss': 0.1538, 'learning_rate': 2.563667559508769e-05, 'epoch': 7.6}
{'loss': 0.1342, 'learning_rate': 2.5384237125385357e-05, 'epoch': 7.62}
{'loss': 0.1733, 'learning_rate': 2.5131798655683024e-05, 'epoch': 7.65}
{'loss': 0.1596, 'learning_rate': 2.4879360185980695e-05, 'epoch': 7.67}
{'loss': 0.1398, 'learning_rate': 2.4626921716278362e-05, 'epoch': 7.7}
{'loss': 0.1677, 'learning_rate': 2.4374483246576033e-05, 'epoch': 7.72}
{'loss': 0.1597, 'learning_rate': 2.4127093546267755e-05, 'epoch': 7.74}
{'loss': 0.1479, 'learning_rate': 2.3874655076565423e-05, 'epoch': 7.77}
{'loss': 0.1681, 'learning_rate': 2.3622216606863094e-05, 'epoch': 7.79}
{'loss': 0.1551, 'learning_rate': 2.336977813716076e-05, 'epoch': 7.81}
{'loss': 0.17, 'learning_rate': 2.3117339667458432e-05, 'epoch': 7.84}
{'loss': 0.161, 'learning_rate': 2.28649011977561e-05, 'epoch': 7.86}
{'loss': 0.1676, 'learning_rate': 2.261246272805377e-05, 'epoch': 7.89}
{'loss': 0.1581, 'learning_rate': 2.2360024258351437e-05, 'epoch': 7.91}
{'loss': 0.1748, 'learning_rate': 2.2107585788649118e-05, 'epoch': 7.93}
{'loss': 0.1601, 'learning_rate': 2.1855147318946786e-05, 'epoch': 7.96}
{'loss': 0.1525, 'learning_rate': 2.1602708849244456e-05, 'epoch': 7.98}
[INFO|trainer.py:520] 2026-10-04 14:49:27,517 >> The following columns in the evaluation set  don't have a corresponding argument in `PETLEncModel.forward` and have been ignored: idx, sentence.
[INFO|trainer.py:2179] 2026-10-04 14:49:27,518 >> ***** Running Evaluation *****
[INFO|trainer.py:2181] 2026-10-04 14:49:27,518 >>   Num examples = 872
[INFO|trainer.py:2184] 2026-10-04 14:49:27,518 >>   Batch size = 32
{'eval_loss': 0.21939268708229065, 'eval_accuracy': 0.9334862385321101, 'eval_runtime': 0.7901, 'eval_samples_per_second': 1103.649, 'eval_steps_per_second': 35.438, 'epoch': 8.0}
[INFO|trainer.py:1933] 2026-10-04 14:49:28,309 >> Saving model checkpoint to checkpoints/glue/sst2/20261004/glue.sst2.lora.am_lora.ao_none.fm_none.fo_none.abn.fbn.ac_add.fl_none.finit_bert.fs_1.unfrz_ef_.ne10.warm0.06.wd0.1.seed8./checkpoint-16840
[INFO|configuration_utils.py:364] 2026-10-04 14:49:28,310 >> Configuration saved in checkpoints/glue/sst2/20261004/glue.sst2.lora.am_lora.ao_none.fm_none.fo_none.abn.fbn.ac_add.fl_none.finit_bert.fs_1.unfrz_ef_.ne10.warm0.06.wd0.1.seed8./checkpoint-16840/config.json
[INFO|modeling_utils.py:898] 2026-10-04 14:49:28,605 >> Model weights saved in checkpoints/glue/sst2/20261004/glue.sst2.lora.am_lora.ao_none.fm_none.fo_none.abn.fbn.ac_add.fl_none.finit_bert.fs_1.unfrz_ef_.ne10.warm0.06.wd0.1.seed8./checkpoint-16840/pytorch_model.bin
[INFO|tokenization_utils_base.py:1948] 2026-10-04 14:49:28,606 >> tokenizer config file saved in checkpoints/glue/sst2/20261004/glue.sst2.lora.am_lora.ao_none.fm_none.fo_none.abn.fbn.ac_add.fl_none.finit_bert.fs_1.unfrz_ef_.ne10.warm0.06.wd0.1.seed8./checkpoint-16840/tokenizer_config.json
[INFO|tokenization_utils_base.py:1954] 2026-10-04 14:49:28,607 >> Special tokens file saved in checkpoints/glue/sst2/20261004/glue.sst2.lora.am_lora.ao_none.fm_none.fo_none.abn.fbn.ac_add.fl_none.finit_bert.fs_1.unfrz_ef_.ne10.warm0.06.wd0.1.seed8./checkpoint-16840/special_tokens_map.json
[INFO|trainer.py:2009] 2026-10-04 14:49:28,676 >> Deleting older checkpoint [checkpoints/glue/sst2/20261004/glue.sst2.lora.am_lora.ao_none.fm_none.fo_none.abn.fbn.ac_add.fl_none.finit_bert.fs_1.unfrz_ef_.ne10.warm0.06.wd0.1.seed8./checkpoint-12630] due to args.save_total_limit
/work/unify-parameter-efficient-tuning/src/transformers/trainer.py:1784: FutureWarning: `torch.cuda.amp.autocast(args...)` is deprecated. Please use `torch.amp.autocast('cuda', args...)` instead.
  with autocast():
{'loss': 0.177, 'learning_rate': 2.1350270379542124e-05, 'epoch': 8.0}
{'loss': 0.1509, 'learning_rate': 2.1097831909839794e-05, 'epoch': 8.03}
{'loss': 0.1388, 'learning_rate': 2.0845393440137462e-05, 'epoch': 8.05}
{'loss': 0.1793, 'learning_rate': 2.059295497043513e-05, 'epoch': 8.08}
{'loss': 0.1284, 'learning_rate': 2.03405165007328e-05, 'epoch': 8.1}
{'loss': 0.1442, 'learning_rate': 2.008807803103048e-05, 'epoch': 8.12}
{'loss': 0.1623, 'learning_rate': 1.983563956132815e-05, 'epoch': 8.15}
{'loss': 0.1438, 'learning_rate': 1.9583201091625816e-05, 'epoch': 8.17}
{'loss': 0.1455, 'learning_rate': 1.9330762621923486e-05, 'epoch': 8.19}
{'loss': 0.1633, 'learning_rate': 1.9078324152221154e-05, 'epoch': 8.22}
{'loss': 0.1596, 'learning_rate': 1.8825885682518825e-05, 'epoch': 8.24}
{'loss': 0.1382, 'learning_rate': 1.8573447212816492e-05, 'epoch': 8.27}
{'loss': 0.1566, 'learning_rate': 1.8321008743114163e-05, 'epoch': 8.29}
{'loss': 0.1725, 'learning_rate': 1.806857027341183e-05, 'epoch': 8.31}
{'loss': 0.1496, 'learning_rate': 1.781613180370951e-05, 'epoch': 8.34}
{'loss': 0.1356, 'learning_rate': 1.756369333400718e-05, 'epoch': 8.36}
{'loss': 0.1438, 'learning_rate': 1.731125486430485e-05, 'epoch': 8.38}
{'loss': 0.1616, 'learning_rate': 1.7058816394602517e-05, 'epoch': 8.41}
{'loss': 0.1958, 'learning_rate': 1.6806377924900187e-05, 'epoch': 8.43}
{'loss': 0.1425, 'learning_rate': 1.6553939455197855e-05, 'epoch': 8.46}
{'loss': 0.1596, 'learning_rate': 1.6301500985495522e-05, 'epoch': 8.48}
{'loss': 0.1447, 'learning_rate': 1.6049062515793193e-05, 'epoch': 8.5}
{'loss': 0.1308, 'learning_rate': 1.5796624046090874e-05, 'epoch': 8.53}
{'loss': 0.149, 'learning_rate': 1.554418557638854e-05, 'epoch': 8.55}
{'loss': 0.1569, 'learning_rate': 1.5291747106686212e-05, 'epoch': 8.57}
{'loss': 0.1341, 'learning_rate': 1.5039308636983881e-05, 'epoch': 8.6}
{'loss': 0.1389, 'learning_rate': 1.478687016728155e-05, 'epoch': 8.62}
{'loss': 0.1616, 'learning_rate': 1.453443169757922e-05, 'epoch': 8.65}
{'loss': 0.1435, 'learning_rate': 1.4281993227876888e-05, 'epoch': 8.67}
{'loss': 0.1554, 'learning_rate': 1.4029554758174557e-05, 'epoch': 8.69}
{'loss': 0.1592, 'learning_rate': 1.3777116288472225e-05, 'epoch': 8.72}
{'loss': 0.1577, 'learning_rate': 1.3524677818769907e-05, 'epoch': 8.74}
{'loss': 0.1554, 'learning_rate': 1.3272239349067575e-05, 'epoch': 8.76}
{'loss': 0.1396, 'learning_rate': 1.3019800879365244e-05, 'epoch': 8.79}
{'loss': 0.1546, 'learning_rate': 1.2767362409662911e-05, 'epoch': 8.81}
{'loss': 0.1688, 'learning_rate': 1.251492393996058e-05, 'epoch': 8.84}
{'loss': 0.1264, 'learning_rate': 1.226248547025825e-05, 'epoch': 8.86}
{'loss': 0.1566, 'learning_rate': 1.2010047000555918e-05, 'epoch': 8.88}
{'loss': 0.1472, 'learning_rate': 1.1757608530853587e-05, 'epoch': 8.91}
{'loss': 0.1525, 'learning_rate': 1.1505170061151267e-05, 'epoch': 8.93}
{'loss': 0.1542, 'learning_rate': 1.1252731591448936e-05, 'epoch': 8.95}
{'loss': 0.1511, 'learning_rate': 1.1000293121746605e-05, 'epoch': 8.98}
[INFO|trainer.py:520] 2026-10-04 14:50:26,031 >> The following columns in the evaluation set  don't have a corresponding argument in `PETLEncModel.forward` and have been ignored: idx, sentence.
[INFO|trainer.py:2179] 2026-10-04 14:50:26,033 >> ***** Running Evaluation *****
[INFO|trainer.py:2181] 2026-10-04 14:50:26,033 >>   Num examples = 872
[INFO|trainer.py:2184] 2026-10-04 14:50:26,033 >>   Batch size = 32
{'eval_loss': 0.22271832823753357, 'eval_accuracy': 0.9392201834862385, 'eval_runtime': 0.7321, 'eval_samples_per_second': 1191.147, 'eval_steps_per_second': 38.248, 'epoch': 9.0}
[INFO|trainer.py:1933] 2026-10-04 14:50:26,766 >> Saving model checkpoint to checkpoints/glue/sst2/20261004/glue.sst2.lora.am_lora.ao_none.fm_none.fo_none.abn.fbn.ac_add.fl_none.finit_bert.fs_1.unfrz_ef_.ne10.warm0.06.wd0.1.seed8./checkpoint-18945
[INFO|configuration_utils.py:364] 2026-10-04 14:50:26,767 >> Configuration saved in checkpoints/glue/sst2/20261004/glue.sst2.lora.am_lora.ao_none.fm_none.fo_none.abn.fbn.ac_add.fl_none.finit_bert.fs_1.unfrz_ef_.ne10.warm0.06.wd0.1.seed8./checkpoint-18945/config.json
[INFO|modeling_utils.py:898] 2026-10-04 14:50:27,000 >> Model weights saved in checkpoints/glue/sst2/20261004/glue.sst2.lora.am_lora.ao_none.fm_none.fo_none.abn.fbn.ac_add.fl_none.finit_bert.fs_1.unfrz_ef_.ne10.warm0.06.wd0.1.seed8./checkpoint-18945/pytorch_model.bin
[INFO|tokenization_utils_base.py:1948] 2026-10-04 14:50:27,001 >> tokenizer config file saved in checkpoints/glue/sst2/20261004/glue.sst2.lora.am_lora.ao_none.fm_none.fo_none.abn.fbn.ac_add.fl_none.finit_bert.fs_1.unfrz_ef_.ne10.warm0.06.wd0.1.seed8./checkpoint-18945/tokenizer_config.json
[INFO|tokenization_utils_base.py:1954] 2026-10-04 14:50:27,002 >> Special tokens file saved in checkpoints/glue/sst2/20261004/glue.sst2.lora.am_lora.ao_none.fm_none.fo_none.abn.fbn.ac_add.fl_none.finit_bert.fs_1.unfrz_ef_.ne10.warm0.06.wd0.1.seed8./checkpoint-18945/special_tokens_map.json
[INFO|trainer.py:2009] 2026-10-04 14:50:27,060 >> Deleting older checkpoint [checkpoints/glue/sst2/20261004/glue.sst2.lora.am_lora.ao_none.fm_none.fo_none.abn.fbn.ac_add.fl_none.finit_bert.fs_1.unfrz_ef_.ne10.warm0.06.wd0.1.seed8./checkpoint-14735] due to args.save_total_limit
/work/unify-parameter-efficient-tuning/src/transformers/trainer.py:1784: FutureWarning: `torch.cuda.amp.autocast(args...)` is deprecated. Please use `torch.amp.autocast('cuda', args...)` instead.
  with autocast():
{'loss': 0.1704, 'learning_rate': 1.0752903421438317e-05, 'epoch': 9.0}
{'loss': 0.1173, 'learning_rate': 1.0500464951735986e-05, 'epoch': 9.03}
{'loss': 0.164, 'learning_rate': 1.0248026482033655e-05, 'epoch': 9.05}
{'loss': 0.1608, 'learning_rate': 9.995588012331335e-06, 'epoch': 9.07}
{'loss': 0.1526, 'learning_rate': 9.743149542629004e-06, 'epoch': 9.1}
{'loss': 0.1482, 'learning_rate': 9.490711072926673e-06, 'epoch': 9.12}
{'loss': 0.1392, 'learning_rate': 9.238272603224342e-06, 'epoch': 9.14}
{'loss': 0.1431, 'learning_rate': 8.98583413352201e-06, 'epoch': 9.17}
{'loss': 0.149, 'learning_rate': 8.733395663819678e-06, 'epoch': 9.19}
{'loss': 0.169, 'learning_rate': 8.480957194117347e-06, 'epoch': 9.22}
{'loss': 0.1305, 'learning_rate': 8.228518724415016e-06, 'epoch': 9.24}
{'loss': 0.1313, 'learning_rate': 7.976080254712697e-06, 'epoch': 9.26}
{'loss': 0.1372, 'learning_rate': 7.723641785010365e-06, 'epoch': 9.29}
{'loss': 0.1646, 'learning_rate': 7.471203315308034e-06, 'epoch': 9.31}
{'loss': 0.1418, 'learning_rate': 7.218764845605702e-06, 'epoch': 9.33}
{'loss': 0.1591, 'learning_rate': 6.96632637590337e-06, 'epoch': 9.36}
{'loss': 0.1499, 'learning_rate': 6.71388790620104e-06, 'epoch': 9.38}
{'loss': 0.1259, 'learning_rate': 6.461449436498709e-06, 'epoch': 9.41}
{'loss': 0.1376, 'learning_rate': 6.209010966796377e-06, 'epoch': 9.43}
{'loss': 0.1581, 'learning_rate': 5.9565724970940464e-06, 'epoch': 9.45}
{'loss': 0.173, 'learning_rate': 5.7041340273917265e-06, 'epoch': 9.48}
{'loss': 0.1481, 'learning_rate': 5.451695557689396e-06, 'epoch': 9.5}
{'loss': 0.1769, 'learning_rate': 5.199257087987065e-06, 'epoch': 9.52}
{'loss': 0.1362, 'learning_rate': 4.946818618284733e-06, 'epoch': 9.55}
{'loss': 0.1179, 'learning_rate': 4.694380148582402e-06, 'epoch': 9.57}
{'loss': 0.1548, 'learning_rate': 4.441941678880071e-06, 'epoch': 9.6}
{'loss': 0.1449, 'learning_rate': 4.18950320917774e-06, 'epoch': 9.62}
{'loss': 0.1257, 'learning_rate': 3.937064739475408e-06, 'epoch': 9.64}
{'loss': 0.143, 'learning_rate': 3.684626269773089e-06, 'epoch': 9.67}
{'loss': 0.157, 'learning_rate': 3.4321878000707575e-06, 'epoch': 9.69}
{'loss': 0.1539, 'learning_rate': 3.179749330368426e-06, 'epoch': 9.71}
{'loss': 0.1545, 'learning_rate': 2.927310860666095e-06, 'epoch': 9.74}
{'loss': 0.1635, 'learning_rate': 2.6748723909637643e-06, 'epoch': 9.76}
{'loss': 0.1588, 'learning_rate': 2.422433921261433e-06, 'epoch': 9.79}
{'loss': 0.1639, 'learning_rate': 2.169995451559102e-06, 'epoch': 9.81}
{'loss': 0.1301, 'learning_rate': 1.9175569818567706e-06, 'epoch': 9.83}
{'loss': 0.1577, 'learning_rate': 1.6651185121544395e-06, 'epoch': 9.86}
{'loss': 0.1446, 'learning_rate': 1.4126800424521198e-06, 'epoch': 9.88}
{'loss': 0.1275, 'learning_rate': 1.1602415727497884e-06, 'epoch': 9.9}
{'loss': 0.1472, 'learning_rate': 9.078031030474573e-07, 'epoch': 9.93}
{'loss': 0.166, 'learning_rate': 6.553646333451263e-07, 'epoch': 9.95}
{'loss': 0.1405, 'learning_rate': 4.0292616364279517e-07, 'epoch': 9.98}
{'loss': 0.1582, 'learning_rate': 1.50487693940464e-07, 'epoch': 10.0}
[INFO|trainer.py:520] 2026-10-04 14:51:26,226 >> The following columns in the evaluation set  don't have a corresponding argument in `PETLEncModel.forward` and have been ignored: idx, sentence.
[INFO|trainer.py:2179] 2026-10-04 14:51:26,228 >> ***** Running Evaluation *****
[INFO|trainer.py:2181] 2026-10-04 14:51:26,228 >>   Num examples = 872
[INFO|trainer.py:2184] 2026-10-04 14:51:26,228 >>   Batch size = 32
{'eval_loss': 0.22218531370162964, 'eval_accuracy': 0.9357798165137615, 'eval_runtime': 0.7679, 'eval_samples_per_second': 1135.513, 'eval_steps_per_second': 36.461, 'epoch': 10.0}
[INFO|trainer.py:1933] 2026-10-04 14:51:26,998 >> Saving model checkpoint to checkpoints/glue/sst2/20261004/glue.sst2.lora.am_lora.ao_none.fm_none.fo_none.abn.fbn.ac_add.fl_none.finit_bert.fs_1.unfrz_ef_.ne10.warm0.06.wd0.1.seed8./checkpoint-21050
[INFO|configuration_utils.py:364] 2026-10-04 14:51:27,000 >> Configuration saved in checkpoints/glue/sst2/20261004/glue.sst2.lora.am_lora.ao_none.fm_none.fo_none.abn.fbn.ac_add.fl_none.finit_bert.fs_1.unfrz_ef_.ne10.warm0.06.wd0.1.seed8./checkpoint-21050/config.json
[INFO|modeling_utils.py:898] 2026-10-04 14:51:27,265 >> Model weights saved in checkpoints/glue/sst2/20261004/glue.sst2.lora.am_lora.ao_none.fm_none.fo_none.abn.fbn.ac_add.fl_none.finit_bert.fs_1.unfrz_ef_.ne10.warm0.06.wd0.1.seed8./checkpoint-21050/pytorch_model.bin
[INFO|tokenization_utils_base.py:1948] 2026-10-04 14:51:27,266 >> tokenizer config file saved in checkpoints/glue/sst2/20261004/glue.sst2.lora.am_lora.ao_none.fm_none.fo_none.abn.fbn.ac_add.fl_none.finit_bert.fs_1.unfrz_ef_.ne10.warm0.06.wd0.1.seed8./checkpoint-21050/tokenizer_config.json
[INFO|tokenization_utils_base.py:1954] 2026-10-04 14:51:27,266 >> Special tokens file saved in checkpoints/glue/sst2/20261004/glue.sst2.lora.am_lora.ao_none.fm_none.fo_none.abn.fbn.ac_add.fl_none.finit_bert.fs_1.unfrz_ef_.ne10.warm0.06.wd0.1.seed8./checkpoint-21050/special_tokens_map.json
[INFO|trainer.py:2009] 2026-10-04 14:51:27,327 >> Deleting older checkpoint [checkpoints/glue/sst2/20261004/glue.sst2.lora.am_lora.ao_none.fm_none.fo_none.abn.fbn.ac_add.fl_none.finit_bert.fs_1.unfrz_ef_.ne10.warm0.06.wd0.1.seed8./checkpoint-16840] due to args.save_total_limit
[INFO|trainer.py:1382] 2026-10-04 14:51:27,331 >> 

Training completed. Do not forget to share your model on huggingface.co/models =)


[INFO|trainer.py:1390] 2026-10-04 14:51:27,331 >> Loading best model from checkpoints/glue/sst2/20261004/glue.sst2.lora.am_lora.ao_none.fm_none.fo_none.abn.fbn.ac_add.fl_none.finit_bert.fs_1.unfrz_ef_.ne10.warm0.06.wd0.1.seed8./checkpoint-18945 (score: 0.9392201834862385).
{'train_runtime': 532.4162, 'train_samples_per_second': 1264.969, 'train_steps_per_second': 39.537, 'train_loss': 0.19723700140547581, 'epoch': 10.0}
[INFO|trainer.py:1933] 2026-10-04 14:51:27,731 >> Saving model checkpoint to checkpoints/glue/sst2/20261004/glue.sst2.lora.am_lora.ao_none.fm_none.fo_none.abn.fbn.ac_add.fl_none.finit_bert.fs_1.unfrz_ef_.ne10.warm0.06.wd0.1.seed8.
[INFO|configuration_utils.py:364] 2026-10-04 14:51:27,733 >> Configuration saved in checkpoints/glue/sst2/20261004/glue.sst2.lora.am_lora.ao_none.fm_none.fo_none.abn.fbn.ac_add.fl_none.finit_bert.fs_1.unfrz_ef_.ne10.warm0.06.wd0.1.seed8./config.json
[INFO|modeling_utils.py:898] 2026-10-04 14:51:27,959 >> Model weights saved in checkpoints/glue/sst2/20261004/glue.sst2.lora.am_lora.ao_none.fm_none.fo_none.abn.fbn.ac_add.fl_none.finit_bert.fs_1.unfrz_ef_.ne10.warm0.06.wd0.1.seed8./pytorch_model.bin
[INFO|tokenization_utils_base.py:1948] 2026-10-04 14:51:27,963 >> tokenizer config file saved in checkpoints/glue/sst2/20261004/glue.sst2.lora.am_lora.ao_none.fm_none.fo_none.abn.fbn.ac_add.fl_none.finit_bert.fs_1.unfrz_ef_.ne10.warm0.06.wd0.1.seed8./tokenizer_config.json
[INFO|tokenization_utils_base.py:1954] 2026-10-04 14:51:27,963 >> Special tokens file saved in checkpoints/glue/sst2/20261004/glue.sst2.lora.am_lora.ao_none.fm_none.fo_none.abn.fbn.ac_add.fl_none.finit_bert.fs_1.unfrz_ef_.ne10.warm0.06.wd0.1.seed8./special_tokens_map.json
***** train metrics *****
  epoch                    =       10.0
  train_loss               =     0.1972
  train_runtime            = 0:08:52.41
  train_samples            =      67349
  train_samples_per_second =   1264.969
  train_steps_per_second   =     39.537
10/04/2026 14:51:28 - INFO - __main__ -   *** Evaluate ***
[INFO|trainer.py:520] 2026-10-04 14:51:28,017 >> The following columns in the evaluation set  don't have a corresponding argument in `PETLEncModel.forward` and have been ignored: idx, sentence.
[INFO|trainer.py:2179] 2026-10-04 14:51:28,018 >> ***** Running Evaluation *****
[INFO|trainer.py:2181] 2026-10-04 14:51:28,018 >>   Num examples = 872
[INFO|trainer.py:2184] 2026-10-04 14:51:28,018 >>   Batch size = 32
{'eval_loss': 0.22271832823753357, 'eval_accuracy': 0.9392201834862385, 'eval_runtime': 0.7712, 'eval_samples_per_second': 1130.729, 'eval_steps_per_second': 36.308, 'epoch': 10.0}
***** eval metrics *****
  epoch                   =       10.0
  eval_accuracy           =     0.9392
  eval_loss               =     0.2227
  eval_runtime            = 0:00:00.77
  eval_samples            =        872
  eval_samples_per_second =   1130.729
  eval_steps_per_second   =     36.308
